Archive member included to satisfy reference by file (symbol)

c:/nxp/mcuxpressoide_10.2.0_759/ide/tools/bin/../lib/gcc/arm-none-eabi/7.2.1/../../../../arm-none-eabi/lib/thumb/v7e-m/fpv4-sp/hard\libcr_semihost_nf.a(_cr__main.o)
                              ./startup/startup_mk64f12.o (__main)
c:/nxp/mcuxpressoide_10.2.0_759/ide/tools/bin/../lib/gcc/arm-none-eabi/7.2.1/../../../../arm-none-eabi/lib/thumb/v7e-m/fpv4-sp/hard\libcr_semihost_nf.a(_cr_assert.o)
                              ./utilities/fsl_debug_console.o (__assertion_failed)
c:/nxp/mcuxpressoide_10.2.0_759/ide/tools/bin/../lib/gcc/arm-none-eabi/7.2.1/../../../../arm-none-eabi/lib/thumb/v7e-m/fpv4-sp/hard\libcr_semihost_nf.a(__ciob.o)
                              c:/nxp/mcuxpressoide_10.2.0_759/ide/tools/bin/../lib/gcc/arm-none-eabi/7.2.1/../../../../arm-none-eabi/lib/thumb/v7e-m/fpv4-sp/hard\libcr_semihost_nf.a(_cr_assert.o) (__Ciob)
c:/nxp/mcuxpressoide_10.2.0_759/ide/tools/bin/../lib/gcc/arm-none-eabi/7.2.1/../../../../arm-none-eabi/lib/thumb/v7e-m/fpv4-sp/hard\libcr_semihost_nf.a(__sys_appexit.o)
                              c:/nxp/mcuxpressoide_10.2.0_759/ide/tools/bin/../lib/gcc/arm-none-eabi/7.2.1/../../../../arm-none-eabi/lib/thumb/v7e-m/fpv4-sp/hard\libcr_semihost_nf.a(_cr_assert.o) (__sys_appexit)
c:/nxp/mcuxpressoide_10.2.0_759/ide/tools/bin/../lib/gcc/arm-none-eabi/7.2.1/../../../../arm-none-eabi/lib/thumb/v7e-m/fpv4-sp/hard\libcr_c.a(memcpy.o)
                              ./drivers/fsl_ftfx_cache.o (memcpy)
c:/nxp/mcuxpressoide_10.2.0_759/ide/tools/bin/../lib/gcc/arm-none-eabi/7.2.1/../../../../arm-none-eabi/lib/thumb/v7e-m/fpv4-sp/hard\libcr_c.a(memset.o)
                              ./drivers/fsl_ftfx_cache.o (memset)
c:/nxp/mcuxpressoide_10.2.0_759/ide/tools/bin/../lib/gcc/arm-none-eabi/7.2.1/../../../../arm-none-eabi/lib/thumb/v7e-m/fpv4-sp/hard\libcr_c.a(_deferredlazyseek.o)
                              c:/nxp/mcuxpressoide_10.2.0_759/ide/tools/bin/../lib/gcc/arm-none-eabi/7.2.1/../../../../arm-none-eabi/lib/thumb/v7e-m/fpv4-sp/hard\libcr_semihost_nf.a(_cr_assert.o) (__flsbuf)
c:/nxp/mcuxpressoide_10.2.0_759/ide/tools/bin/../lib/gcc/arm-none-eabi/7.2.1/../../../../arm-none-eabi/lib/thumb/v7e-m/fpv4-sp/hard\libcr_c.a(_fflush.o)
                              c:/nxp/mcuxpressoide_10.2.0_759/ide/tools/bin/../lib/gcc/arm-none-eabi/7.2.1/../../../../arm-none-eabi/lib/thumb/v7e-m/fpv4-sp/hard\libcr_c.a(_deferredlazyseek.o) (_fflush)
c:/nxp/mcuxpressoide_10.2.0_759/ide/tools/bin/../lib/gcc/arm-none-eabi/7.2.1/../../../../arm-none-eabi/lib/thumb/v7e-m/fpv4-sp/hard\libcr_c.a(_writebuf.o)
                              c:/nxp/mcuxpressoide_10.2.0_759/ide/tools/bin/../lib/gcc/arm-none-eabi/7.2.1/../../../../arm-none-eabi/lib/thumb/v7e-m/fpv4-sp/hard\libcr_c.a(_deferredlazyseek.o) (_Cwritebuf)
c:/nxp/mcuxpressoide_10.2.0_759/ide/tools/bin/../lib/gcc/arm-none-eabi/7.2.1/../../../../arm-none-eabi/lib/thumb/v7e-m/fpv4-sp/hard\libcr_c.a(alloc.o)
                              ./drivers/fsl_common.o (malloc)
c:/nxp/mcuxpressoide_10.2.0_759/ide/tools/bin/../lib/gcc/arm-none-eabi/7.2.1/../../../../arm-none-eabi/lib/thumb/v7e-m/fpv4-sp/hard\libcr_c.a(fputs.o)
                              c:/nxp/mcuxpressoide_10.2.0_759/ide/tools/bin/../lib/gcc/arm-none-eabi/7.2.1/../../../../arm-none-eabi/lib/thumb/v7e-m/fpv4-sp/hard\libcr_semihost_nf.a(_cr_assert.o) (fputs)
c:/nxp/mcuxpressoide_10.2.0_759/ide/tools/bin/../lib/gcc/arm-none-eabi/7.2.1/../../../../arm-none-eabi/lib/thumb/v7e-m/fpv4-sp/hard\libcr_c.a(fseek.o)
                              c:/nxp/mcuxpressoide_10.2.0_759/ide/tools/bin/../lib/gcc/arm-none-eabi/7.2.1/../../../../arm-none-eabi/lib/thumb/v7e-m/fpv4-sp/hard\libcr_c.a(_deferredlazyseek.o) (fseek)
c:/nxp/mcuxpressoide_10.2.0_759/ide/tools/bin/../lib/gcc/arm-none-eabi/7.2.1/../../../../arm-none-eabi/lib/thumb/v7e-m/fpv4-sp/hard\libcr_c.a(ftell.o)
                              c:/nxp/mcuxpressoide_10.2.0_759/ide/tools/bin/../lib/gcc/arm-none-eabi/7.2.1/../../../../arm-none-eabi/lib/thumb/v7e-m/fpv4-sp/hard\libcr_c.a(fseek.o) (ftell)
c:/nxp/mcuxpressoide_10.2.0_759/ide/tools/bin/../lib/gcc/arm-none-eabi/7.2.1/../../../../arm-none-eabi/lib/thumb/v7e-m/fpv4-sp/hard\libcr_c.a(initio.o)
                              c:/nxp/mcuxpressoide_10.2.0_759/ide/tools/bin/../lib/gcc/arm-none-eabi/7.2.1/../../../../arm-none-eabi/lib/thumb/v7e-m/fpv4-sp/hard\libcr_semihost_nf.a(_cr__main.o) (_initio)
c:/nxp/mcuxpressoide_10.2.0_759/ide/tools/bin/../lib/gcc/arm-none-eabi/7.2.1/../../../../arm-none-eabi/lib/thumb/v7e-m/fpv4-sp/hard\libcr_c.a(printf.o)
                              ./utilities/fsl_assert.o (_printf)
c:/nxp/mcuxpressoide_10.2.0_759/ide/tools/bin/../lib/gcc/arm-none-eabi/7.2.1/../../../../arm-none-eabi/lib/thumb/v7e-m/fpv4-sp/hard\libcr_c.a(setvbuf.o)
[...]
Memory Configuration

Name             Origin             Length             Attributes
PROGRAM_FLASH    0x00000000         0x00100000         xr
SRAM_UPPER       0x20000000         0x00030000         xrw
SRAM_LOWER       0x1fff0000         0x00010000         xrw
FLEX_RAM         0x14000000         0x00001000         xrw
*default*        0x00000000         0xffffffff

Linker script and memory map

LOAD ./utilities/fsl_assert.o
LOAD ./utilities/fsl_debug_console.o
LOAD ./utilities/fsl_io.o
LOAD ./utilities/fsl_log.o
LOAD ./utilities/fsl_str.o
LOAD ./startup/startup_mk64f12.o
LOAD ./source/freertos_event.o
LOAD ./source/semihost_hardfault.o
LOAD ./drivers/fsl_clock.o
LOAD ./drivers/fsl_common.o
LOAD ./drivers/fsl_ftfx_cache.o
LOAD ./drivers/fsl_ftfx_controller.o
LOAD ./drivers/fsl_ftfx_flash.o
LOAD ./drivers/fsl_ftfx_flexnvm.o
LOAD ./drivers/fsl_gpio.o
LOAD ./drivers/fsl_smc.o
LOAD ./drivers/fsl_uart.o
LOAD ./board/src/board.o
LOAD ./board/src/clock_config.o
LOAD ./board/peripherals.o
LOAD ./board/pin_mux.o
LOAD ./amazon-freertos/portable/fsl_tickless_systick.o
LOAD ./amazon-freertos/FreeRTOS/portable/heap_4.o
LOAD ./amazon-freertos/FreeRTOS/portable/port.o
LOAD ./amazon-freertos/FreeRTOS/event_groups.o
LOAD ./amazon-freertos/FreeRTOS/list.o
LOAD ./amazon-freertos/FreeRTOS/queue.o
LOAD ./amazon-freertos/FreeRTOS/stream_buffer.o
LOAD ./amazon-freertos/FreeRTOS/tasks.o
LOAD ./amazon-freertos/FreeRTOS/timers.o
LOAD ./CMSIS/system_MK64F12.o
START GROUP
LOAD c:/nxp/mcuxpressoide_10.2.0_759/ide/tools/bin/../lib/gcc/arm-none-eabi/7.2.1/../../../../arm-none-eabi/lib/thumb/v7e-m/fpv4-sp/hard\libcr_semihost_nf.a
LOAD c:/nxp/mcuxpressoide_10.2.0_759/ide/tools/bin/../lib/gcc/arm-none-eabi/7.2.1/../../../../arm-none-eabi/lib/thumb/v7e-m/fpv4-sp/hard\libcr_c.a
LOAD c:/nxp/mcuxpressoide_10.2.0_759/ide/tools/bin/../lib/gcc/arm-none-eabi/7.2.1/thumb/v7e-m/fpv4-sp/hard\libcr_eabihelpers.a
END GROUP
                0x00000000                __base_PROGRAM_FLASH = 0x0
                0x00000000                __base_Flash = 0x0
                0x00100000                __top_PROGRAM_FLASH = 0x100000
                0x00100000                __top_Flash = 0x100000
                0x20000000                __base_SRAM_UPPER = 0x20000000
                0x20000000                __base_RAM = 0x20000000
                0x20030000                __top_SRAM_UPPER = 0x20030000
                0x20030000                __top_RAM = 0x20030000
                0x1fff0000                __base_SRAM_LOWER = 0x1fff0000
                0x1fff0000                __base_RAM2 = 0x1fff0000
                0x20000000                __top_SRAM_LOWER = 0x20000000
                0x20000000                __top_RAM2 = 0x20000000
                0x14000000                __base_FLEX_RAM = 0x14000000
                0x14000000                __base_RAM3 = 0x14000000
                0x14001000                __top_FLEX_RAM = 0x14001000
                0x14001000                __top_RAM3 = 0x14001000

.text           0x00000000     0x6080
 FILL mask 0xff
                0x00000000                __vectors_start__ = ABSOLUTE (.)
 *(SORT_BY_ALIGNMENT(.isr_vector))
 .isr_vector    0x00000000      0x198 ./startup/startup_mk64f12.o
                0x00000000                g_pfnVectors
                0x00000000                __Vectors
                0x00000198                . = ALIGN (0x4)
                0x00000198                __section_table_start = .
                0x00000198                __data_section_table = .
                0x00000198        0x4 LONG 0x6080 LOADADDR (.data)
                0x0000019c        0x4 LONG 0x20000000 ADDR (.data)
                0x000001a0        0x4 LONG 0x10 SIZEOF (.data)
                0x000001a4        0x4 LONG 0x6080 LOADADDR (.data_RAM2)
                0x000001a8        0x4 LONG 0x1fff0000 ADDR (.data_RAM2)
                0x000001ac        0x4 LONG 0x0 SIZEOF (.data_RAM2)
                0x000001b0        0x4 LONG 0x6080 LOADADDR (.data_RAM3)
                0x000001b4        0x4 LONG 0x14000000 ADDR (.data_RAM3)
                0x000001b8        0x4 LONG 0x0 SIZEOF (.data_RAM3)
                0x000001bc                __data_section_table_end = .
                0x000001bc                __bss_section_table = .
                0x000001bc        0x4 LONG 0x20000010 ADDR (.bss)
                0x000001c0        0x4 LONG 0x2a90 SIZEOF (.bss)
                0x000001c4        0x4 LONG 0x1fff0000 ADDR (.bss_RAM2)
                0x000001c8        0x4 LONG 0x0 SIZEOF (.bss_RAM2)
                0x000001cc        0x4 LONG 0x14000000 ADDR (.bss_RAM3)
                0x000001d0        0x4 LONG 0x0 SIZEOF (.bss_RAM3)
                0x000001d4                __bss_section_table_end = .
                0x000001d4                __section_table_end = .
 *(SORT_BY_ALIGNMENT(.after_vectors*))
 .after_vectors.reset
                0x000001d4       0x4c ./startup/startup_mk64f12.o
                0x000001d4                ResetISR
 .after_vectors.init_data
                0x00000220       0x1e ./startup/startup_mk64f12.o
                0x00000220                data_init
 .after_vectors.init_bss
                0x0000023e       0x12 ./startup/startup_mk64f12.o
                0x0000023e                bss_init
 .after_vectors
                0x00000250       0x14 ./startup/startup_mk64f12.o
                0x00000250                NMI_Handler
                0x00000254                MemManage_Handler
                0x00000256                BusFault_Handler
                0x00000258                UsageFault_Handler
                0x0000025c                DebugMon_Handler
                0x00000262                LPTMR0_DriverIRQHandler
                0x00000262                DMA_Error_DriverIRQHandler
                0x00000262                SPI1_DriverIRQHandler
                0x00000262                FTM1_DriverIRQHandler
                0x00000262                FTM2_DriverIRQHandler
                0x00000262                PIT2_DriverIRQHandler
                0x00000262                SDHC_DriverIRQHandler
                0x00000262                I2S0_Tx_DriverIRQHandler
                0x00000262                RTC_Seconds_DriverIRQHandler
                0x00000262                DMA6_DriverIRQHandler
                0x00000262                LLWU_DriverIRQHandler
                0x00000262                MCM_DriverIRQHandler
                0x00000262                MCG_DriverIRQHandler
                0x00000262                ENET_1588_Timer_DriverIRQHandler
                0x00000262                I2C2_DriverIRQHandler
                0x00000262                DAC1_DriverIRQHandler
                0x00000262                DMA12_DriverIRQHandler
                0x00000262                CMP1_DriverIRQHandler
                0x00000262                FTM0_DriverIRQHandler
                0x00000262                IntDefaultHandler
                0x00000262                USB0_DriverIRQHandler
                0x00000262                UART5_ERR_DriverIRQHandler
                0x00000262                PORTC_DriverIRQHandler
                0x00000262                DMA11_DriverIRQHandler
                0x00000262                DAC0_DriverIRQHandler
                0x00000262                DMA10_DriverIRQHandler
                0x00000262                CMP2_DriverIRQHandler
                0x00000262                UART2_ERR_DriverIRQHandler
                0x00000262                SPI2_DriverIRQHandler
                0x00000262                LVD_LVW_DriverIRQHandler
                0x00000262                PIT0_DriverIRQHandler
                0x00000262                PORTB_DriverIRQHandler
                0x00000262                DMA5_DriverIRQHandler
                0x00000262                DMA4_DriverIRQHandler
                0x00000262                USBDCD_DriverIRQHandler
                0x00000262                UART3_ERR_DriverIRQHandler
                0x00000262                DMA3_DriverIRQHandler
                0x00000262                DMA8_DriverIRQHandler
                0x00000262                DMA9_DriverIRQHandler
                0x00000262                UART0_ERR_DriverIRQHandler
                0x00000262                CMT_DriverIRQHandler
                0x00000262                Reserved71_DriverIRQHandler
                0x00000262                ADC1_DriverIRQHandler
                0x00000262                PORTA_DriverIRQHandler
                0x00000262                DMA14_DriverIRQHandler
                0x00000262                PIT3_DriverIRQHandler
                0x00000262                PIT1_DriverIRQHandler
                0x00000262                WDOG_EWM_DriverIRQHandler
                0x00000262                PDB0_DriverIRQHandler
                0x00000262                RTC_DriverIRQHandler
                0x00000262                I2S0_Rx_DriverIRQHandler
                0x00000262                Read_Collision_DriverIRQHandler
                0x00000262                SWI_DriverIRQHandler
                0x00000262                UART4_ERR_DriverIRQHandler
                0x00000262                DMA0_DriverIRQHandler
                0x00000262                UART0_LON_DriverIRQHandler
                0x00000262                DMA1_DriverIRQHandler
                0x00000262                I2C1_DriverIRQHandler
                0x00000262                ENET_Receive_DriverIRQHandler
                0x00000262                DMA13_DriverIRQHandler
                0x00000262                ENET_Error_DriverIRQHandler
                0x00000262                DMA15_DriverIRQHandler
                0x00000262                SPI0_DriverIRQHandler
                0x00000262                ADC0_DriverIRQHandler
                0x00000262                CMP0_DriverIRQHandler
                0x00000262                CAN0_DriverIRQHandler
                0x00000262                FTM3_DriverIRQHandler
                0x00000262                RNG_DriverIRQHandler
                0x00000262                UART1_ERR_DriverIRQHandler
                0x00000262                DMA2_DriverIRQHandler
                0x00000262                ENET_Transmit_DriverIRQHandler
                0x00000262                PORTD_DriverIRQHandler
                0x00000262                PORTE_DriverIRQHandler
                0x00000262                FTFE_DriverIRQHandler
                0x00000262                I2C0_DriverIRQHandler
                0x00000262                DMA7_DriverIRQHandler
                0x00000400                . = 0x400
 *fill*         0x00000264      0x19c ff
                0x00000400                PROVIDE (__FLASH_CONFIG_START__, .)
 *(SORT_BY_ALIGNMENT(.FlashConfig))
 .FlashConfig   0x00000400       0x10 ./startup/startup_mk64f12.o
                0x00000400                Flash_Config
                0x00000410                PROVIDE (__FLASH_CONFIG_END__, .)
                0x00000001                ASSERT (! ((__FLASH_CONFIG_START__ == __FLASH_CONFIG_END__)), Linker Flash Config Support Enabled, but no .FlashConfig section provided within application)
 *(SORT_BY_ALIGNMENT(.text*))
 .text.SVC_Handler
                0x00000410       0x28 ./amazon-freertos/FreeRTOS/portable/port.o
                0x00000410                SVC_Handler
 *fill*         0x00000438        0x8 ff
 .text.PendSV_Handler
                0x00000440       0x68 ./amazon-freertos/FreeRTOS/portable/port.o
                0x00000440                PendSV_Handler
 .text.DbgConsole_Init
                0x000004a8       0x38 ./utilities/fsl_debug_console.o
                0x000004a8                DbgConsole_Init
 .text.IO_Init  0x000004e0       0x80 ./utilities/fsl_io.o
                0x000004e0                IO_Init
 .text.main     0x00000560       0xfc ./source/freertos_event.o
                0x00000560                main
 .text.write_task_1
                0x0000065c       0x30 ./source/freertos_event.o
 .text.write_task_2
                0x0000068c       0x30 ./source/freertos_event.o
 .text.write_task_3
                0x000006bc       0x30 ./source/freertos_event.o
 .text.write_task_4
                0x000006ec       0x30 ./source/freertos_event.o
 .text.read_task
                0x0000071c       0x64 ./source/freertos_event.o
 .text.CLOCK_SetEr32kClock
                0x00000780       0x30 ./drivers/fsl_clock.o
 .text.CLOCK_SetPllFllSelClock
                0x000007b0       0x3c ./drivers/fsl_clock.o
 .text.CLOCK_GetMcgExtClkFreq
                0x000007ec       0x78 ./drivers/fsl_clock.o
 .text.CLOCK_GetFllExtRefClkFreq
                0x00000864       0xd0 ./drivers/fsl_clock.o
 .text.CLOCK_GetInternalRefClkSelectFreq
                0x00000934       0x44 ./drivers/fsl_clock.o
 .text.CLOCK_GetFllRefClkFreq
                0x00000978       0x2c ./drivers/fsl_clock.o
 .text.CLOCK_GetOscRangeFromFreq
                0x000009a4       0x3c ./drivers/fsl_clock.o
 .text.CLOCK_GetCoreSysClkFreq
                0x000009e0       0x28 ./drivers/fsl_clock.o
                0x000009e0                CLOCK_GetCoreSysClkFreq
 .text.CLOCK_SetSimConfig
                0x00000a08       0x38 ./drivers/fsl_clock.o
                0x00000a08                CLOCK_SetSimConfig
 .text.CLOCK_GetOutClkFreq
                0x00000a40       0x64 ./drivers/fsl_clock.o
                0x00000a40                CLOCK_GetOutClkFreq
 .text.CLOCK_GetFllFreq
                0x00000aa4       0x7c ./drivers/fsl_clock.o
                0x00000aa4                CLOCK_GetFllFreq
 .text.CLOCK_GetPll0Freq
                0x00000b20       0x68 ./drivers/fsl_clock.o
                0x00000b20                CLOCK_GetPll0Freq
 .text.CLOCK_SetExternalRefClkConfig
                0x00000b88       0x6c ./drivers/fsl_clock.o
                0x00000b88                CLOCK_SetExternalRefClkConfig
 .text.CLOCK_SetInternalRefClkConfig
                0x00000bf4      0x104 ./drivers/fsl_clock.o
                0x00000bf4                CLOCK_SetInternalRefClkConfig
 .text.CLOCK_EnablePll0
                0x00000cf8       0x84 ./drivers/fsl_clock.o
                0x00000cf8                CLOCK_EnablePll0
 .text.CLOCK_InitOsc0
                0x00000d7c       0x8c ./drivers/fsl_clock.o
                0x00000d7c                CLOCK_InitOsc0
 .text.CLOCK_SetPbeMode
                0x00000e08       0xa8 ./drivers/fsl_clock.o
                0x00000e08                CLOCK_SetPbeMode
 .text.CLOCK_BootToPeeMode
                0x00000eb0       0x64 ./drivers/fsl_clock.o
                0x00000eb0                CLOCK_BootToPeeMode
 .text.UART_GetInstance
                0x00000f14       0x54 ./drivers/fsl_uart.o
                0x00000f14                UART_GetInstance
 .text.UART_Init
                0x00000f68      0x2d8 ./drivers/fsl_uart.o
                0x00000f68                UART_Init
 .text.UART_GetDefaultConfig
                0x00001240       0x60 ./drivers/fsl_uart.o
                0x00001240                UART_GetDefaultConfig
 .text.UART0_DriverIRQHandler
                0x000012a0       0x28 ./drivers/fsl_uart.o
                0x000012a0                UART0_DriverIRQHandler
 .text.UART1_DriverIRQHandler
                0x000012c8       0x28 ./drivers/fsl_uart.o
                0x000012c8                UART1_DriverIRQHandler
 .text.UART2_DriverIRQHandler
                0x000012f0       0x28 ./drivers/fsl_uart.o
                0x000012f0                UART2_DriverIRQHandler
 .text.UART3_DriverIRQHandler
                0x00001318       0x28 ./drivers/fsl_uart.o
                0x00001318                UART3_DriverIRQHandler
 .text.UART4_DriverIRQHandler
                0x00001340       0x28 ./drivers/fsl_uart.o
                0x00001340                UART4_DriverIRQHandler
 .text.UART5_DriverIRQHandler
                0x00001368       0x28 ./drivers/fsl_uart.o
                0x00001368                UART5_DriverIRQHandler
 .text.BOARD_InitDebugConsole
                0x00001390       0x28 ./board/src/board.o
                0x00001390                BOARD_InitDebugConsole
 .text.CLOCK_SetSimSafeDivs
                0x000013b8       0x20 ./board/src/clock_config.o
 .text.CLOCK_SetXtal0Freq
                0x000013d8       0x20 ./board/src/clock_config.o
 .text.CLOCK_CONFIG_SetFllExtRefDiv
                0x000013f8       0x3c ./board/src/clock_config.o
 .text.BOARD_BootClockRUN
                0x00001434       0x60 ./board/src/clock_config.o
                0x00001434                BOARD_BootClockRUN
 .text.BOARD_InitPins
                0x00001494       0x48 ./board/pin_mux.o
                0x00001494                BOARD_InitPins
 .text.vPortSetupTimerInterrupt
                0x000014dc       0x48 ./amazon-freertos/portable/fsl_tickless_systick.o
                0x000014dc                vPortSetupTimerInterrupt
 .text.pvPortMalloc
                0x00001524      0x184 ./amazon-freertos/FreeRTOS/portable/heap_4.o
                0x00001524                pvPortMalloc
 .text.vPortFree
                0x000016a8       0xb0 ./amazon-freertos/FreeRTOS/portable/heap_4.o
                0x000016a8                vPortFree
 .text.prvHeapInit
                0x00001758       0xc4 ./amazon-freertos/FreeRTOS/portable/heap_4.o
 .text.prvInsertBlockIntoFreeList
                0x0000181c       0xb4 ./amazon-freertos/FreeRTOS/portable/heap_4.o
 .text.pxPortInitialiseStack
                0x000018d0       0x68 ./amazon-freertos/FreeRTOS/portable/port.o
                0x000018d0                pxPortInitialiseStack
 .text.prvTaskExitError
                0x00001938       0x54 ./amazon-freertos/FreeRTOS/portable/port.o
 .text.prvPortStartFirstTask
                0x0000198c       0x28 ./amazon-freertos/FreeRTOS/portable/port.o
 .text.xPortStartScheduler
                0x000019b4      0x13c ./amazon-freertos/FreeRTOS/portable/port.o
                0x000019b4                xPortStartScheduler
 .text.vPortEnterCritical
                0x00001af0       0x5c ./amazon-freertos/FreeRTOS/portable/port.o
                0x00001af0                vPortEnterCritical
 .text.vPortExitCritical
                0x00001b4c       0x50 ./amazon-freertos/FreeRTOS/portable/port.o
                0x00001b4c                vPortExitCritical
 .text.SysTick_Handler
                0x00001b9c       0x40 ./amazon-freertos/FreeRTOS/portable/port.o
                0x00001b9c                SysTick_Handler
 .text.vPortEnableVFP
                0x00001bdc       0x14 ./amazon-freertos/FreeRTOS/portable/port.o
 .text.vPortValidateInterruptPriority
                0x00001bf0       0x7c ./amazon-freertos/FreeRTOS/portable/port.o
                0x00001bf0                vPortValidateInterruptPriority
 .text.xEventGroupWaitBits
                0x00001c6c      0x194 ./amazon-freertos/FreeRTOS/event_groups.o
                0x00001c6c                xEventGroupWaitBits
 .text.xQueueGenericReset
                0x00001e00       0xd0 ./amazon-freertos/FreeRTOS/queue.o
                0x00001e00                xQueueGenericReset
 .text.xQueueGenericSend
                0x00001ed0      0x1f4 ./amazon-freertos/FreeRTOS/queue.o
                0x00001ed0                xQueueGenericSend
 .text.xQueueReceive
                0x000020c4      0x1b8 ./amazon-freertos/FreeRTOS/queue.o
                0x000020c4                xQueueReceive
 .text.vQueueAddToRegistry
                0x0000227c       0x50 ./amazon-freertos/FreeRTOS/queue.o
                0x0000227c                vQueueAddToRegistry
 .text.prvAddNewTaskToReadyList
                0x000022cc       0xdc ./amazon-freertos/FreeRTOS/tasks.o
 .text.vTaskStartScheduler
                0x000023a8       0x98 ./amazon-freertos/FreeRTOS/tasks.o
                0x000023a8                vTaskStartScheduler
 .text.vTaskSuspendAll
                0x00002440       0x1c ./amazon-freertos/FreeRTOS/tasks.o
                0x00002440                vTaskSuspendAll
 .text.xTaskResumeAll
                0x0000245c      0x138 ./amazon-freertos/FreeRTOS/tasks.o
                0x0000245c                xTaskResumeAll
 .text.xTaskGetTickCount
                0x00002594       0x20 ./amazon-freertos/FreeRTOS/tasks.o
                0x00002594                xTaskGetTickCount
 .text.xTaskIncrementTick
                0x000025b4      0x158 ./amazon-freertos/FreeRTOS/tasks.o
                0x000025b4                xTaskIncrementTick
 .text.vTaskSwitchContext
                0x0000270c       0xb4 ./amazon-freertos/FreeRTOS/tasks.o
                0x0000270c                vTaskSwitchContext
 .text.vTaskPlaceOnEventList
                0x000027c0       0x48 ./amazon-freertos/FreeRTOS/tasks.o
                0x000027c0                vTaskPlaceOnEventList
 .text.vTaskPlaceOnUnorderedEventList
                0x00002808       0x74 ./amazon-freertos/FreeRTOS/tasks.o
                0x00002808                vTaskPlaceOnUnorderedEventList
 .text.vTaskPlaceOnEventListRestricted
                0x0000287c       0x54 ./amazon-freertos/FreeRTOS/tasks.o
                0x0000287c                vTaskPlaceOnEventListRestricted
 .text.xTaskRemoveFromEventList
                0x000028d0       0xc4 ./amazon-freertos/FreeRTOS/tasks.o
                0x000028d0                xTaskRemoveFromEventList
 .text.vTaskRemoveFromUnorderedEventList
                0x00002994       0xc0 ./amazon-freertos/FreeRTOS/tasks.o
                0x00002994                vTaskRemoveFromUnorderedEventList
 .text.vTaskInternalSetTimeOutState
                0x00002a54       0x2c ./amazon-freertos/FreeRTOS/tasks.o
                0x00002a54                vTaskInternalSetTimeOutState
 .text.xTaskCheckForTimeOut
                0x00002a80       0xc0 ./amazon-freertos/FreeRTOS/tasks.o
                0x00002a80                xTaskCheckForTimeOut
 .text.vTaskMissedYield
                0x00002b40       0x18 ./amazon-freertos/FreeRTOS/tasks.o
                0x00002b40                vTaskMissedYield
 .text.prvIdleTask
                0x00002b58       0x30 ./amazon-freertos/FreeRTOS/tasks.o
 .text.prvInitialiseTaskLists
                0x00002b88       0x80 ./amazon-freertos/FreeRTOS/tasks.o
 .text.prvCheckTasksWaitingTermination
                0x00002c08       0x58 ./amazon-freertos/FreeRTOS/tasks.o
 .text.prvResetNextTaskUnblockTime
                0x00002c60       0x4c ./amazon-freertos/FreeRTOS/tasks.o
 .text.xTaskGetSchedulerState
                0x00002cac       0x3c ./amazon-freertos/FreeRTOS/tasks.o
                0x00002cac                xTaskGetSchedulerState
 .text.xTaskPriorityDisinherit
                0x00002ce8      0x108 ./amazon-freertos/FreeRTOS/tasks.o
                0x00002ce8                xTaskPriorityDisinherit
 .text.uxTaskResetEventItemValue
                0x00002df0       0x30 ./amazon-freertos/FreeRTOS/tasks.o
                0x00002df0                uxTaskResetEventItemValue
 .text.prvAddCurrentTaskToDelayedList
                0x00002e20       0xcc ./amazon-freertos/FreeRTOS/tasks.o
 .text.xTimerCreateTimerTask
                0x00002eec       0x60 ./amazon-freertos/FreeRTOS/timers.o
                0x00002eec                xTimerCreateTimerTask
 .text.xTimerGenericCommand
                0x00002f4c       0x98 ./amazon-freertos/FreeRTOS/timers.o
                0x00002f4c                xTimerGenericCommand
 .text.prvProcessExpiredTimer
                0x00002fe4       0x80 ./amazon-freertos/FreeRTOS/timers.o
 .text.prvProcessTimerOrBlockTask
                0x00003064       0x9c ./amazon-freertos/FreeRTOS/timers.o
 .text.prvGetNextExpireTime
                0x00003100       0x48 ./amazon-freertos/FreeRTOS/timers.o
 .text.prvSampleTimeNow
                0x00003148       0x40 ./amazon-freertos/FreeRTOS/timers.o
 .text.prvInsertTimerInActiveList
                0x00003188       0x84 ./amazon-freertos/FreeRTOS/timers.o
 .text.prvProcessReceivedCommands
                0x0000320c      0x154 ./amazon-freertos/FreeRTOS/timers.o
 .text.prvSwitchTimerLists
                0x00003360       0xc0 ./amazon-freertos/FreeRTOS/timers.o
 .text.prvCheckForValidListAndQueue
                0x00003420       0x6c ./amazon-freertos/FreeRTOS/timers.o
 .text.SystemInit
                0x0000348c       0x3c ./CMSIS/system_MK64F12.o
                0x0000348c                SystemInit
 .text.__assertion_failed
                0x000034c8       0x4c c:/nxp/mcuxpressoide_10.2.0_759/ide/tools/bin/../lib/gcc/arm-none-eabi/7.2.1/../../../../arm-none-eabi/lib/thumb/v7e-m/fpv4-sp/hard\libcr_semihost_nf.a(_cr_assert.o)
                0x000034c8                __assertion_failed
 .text.__sys_appexit
                0x00003514        0xc c:/nxp/mcuxpressoide_10.2.0_759/ide/tools/bin/../lib/gcc/arm-none-eabi/7.2.1/../../../../arm-none-eabi/lib/thumb/v7e-m/fpv4-sp/hard\libcr_semihost_nf.a(__sys_appexit.o)
                0x00003514                __sys_appexit
                0x00003514                __exit
 .text._Cwritebuf
                0x00003520       0x6c c:/nxp/mcuxpressoide_10.2.0_759/ide/tools/bin/../lib/gcc/arm-none-eabi/7.2.1/../../../../arm-none-eabi/lib/thumb/v7e-m/fpv4-sp/hard\libcr_c.a(_writebuf.o)
                0x00003520                _Cwritebuf
 .text.malloc   0x0000358c       0xc8 c:/nxp/mcuxpressoide_10.2.0_759/ide/tools/bin/../lib/gcc/arm-none-eabi/7.2.1/../../../../arm-none-eabi/lib/thumb/v7e-m/fpv4-sp/hard\libcr_c.a(alloc.o)
                0x0000358c                malloc
 .text._Csys_alloc
                0x00003654       0x20 c:/nxp/mcuxpressoide_10.2.0_759/ide/tools/bin/../lib/gcc/arm-none-eabi/7.2.1/../../../../arm-none-eabi/lib/thumb/v7e-m/fpv4-sp/hard\libcr_c.a(alloc.o)
                0x00003654                _Csys_alloc
 .text.fseek    0x00003674      0x100 c:/nxp/mcuxpressoide_10.2.0_759/ide/tools/bin/../lib/gcc/arm-none-eabi/7.2.1/../../../../arm-none-eabi/lib/thumb/v7e-m/fpv4-sp/hard\libcr_c.a(fseek.o)
                0x00003674                fseek
 .text.ftell    0x00003774       0x44 c:/nxp/mcuxpressoide_10.2.0_759/ide/tools/bin/../lib/gcc/arm-none-eabi/7.2.1/../../../../arm-none-eabi/lib/thumb/v7e-m/fpv4-sp/hard\libcr_c.a(ftell.o)
                0x00003774                ftell
 .text._initio  0x000037b8       0x78 c:/nxp/mcuxpressoide_10.2.0_759/ide/tools/bin/../lib/gcc/arm-none-eabi/7.2.1/../../../../arm-none-eabi/lib/thumb/v7e-m/fpv4-sp/hard\libcr_c.a(initio.o)
                0x000037b8                _initio
 .text.__vfprintf
                0x00003830      0xb98 c:/nxp/mcuxpressoide_10.2.0_759/ide/tools/bin/../lib/gcc/arm-none-eabi/7.2.1/../../../../arm-none-eabi/lib/thumb/v7e-m/fpv4-sp/hard\libcr_c.a(printf.o)
                0x00003830                __vfprintf
 .text._vsnprintf
                0x000043c8       0x5c c:/nxp/mcuxpressoide_10.2.0_759/ide/tools/bin/../lib/gcc/arm-none-eabi/7.2.1/../../../../arm-none-eabi/lib/thumb/v7e-m/fpv4-sp/hard\libcr_c.a(printf.o)
                0x000043c8                _vsnprintf
 .text._printf  0x00004424       0x54 c:/nxp/mcuxpressoide_10.2.0_759/ide/tools/bin/../lib/gcc/arm-none-eabi/7.2.1/../../../../arm-none-eabi/lib/thumb/v7e-m/fpv4-sp/hard\libcr_c.a(printf.o)
                0x00004424                _printf
 .text.setvbuf  0x00004478       0x40 c:/nxp/mcuxpressoide_10.2.0_759/ide/tools/bin/../lib/gcc/arm-none-eabi/7.2.1/../../../../arm-none-eabi/lib/thumb/v7e-m/fpv4-sp/hard\libcr_c.a(setvbuf.o)
                0x00004478                setvbuf
 .text._sbrk    0x000044b8       0x3c c:/nxp/mcuxpressoide_10.2.0_759/ide/tools/bin/../lib/gcc/arm-none-eabi/7.2.1/../../../../arm-none-eabi/lib/thumb/v7e-m/fpv4-sp/hard\libcr_c.a(_cr_sbrk.o)
                0x000044b8                _sbrk
 .text.fflush   0x000044f4       0x44 c:/nxp/mcuxpressoide_10.2.0_759/ide/tools/bin/../lib/gcc/arm-none-eabi/7.2.1/../../../../arm-none-eabi/lib/thumb/v7e-m/fpv4-sp/hard\libcr_c.a(fflush.o)
                0x000044f4                fflush
 .text.__check_heap_overflow
                0x00004538       0x18 c:/nxp/mcuxpressoide_10.2.0_759/ide/tools/bin/../lib/gcc/arm-none-eabi/7.2.1/../../../../arm-none-eabi/lib/thumb/v7e-m/fpv4-sp/hard\libcr_c.a(_cr_check_heap.o)
                0x00004538                __check_heap_overflow
 .text.UART_EnableTx
                0x00004550       0x40 ./utilities/fsl_io.o
 .text.UART_EnableRx
                0x00004590       0x40 ./utilities/fsl_io.o
 .text.LOG_Init
                0x000045d0       0x30 ./utilities/fsl_log.o
                0x000045d0                LOG_Init
 .text.DMA0_IRQHandler
                0x00004600        0x8 ./startup/startup_mk64f12.o
                0x00004600                DMA0_IRQHandler
 .text.DMA1_IRQHandler
                0x00004608        0x8 ./startup/startup_mk64f12.o
                0x00004608                DMA1_IRQHandler
 .text.DMA2_IRQHandler
                0x00004610        0x8 ./startup/startup_mk64f12.o
                0x00004610                DMA2_IRQHandler
 .text.DMA3_IRQHandler
                0x00004618        0x8 ./startup/startup_mk64f12.o
                0x00004618                DMA3_IRQHandler
 .text.DMA4_IRQHandler
                0x00004620        0x8 ./startup/startup_mk64f12.o
                0x00004620                DMA4_IRQHandler
 .text.DMA5_IRQHandler
                0x00004628        0x8 ./startup/startup_mk64f12.o
                0x00004628                DMA5_IRQHandler
 .text.DMA6_IRQHandler
                0x00004630        0x8 ./startup/startup_mk64f12.o
                0x00004630                DMA6_IRQHandler
 .text.DMA7_IRQHandler
                0x00004638        0x8 ./startup/startup_mk64f12.o
                0x00004638                DMA7_IRQHandler
 .text.DMA8_IRQHandler
                0x00004640        0x8 ./startup/startup_mk64f12.o
                0x00004640                DMA8_IRQHandler
 .text.DMA9_IRQHandler
                0x00004648        0x8 ./startup/startup_mk64f12.o
                0x00004648                DMA9_IRQHandler
 .text.DMA10_IRQHandler
                0x00004650        0x8 ./startup/startup_mk64f12.o
                0x00004650                DMA10_IRQHandler
 .text.DMA11_IRQHandler
                0x00004658        0x8 ./startup/startup_mk64f12.o
                0x00004658                DMA11_IRQHandler
 .text.DMA12_IRQHandler
                0x00004660        0x8 ./startup/startup_mk64f12.o
                0x00004660                DMA12_IRQHandler
 .text.DMA13_IRQHandler
                0x00004668        0x8 ./startup/startup_mk64f12.o
                0x00004668                DMA13_IRQHandler
 .text.DMA14_IRQHandler
                0x00004670        0x8 ./startup/startup_mk64f12.o
                0x00004670                DMA14_IRQHandler
 .text.DMA15_IRQHandler
                0x00004678        0x8 ./startup/startup_mk64f12.o
                0x00004678                DMA15_IRQHandler
 .text.DMA_Error_IRQHandler
                0x00004680        0x8 ./startup/startup_mk64f12.o
                0x00004680                DMA_Error_IRQHandler
 .text.MCM_IRQHandler
                0x00004688        0x8 ./startup/startup_mk64f12.o
                0x00004688                MCM_IRQHandler
 .text.FTFE_IRQHandler
                0x00004690        0x8 ./startup/startup_mk64f12.o
                0x00004690                FTFE_IRQHandler
 .text.Read_Collision_IRQHandler
                0x00004698        0x8 ./startup/startup_mk64f12.o
                0x00004698                Read_Collision_IRQHandler
 .text.LVD_LVW_IRQHandler
                0x000046a0        0x8 ./startup/startup_mk64f12.o
                0x000046a0                LVD_LVW_IRQHandler
 .text.LLWU_IRQHandler
                0x000046a8        0x8 ./startup/startup_mk64f12.o
                0x000046a8                LLWU_IRQHandler
 .text.WDOG_EWM_IRQHandler
                0x000046b0        0x8 ./startup/startup_mk64f12.o
                0x000046b0                WDOG_EWM_IRQHandler
 .text.RNG_IRQHandler
                0x000046b8        0x8 ./startup/startup_mk64f12.o
                0x000046b8                RNG_IRQHandler
 .text.I2C0_IRQHandler
                0x000046c0        0x8 ./startup/startup_mk64f12.o
                0x000046c0                I2C0_IRQHandler
 .text.I2C1_IRQHandler
                0x000046c8        0x8 ./startup/startup_mk64f12.o
                0x000046c8                I2C1_IRQHandler
 .text.SPI0_IRQHandler
                0x000046d0        0x8 ./startup/startup_mk64f12.o
                0x000046d0                SPI0_IRQHandler
 .text.SPI1_IRQHandler
                0x000046d8        0x8 ./startup/startup_mk64f12.o
                0x000046d8                SPI1_IRQHandler
 .text.I2S0_Tx_IRQHandler
                0x000046e0        0x8 ./startup/startup_mk64f12.o
                0x000046e0                I2S0_Tx_IRQHandler
 .text.I2S0_Rx_IRQHandler
                0x000046e8        0x8 ./startup/startup_mk64f12.o
                0x000046e8                I2S0_Rx_IRQHandler
 .text.UART0_LON_IRQHandler
                0x000046f0        0x8 ./startup/startup_mk64f12.o
                0x000046f0                UART0_LON_IRQHandler
 .text.UART0_RX_TX_IRQHandler
                0x000046f8        0x8 ./startup/startup_mk64f12.o
                0x000046f8                UART0_RX_TX_IRQHandler
 .text.UART0_ERR_IRQHandler
                0x00004700        0x8 ./startup/startup_mk64f12.o
                0x00004700                UART0_ERR_IRQHandler
 .text.UART1_RX_TX_IRQHandler
                0x00004708        0x8 ./startup/startup_mk64f12.o
                0x00004708                UART1_RX_TX_IRQHandler
 .text.UART1_ERR_IRQHandler
                0x00004710        0x8 ./startup/startup_mk64f12.o
                0x00004710                UART1_ERR_IRQHandler
 .text.UART2_RX_TX_IRQHandler
                0x00004718        0x8 ./startup/startup_mk64f12.o
                0x00004718                UART2_RX_TX_IRQHandler
 .text.UART2_ERR_IRQHandler
                0x00004720        0x8 ./startup/startup_mk64f12.o
                0x00004720                UART2_ERR_IRQHandler
 .text.UART3_RX_TX_IRQHandler
                0x00004728        0x8 ./startup/startup_mk64f12.o
                0x00004728                UART3_RX_TX_IRQHandler
 .text.UART3_ERR_IRQHandler
                0x00004730        0x8 ./startup/startup_mk64f12.o
                0x00004730                UART3_ERR_IRQHandler
 .text.ADC0_IRQHandler
                0x00004738        0x8 ./startup/startup_mk64f12.o
                0x00004738                ADC0_IRQHandler
 .text.CMP0_IRQHandler
                0x00004740        0x8 ./startup/startup_mk64f12.o
                0x00004740                CMP0_IRQHandler
 .text.CMP1_IRQHandler
                0x00004748        0x8 ./startup/startup_mk64f12.o
                0x00004748                CMP1_IRQHandler
 .text.FTM0_IRQHandler
                0x00004750        0x8 ./startup/startup_mk64f12.o
                0x00004750                FTM0_IRQHandler
 .text.FTM1_IRQHandler
                0x00004758        0x8 ./startup/startup_mk64f12.o
                0x00004758                FTM1_IRQHandler
 .text.FTM2_IRQHandler
                0x00004760        0x8 ./startup/startup_mk64f12.o
                0x00004760                FTM2_IRQHandler
 .text.CMT_IRQHandler
                0x00004768        0x8 ./startup/startup_mk64f12.o
                0x00004768                CMT_IRQHandler
 .text.RTC_IRQHandler
                0x00004770        0x8 ./startup/startup_mk64f12.o
                0x00004770                RTC_IRQHandler
 .text.RTC_Seconds_IRQHandler
                0x00004778        0x8 ./startup/startup_mk64f12.o
                0x00004778                RTC_Seconds_IRQHandler
 .text.PIT0_IRQHandler
                0x00004780        0x8 ./startup/startup_mk64f12.o
                0x00004780                PIT0_IRQHandler
 .text.PIT1_IRQHandler
                0x00004788        0x8 ./startup/startup_mk64f12.o
                0x00004788                PIT1_IRQHandler
 .text.PIT2_IRQHandler
                0x00004790        0x8 ./startup/startup_mk64f12.o
                0x00004790                PIT2_IRQHandler
 .text.PIT3_IRQHandler
                0x00004798        0x8 ./startup/startup_mk64f12.o
                0x00004798                PIT3_IRQHandler
 .text.PDB0_IRQHandler
                0x000047a0        0x8 ./startup/startup_mk64f12.o
                0x000047a0                PDB0_IRQHandler
 .text.USB0_IRQHandler
                0x000047a8        0x8 ./startup/startup_mk64f12.o
                0x000047a8                USB0_IRQHandler
 .text.USBDCD_IRQHandler
                0x000047b0        0x8 ./startup/startup_mk64f12.o
                0x000047b0                USBDCD_IRQHandler
 .text.Reserved71_IRQHandler
                0x000047b8        0x8 ./startup/startup_mk64f12.o
                0x000047b8                Reserved71_IRQHandler
 .text.DAC0_IRQHandler
                0x000047c0        0x8 ./startup/startup_mk64f12.o
                0x000047c0                DAC0_IRQHandler
 .text.MCG_IRQHandler
                0x000047c8        0x8 ./startup/startup_mk64f12.o
                0x000047c8                MCG_IRQHandler
 .text.LPTMR0_IRQHandler
                0x000047d0        0x8 ./startup/startup_mk64f12.o
                0x000047d0                LPTMR0_IRQHandler
 .text.PORTA_IRQHandler
                0x000047d8        0x8 ./startup/startup_mk64f12.o
                0x000047d8                PORTA_IRQHandler
 .text.PORTB_IRQHandler
                0x000047e0        0x8 ./startup/startup_mk64f12.o
                0x000047e0                PORTB_IRQHandler
 .text.PORTC_IRQHandler
                0x000047e8        0x8 ./startup/startup_mk64f12.o
                0x000047e8                PORTC_IRQHandler
 .text.PORTD_IRQHandler
                0x000047f0        0x8 ./startup/startup_mk64f12.o
                0x000047f0                PORTD_IRQHandler
 .text.PORTE_IRQHandler
                0x000047f8        0x8 ./startup/startup_mk64f12.o
                0x000047f8                PORTE_IRQHandler
 .text.SWI_IRQHandler
                0x00004800        0x8 ./startup/startup_mk64f12.o
                0x00004800                SWI_IRQHandler
 .text.SPI2_IRQHandler
                0x00004808        0x8 ./startup/startup_mk64f12.o
                0x00004808                SPI2_IRQHandler
 .text.UART4_RX_TX_IRQHandler
                0x00004810        0x8 ./startup/startup_mk64f12.o
                0x00004810                UART4_RX_TX_IRQHandler
 .text.UART4_ERR_IRQHandler
                0x00004818        0x8 ./startup/startup_mk64f12.o
                0x00004818                UART4_ERR_IRQHandler
 .text.UART5_RX_TX_IRQHandler
                0x00004820        0x8 ./startup/startup_mk64f12.o
                0x00004820                UART5_RX_TX_IRQHandler
 .text.UART5_ERR_IRQHandler
                0x00004828        0x8 ./startup/startup_mk64f12.o
                0x00004828                UART5_ERR_IRQHandler
 .text.CMP2_IRQHandler
                0x00004830        0x8 ./startup/startup_mk64f12.o
                0x00004830                CMP2_IRQHandler
 .text.FTM3_IRQHandler
                0x00004838        0x8 ./startup/startup_mk64f12.o
                0x00004838                FTM3_IRQHandler
 .text.DAC1_IRQHandler
                0x00004840        0x8 ./startup/startup_mk64f12.o
                0x00004840                DAC1_IRQHandler
 .text.ADC1_IRQHandler
                0x00004848        0x8 ./startup/startup_mk64f12.o
                0x00004848                ADC1_IRQHandler
 .text.I2C2_IRQHandler
                0x00004850        0x8 ./startup/startup_mk64f12.o
                0x00004850                I2C2_IRQHandler
 .text.CAN0_ORed_Message_buffer_IRQHandler
                0x00004858        0x8 ./startup/startup_mk64f12.o
                0x00004858                CAN0_ORed_Message_buffer_IRQHandler
 .text.CAN0_Bus_Off_IRQHandler
                0x00004860        0x8 ./startup/startup_mk64f12.o
                0x00004860                CAN0_Bus_Off_IRQHandler
 .text.CAN0_Error_IRQHandler
                0x00004868        0x8 ./startup/startup_mk64f12.o
                0x00004868                CAN0_Error_IRQHandler
 .text.CAN0_Tx_Warning_IRQHandler
                0x00004870        0x8 ./startup/startup_mk64f12.o
                0x00004870                CAN0_Tx_Warning_IRQHandler
 .text.CAN0_Rx_Warning_IRQHandler
                0x00004878        0x8 ./startup/startup_mk64f12.o
                0x00004878                CAN0_Rx_Warning_IRQHandler
 .text.CAN0_Wake_Up_IRQHandler
                0x00004880        0x8 ./startup/startup_mk64f12.o
                0x00004880                CAN0_Wake_Up_IRQHandler
 .text.SDHC_IRQHandler
                0x00004888        0x8 ./startup/startup_mk64f12.o
                0x00004888                SDHC_IRQHandler
 .text.ENET_1588_Timer_IRQHandler
                0x00004890        0x8 ./startup/startup_mk64f12.o
                0x00004890                ENET_1588_Timer_IRQHandler
 .text.ENET_Transmit_IRQHandler
                0x00004898        0x8 ./startup/startup_mk64f12.o
                0x00004898                ENET_Transmit_IRQHandler
 .text.ENET_Receive_IRQHandler
                0x000048a0        0x8 ./startup/startup_mk64f12.o
                0x000048a0                ENET_Receive_IRQHandler
 .text.ENET_Error_IRQHandler
                0x000048a8        0x8 ./startup/startup_mk64f12.o
                0x000048a8                ENET_Error_IRQHandler
 .text.HardFault_Handler
                0x000048b0       0x2c ./source/semihost_hardfault.o
                0x000048b0                HardFault_Handler
 .text.OSC_SetExtRefClkConfig
                0x000048dc       0x34 ./drivers/fsl_clock.o
 .text.OSC_SetCapLoad
                0x00004910       0x34 ./drivers/fsl_clock.o
 .text.CLOCK_GetPll0RefFreq
                0x00004944        0xe ./drivers/fsl_clock.o
 .text.CLOCK_EnableClock
                0x00004952       0x34 ./drivers/fsl_uart.o
 .text.UART0_RX_TX_DriverIRQHandler
                0x00004986       0x10 ./drivers/fsl_uart.o
                0x00004986                UART0_RX_TX_DriverIRQHandler
 .text.UART1_RX_TX_DriverIRQHandler
                0x00004996       0x10 ./drivers/fsl_uart.o
                0x00004996                UART1_RX_TX_DriverIRQHandler
 .text.UART2_RX_TX_DriverIRQHandler
                0x000049a6       0x10 ./drivers/fsl_uart.o
                0x000049a6                UART2_RX_TX_DriverIRQHandler
 .text.UART3_RX_TX_DriverIRQHandler
                0x000049b6       0x10 ./drivers/fsl_uart.o
                0x000049b6                UART3_RX_TX_DriverIRQHandler
 .text.UART4_RX_TX_DriverIRQHandler
                0x000049c6       0x10 ./drivers/fsl_uart.o
                0x000049c6                UART4_RX_TX_DriverIRQHandler
 .text.UART5_RX_TX_DriverIRQHandler
                0x000049d6       0x10 ./drivers/fsl_uart.o
                0x000049d6                UART5_RX_TX_DriverIRQHandler
 .text.CLOCK_EnableClock
                0x000049e6       0x34 ./board/pin_mux.o
 .text.PORT_SetPinMux
                0x00004a1a       0x3a ./board/pin_mux.o
 .text.xEventGroupCreate
                0x00004a54       0x2e ./amazon-freertos/FreeRTOS/event_groups.o
                0x00004a54                xEventGroupCreate
 .text.xEventGroupSetBits
                0x00004a82      0x112 ./amazon-freertos/FreeRTOS/event_groups.o
                0x00004a82                xEventGroupSetBits
 .text.prvTestWaitCondition
                0x00004b94       0x44 ./amazon-freertos/FreeRTOS/event_groups.o
 .text.vListInitialise
                0x00004bd8       0x40 ./amazon-freertos/FreeRTOS/list.o
                0x00004bd8                vListInitialise
 .text.vListInitialiseItem
                0x00004c18       0x1a ./amazon-freertos/FreeRTOS/list.o
                0x00004c18                vListInitialiseItem
 .text.vListInsertEnd
                0x00004c32       0x48 ./amazon-freertos/FreeRTOS/list.o
                0x00004c32                vListInsertEnd
 .text.vListInsert
                0x00004c7a       0x72 ./amazon-freertos/FreeRTOS/list.o
                0x00004c7a                vListInsert
 .text.uxListRemove
                0x00004cec       0x54 ./amazon-freertos/FreeRTOS/list.o
                0x00004cec                uxListRemove
 .text.xQueueGenericCreate
                0x00004d40       0x72 ./amazon-freertos/FreeRTOS/queue.o
                0x00004d40                xQueueGenericCreate
 .text.prvInitialiseNewQueue
                0x00004db2       0x46 ./amazon-freertos/FreeRTOS/queue.o
 .text.xQueueGenericSendFromISR
                0x00004df8      0x128 ./amazon-freertos/FreeRTOS/queue.o
                0x00004df8                xQueueGenericSendFromISR
 .text.prvCopyDataToQueue
                0x00004f20       0xd4 ./amazon-freertos/FreeRTOS/queue.o
 .text.prvCopyDataFromQueue
                0x00004ff4       0x4c ./amazon-freertos/FreeRTOS/queue.o
 .text.prvUnlockQueue
                0x00005040       0xa4 ./amazon-freertos/FreeRTOS/queue.o
 .text.prvIsQueueEmpty
                0x000050e4       0x2c ./amazon-freertos/FreeRTOS/queue.o
 .text.prvIsQueueFull
                0x00005110       0x30 ./amazon-freertos/FreeRTOS/queue.o
 .text.vQueueWaitForMessageRestricted
                0x00005140       0x68 ./amazon-freertos/FreeRTOS/queue.o
                0x00005140                vQueueWaitForMessageRestricted
 .text.xTaskCreate
                0x000051a8       0x82 ./amazon-freertos/FreeRTOS/tasks.o
                0x000051a8                xTaskCreate
 .text.prvInitialiseNewTask
                0x0000522a      0x132 ./amazon-freertos/FreeRTOS/tasks.o
 .text.prvDeleteTCB
                0x0000535c       0x20 ./amazon-freertos/FreeRTOS/tasks.o
 .text.prvTimerTask
                0x0000537c       0x24 ./amazon-freertos/FreeRTOS/timers.o
 .text.SystemInitHook
                0x000053a0        0xe ./CMSIS/system_MK64F12.o
                0x000053a0                SystemInitHook
 .text.__main   0x000053ae        0xe c:/nxp/mcuxpressoide_10.2.0_759/ide/tools/bin/../lib/gcc/arm-none-eabi/7.2.1/../../../../arm-none-eabi/lib/thumb/v7e-m/fpv4-sp/hard\libcr_semihost_nf.a(_cr__main.o)
                0x000053ae                __CR_SEMIHOST
                0x000053ae                __main
 .text.memcpy   0x000053bc        0x4 c:/nxp/mcuxpressoide_10.2.0_759/ide/tools/bin/../lib/gcc/arm-none-eabi/7.2.1/../../../../arm-none-eabi/lib/thumb/v7e-m/fpv4-sp/hard\libcr_c.a(memcpy.o)
                0x000053bc                memcpy
 .text.memset   0x000053c0        0x4 c:/nxp/mcuxpressoide_10.2.0_759/ide/tools/bin/../lib/gcc/arm-none-eabi/7.2.1/../../../../arm-none-eabi/lib/thumb/v7e-m/fpv4-sp/hard\libcr_c.a(memset.o)
                0x000053c0                memset
 .text._deferredlazyseek
                0x000053c4       0x40 c:/nxp/mcuxpressoide_10.2.0_759/ide/tools/bin/../lib/gcc/arm-none-eabi/7.2.1/../../../../arm-none-eabi/lib/thumb/v7e-m/fpv4-sp/hard\libcr_c.a(_deferredlazyseek.o)
                0x000053c4                _deferredlazyseek
 .text.__flsbuf
                0x00005404      0x140 c:/nxp/mcuxpressoide_10.2.0_759/ide/tools/bin/../lib/gcc/arm-none-eabi/7.2.1/../../../../arm-none-eabi/lib/thumb/v7e-m/fpv4-sp/hard\libcr_c.a(_deferredlazyseek.o)
                0x00005404                __flsbuf
 .text._fflush  0x00005544       0x52 c:/nxp/mcuxpressoide_10.2.0_759/ide/tools/bin/../lib/gcc/arm-none-eabi/7.2.1/../../../../arm-none-eabi/lib/thumb/v7e-m/fpv4-sp/hard\libcr_c.a(_fflush.o)
                0x00005544                _fflush
 .text.free     0x00005596       0x30 c:/nxp/mcuxpressoide_10.2.0_759/ide/tools/bin/../lib/gcc/arm-none-eabi/7.2.1/../../../../arm-none-eabi/lib/thumb/v7e-m/fpv4-sp/hard\libcr_c.a(alloc.o)
                0x00005596                free
 .text.fputs    0x000055c6       0x2c c:/nxp/mcuxpressoide_10.2.0_759/ide/tools/bin/../lib/gcc/arm-none-eabi/7.2.1/../../../../arm-none-eabi/lib/thumb/v7e-m/fpv4-sp/hard\libcr_c.a(fputs.o)
                0x000055c6                fputs
 .text.no_fp_display
                0x000055f2        0x4 c:/nxp/mcuxpressoide_10.2.0_759/ide/tools/bin/../lib/gcc/arm-none-eabi/7.2.1/../../../../arm-none-eabi/lib/thumb/v7e-m/fpv4-sp/hard\libcr_c.a(printf.o)
 .text.strlen   0x000055f6       0x4a c:/nxp/mcuxpressoide_10.2.0_759/ide/tools/bin/../lib/gcc/arm-none-eabi/7.2.1/../../../../arm-none-eabi/lib/thumb/v7e-m/fpv4-sp/hard\libcr_c.a(strlen.o)
                0x000055f6                strlen
 .text._fdopen  0x00005640       0x68 c:/nxp/mcuxpressoide_10.2.0_759/ide/tools/bin/../lib/gcc/arm-none-eabi/7.2.1/../../../../arm-none-eabi/lib/thumb/v7e-m/fpv4-sp/hard\libcr_c.a(_fdopen.o)
                0x00005640                _fdopen
 .text.fclose   0x000056a8       0x58 c:/nxp/mcuxpressoide_10.2.0_759/ide/tools/bin/../lib/gcc/arm-none-eabi/7.2.1/../../../../arm-none-eabi/lib/thumb/v7e-m/fpv4-sp/hard\libcr_c.a(fclose.o)
                0x000056a8                fclose
 .text.remove   0x00005700       0x14 c:/nxp/mcuxpressoide_10.2.0_759/ide/tools/bin/../lib/gcc/arm-none-eabi/7.2.1/../../../../arm-none-eabi/lib/thumb/v7e-m/fpv4-sp/hard\libcr_c.a(remove.o)
                0x00005700                remove
 .text._do_fflush
                0x00005714       0x40 c:/nxp/mcuxpressoide_10.2.0_759/ide/tools/bin/../lib/gcc/arm-none-eabi/7.2.1/../../../../arm-none-eabi/lib/thumb/v7e-m/fpv4-sp/hard\libcr_c.a(_do_fflush.o)
                0x00005714                _do_fflush
 .text.__aeabi_memcpy
                0x00005754       0x34 c:/nxp/mcuxpressoide_10.2.0_759/ide/tools/bin/../lib/gcc/arm-none-eabi/7.2.1/thumb/v7e-m/fpv4-sp/hard\libcr_eabihelpers.a(memcpy.o)
                0x00005754                __aeabi_memcpy
                0x0000575e                __aeabi_memcpy8
                0x0000575e                __aeabi_memcpy4
 .text.__aeabi_memset_lowlevel
                0x00005788       0x32 c:/nxp/mcuxpressoide_10.2.0_759/ide/tools/bin/../lib/gcc/arm-none-eabi/7.2.1/thumb/v7e-m/fpv4-sp/hard\libcr_eabihelpers.a(memcpy.o)
                0x00005788                __aeabi_lowlevel_memset
 .text.__sys_close
                0x000057ba        0xc c:/nxp/mcuxpressoide_10.2.0_759/ide/tools/bin/../lib/gcc/arm-none-eabi/7.2.1/../../../../arm-none-eabi/lib/thumb/v7e-m/fpv4-sp/hard\libcr_semihost_nf.a(__sys_close.o)
                0x000057ba                __sys_close
 .text.__sys_flen
                0x000057c6        0xc c:/nxp/mcuxpressoide_10.2.0_759/ide/tools/bin/../lib/gcc/arm-none-eabi/7.2.1/../../../../arm-none-eabi/lib/thumb/v7e-m/fpv4-sp/hard\libcr_semihost_nf.a(__sys_flen.o)
                0x000057c6                __sys_flen
 .text.__sys_istty
                0x000057d2        0xc c:/nxp/mcuxpressoide_10.2.0_759/ide/tools/bin/../lib/gcc/arm-none-eabi/7.2.1/../../../../arm-none-eabi/lib/thumb/v7e-m/fpv4-sp/hard\libcr_semihost_nf.a(__sys_istty.o)
                0x000057d2                __sys_istty
 .text.__sys_remove
                0x000057de        0xc c:/nxp/mcuxpressoide_10.2.0_759/ide/tools/bin/../lib/gcc/arm-none-eabi/7.2.1/../../../../arm-none-eabi/lib/thumb/v7e-m/fpv4-sp/hard\libcr_semihost_nf.a(__sys_remove.o)
                0x000057de                __sys_remove
 .text.__sys_seek
                0x000057ea        0xc c:/nxp/mcuxpressoide_10.2.0_759/ide/tools/bin/../lib/gcc/arm-none-eabi/7.2.1/../../../../arm-none-eabi/lib/thumb/v7e-m/fpv4-sp/hard\libcr_semihost_nf.a(__sys_seek.o)
                0x000057ea                __sys_seek
 .text.__sys_tmpnam
                0x000057f6        0xc c:/nxp/mcuxpressoide_10.2.0_759/ide/tools/bin/../lib/gcc/arm-none-eabi/7.2.1/../../../../arm-none-eabi/lib/thumb/v7e-m/fpv4-sp/hard\libcr_semihost_nf.a(__sys_tmpnam.o)
                0x000057f6                __sys_tmpnam
 .text.__sys_write
                0x00005802        0xc c:/nxp/mcuxpressoide_10.2.0_759/ide/tools/bin/../lib/gcc/arm-none-eabi/7.2.1/../../../../arm-none-eabi/lib/thumb/v7e-m/fpv4-sp/hard\libcr_semihost_nf.a(__sys_write.o)
                0x00005802                __sys_write
 *(SORT_BY_ALIGNMENT(.rodata) SORT_BY_ALIGNMENT(.rodata.*) SORT_BY_ALIGNMENT(.constdata) SORT_BY_ALIGNMENT(.constdata.*))
 *fill*         0x0000580e        0x2 ff
 .rodata        0x00005810       0x50 ./utilities/fsl_debug_console.o
 .rodata        0x00005860       0x27 ./utilities/fsl_io.o
 *fill*         0x00005887        0x1 ff
 .rodata        0x00005888       0xa1 ./source/freertos_event.o
 *fill*         0x00005929        0x3 ff
 .rodata        0x0000592c      0x149 ./drivers/fsl_clock.o
 *fill*         0x00005a75        0x3 ff
 .rodata.fllFactorTable.7747
                0x00005a78       0x10 ./drivers/fsl_clock.o
 .rodata.s_uartBases
                0x00005a88       0x18 ./drivers/fsl_uart.o
 .rodata.s_uartClock
                0x00005aa0       0x18 ./drivers/fsl_uart.o
 .rodata        0x00005ab8      0x513 ./drivers/fsl_uart.o
 *fill*         0x00005fcb        0x1 ff
 .rodata.mcgConfig_BOARD_BootClockRUN
                0x00005fcc        0xb ./board/src/clock_config.o
                0x00005fcc                mcgConfig_BOARD_BootClockRUN
 *fill*         0x00005fd7        0x1 ff
 .rodata.simConfig_BOARD_BootClockRUN
                0x00005fd8        0x8 ./board/src/clock_config.o
                0x00005fd8                simConfig_BOARD_BootClockRUN
 .rodata.oscConfig_BOARD_BootClockRUN
                0x00005fe0        0x8 ./board/src/clock_config.o
                0x00005fe0                oscConfig_BOARD_BootClockRUN
 .rodata        0x00005fe8       0x18 ./amazon-freertos/FreeRTOS/tasks.o
                0x00005ff0                FreeRTOSDebugConfig
 .rodata        0x00006000        0xd ./amazon-freertos/FreeRTOS/timers.o
 *fill*         0x0000600d        0x3 ff
 .rodata.__num_Ciob_streams
                0x00006010        0x4 c:/nxp/mcuxpressoide_10.2.0_759/ide/tools/bin/../lib/gcc/arm-none-eabi/7.2.1/../../../../arm-none-eabi/lib/thumb/v7e-m/fpv4-sp/hard\libcr_semihost_nf.a(__ciob.o)
                0x00006010                __num_Ciob_streams
 .rodata.__assertion_failed.str1.1
                0x00006014       0x15 c:/nxp/mcuxpressoide_10.2.0_759/ide/tools/bin/../lib/gcc/arm-none-eabi/7.2.1/../../../../arm-none-eabi/lib/thumb/v7e-m/fpv4-sp/hard\libcr_semihost_nf.a(_cr_assert.o)
 .rodata._Csys_alloc.str1.1
                0x00006029       0x18 c:/nxp/mcuxpressoide_10.2.0_759/ide/tools/bin/../lib/gcc/arm-none-eabi/7.2.1/../../../../arm-none-eabi/lib/thumb/v7e-m/fpv4-sp/hard\libcr_c.a(alloc.o)
 .rodata._initio.str1.1
                0x00006041        0x4 c:/nxp/mcuxpressoide_10.2.0_759/ide/tools/bin/../lib/gcc/arm-none-eabi/7.2.1/../../../../arm-none-eabi/lib/thumb/v7e-m/fpv4-sp/hard\libcr_c.a(initio.o)
 .rodata.__vfprintf.str1.1
                0x00006045       0x35 c:/nxp/mcuxpressoide_10.2.0_759/ide/tools/bin/../lib/gcc/arm-none-eabi/7.2.1/../../../../arm-none-eabi/lib/thumb/v7e-m/fpv4-sp/hard\libcr_c.a(printf.o)
                                 0x38 (size before relaxing)
                0x00006080                . = ALIGN (0x8)
 *fill*         0x0000607a        0x6 ff

.glue_7         0x00006080        0x0
 .glue_7        0x00006080        0x0 linker stubs

.glue_7t        0x00006080        0x0
 .glue_7t       0x00006080        0x0 linker stubs

.vfp11_veneer   0x00006080        0x0
 .vfp11_veneer  0x00006080        0x0 linker stubs

.v4_bx          0x00006080        0x0
 .v4_bx         0x00006080        0x0 linker stubs

.iplt           0x00006080        0x0
 .iplt          0x00006080        0x0 ./utilities/fsl_debug_console.o

.rel.dyn        0x00006080        0x0
 .rel.iplt      0x00006080        0x0 ./utilities/fsl_debug_console.o

.ARM.extab
 *(SORT_BY_ALIGNMENT(.ARM.extab*) SORT_BY_ALIGNMENT(.gnu.linkonce.armextab.*))
                0x00006080                __exidx_start = .

.ARM.exidx
 *(SORT_BY_ALIGNMENT(.ARM.exidx*) SORT_BY_ALIGNMENT(.gnu.linkonce.armexidx.*))
                0x00006080                __exidx_end = .
                0x00006080                _etext = .

.m_usb_data
 *(SORT_BY_ALIGNMENT(m_usb_bdt))

.data_RAM2      0x1fff0000        0x0 load address 0x00006080
 FILL mask 0xff
                [!provide]                PROVIDE (__start_data_RAM2, .)
 *(SORT_BY_ALIGNMENT(.ramfunc.$RAM2))
 *(SORT_BY_ALIGNMENT(.ramfunc.$SRAM_LOWER))
 *(SORT_BY_ALIGNMENT(.data.$RAM2*))
 *(SORT_BY_ALIGNMENT(.data.$SRAM_LOWER*))
                0x1fff0000                . = ALIGN (0x8)
                [!provide]                PROVIDE (__end_data_RAM2, .)

.data_RAM3      0x14000000        0x0 load address 0x00006080
 FILL mask 0xff
                [!provide]                PROVIDE (__start_data_RAM3, .)
 *(SORT_BY_ALIGNMENT(.ramfunc.$RAM3))
 *(SORT_BY_ALIGNMENT(.ramfunc.$FLEX_RAM))
 *(SORT_BY_ALIGNMENT(.data.$RAM3*))
 *(SORT_BY_ALIGNMENT(.data.$FLEX_RAM*))
                0x14000000                . = ALIGN (0x8)
                [!provide]                PROVIDE (__end_data_RAM3, .)

.uninit_RESERVED
                0x20000000        0x0
 *(SORT_BY_ALIGNMENT(.bss.$RESERVED*))
                0x20000000                . = ALIGN (0x4)
                0x20000000                _end_uninit_RESERVED = .

.data           0x20000000       0x10 load address 0x00006080
 FILL mask 0xff
                0x20000000                _data = .
 *(SORT_BY_ALIGNMENT(vtable))
 *(SORT_BY_ALIGNMENT(.ramfunc*))
 *(SORT_BY_ALIGNMENT(.data*))
 .data.s_slowIrcFreq
                0x20000000        0x4 ./drivers/fsl_clock.o
 .data.s_fastIrcFreq
                0x20000004        0x4 ./drivers/fsl_clock.o
 .data.uxCriticalNesting
                0x20000008        0x4 ./amazon-freertos/FreeRTOS/portable/port.o
 .data.SystemCoreClock
                0x2000000c        0x4 ./CMSIS/system_MK64F12.o
                0x2000000c                SystemCoreClock
                0x20000010                . = ALIGN (0x8)
                0x20000010                _edata = .

.igot.plt       0x20000010        0x0 load address 0x00006090
 .igot.plt      0x20000010        0x0 ./utilities/fsl_debug_console.o

.bss_RAM2       0x1fff0000        0x0
                [!provide]                PROVIDE (__start_bss_RAM2, .)
 *(SORT_BY_ALIGNMENT(.bss.$RAM2*))
 *(SORT_BY_ALIGNMENT(.bss.$SRAM_LOWER*))
                0x1fff0000                . = ALIGN ((. != 0x0)?0x8:0x1)
                [!provide]                PROVIDE (__end_bss_RAM2, .)

.bss_RAM3       0x14000000        0x0
                [!provide]                PROVIDE (__start_bss_RAM3, .)
 *(SORT_BY_ALIGNMENT(.bss.$RAM3*))
 *(SORT_BY_ALIGNMENT(.bss.$FLEX_RAM*))
                0x14000000                . = ALIGN ((. != 0x0)?0x8:0x1)
                [!provide]                PROVIDE (__end_bss_RAM3, .)

.bss            0x20000010     0x2a90
                0x20000010                _bss = .
 *(SORT_BY_ALIGNMENT(.bss*))
 .bss.s_debugConsoleIO
                0x20000010        0x8 ./utilities/fsl_io.o
 .bss.event_group
                0x20000018        0x4 ./source/freertos_event.o
 .bss.g_xtal0Freq
                0x2000001c        0x4 ./drivers/fsl_clock.o
                0x2000001c                g_xtal0Freq
 .bss.g_xtal32Freq
                0x20000020        0x4 ./drivers/fsl_clock.o
                0x20000020                g_xtal32Freq
 .bss.s_uartHandle
                0x20000024       0x18 ./drivers/fsl_uart.o
 .bss.s_uartIsr
                0x2000003c        0x4 ./drivers/fsl_uart.o
 .bss.ucHeap    0x20000040     0x2800 ./amazon-freertos/FreeRTOS/portable/heap_4.o
 .bss.xStart    0x20002840        0x8 ./amazon-freertos/FreeRTOS/portable/heap_4.o
 .bss.pxEnd     0x20002848        0x4 ./amazon-freertos/FreeRTOS/portable/heap_4.o
 .bss.xFreeBytesRemaining
                0x2000284c        0x4 ./amazon-freertos/FreeRTOS/portable/heap_4.o
 .bss.xMinimumEverFreeBytesRemaining
                0x20002850        0x4 ./amazon-freertos/FreeRTOS/portable/heap_4.o
 .bss.xBlockAllocatedBit
                0x20002854        0x4 ./amazon-freertos/FreeRTOS/portable/heap_4.o
 .bss.ulMaxPRIGROUPValue
                0x20002858        0x4 ./amazon-freertos/FreeRTOS/portable/port.o
 .bss.xQueueRegistry
                0x2000285c       0x40 ./amazon-freertos/FreeRTOS/queue.o
                0x2000285c                xQueueRegistry
 .bss.pxCurrentTCB
                0x2000289c        0x4 ./amazon-freertos/FreeRTOS/tasks.o
                0x2000289c                pxCurrentTCB
 .bss.pxReadyTasksLists
                0x200028a0       0x64 ./amazon-freertos/FreeRTOS/tasks.o
 .bss.xDelayedTaskList1
                0x20002904       0x14 ./amazon-freertos/FreeRTOS/tasks.o
 .bss.xDelayedTaskList2
                0x20002918       0x14 ./amazon-freertos/FreeRTOS/tasks.o
 .bss.pxDelayedTaskList
                0x2000292c        0x4 ./amazon-freertos/FreeRTOS/tasks.o
 .bss.pxOverflowDelayedTaskList
                0x20002930        0x4 ./amazon-freertos/FreeRTOS/tasks.o
 .bss.xPendingReadyList
                0x20002934       0x14 ./amazon-freertos/FreeRTOS/tasks.o
 .bss.xTasksWaitingTermination
                0x20002948       0x14 ./amazon-freertos/FreeRTOS/tasks.o
 .bss.uxDeletedTasksWaitingCleanUp
                0x2000295c        0x4 ./amazon-freertos/FreeRTOS/tasks.o
 .bss.xSuspendedTaskList
                0x20002960       0x14 ./amazon-freertos/FreeRTOS/tasks.o
 .bss.uxCurrentNumberOfTasks
                0x20002974        0x4 ./amazon-freertos/FreeRTOS/tasks.o
 .bss.xTickCount
                0x20002978        0x4 ./amazon-freertos/FreeRTOS/tasks.o
 .bss.uxTopReadyPriority
                0x2000297c        0x4 ./amazon-freertos/FreeRTOS/tasks.o
 .bss.xSchedulerRunning
                0x20002980        0x4 ./amazon-freertos/FreeRTOS/tasks.o
 .bss.uxPendedTicks
                0x20002984        0x4 ./amazon-freertos/FreeRTOS/tasks.o
 .bss.xYieldPending
                0x20002988        0x4 ./amazon-freertos/FreeRTOS/tasks.o
 .bss.xNumOfOverflows
                0x2000298c        0x4 ./amazon-freertos/FreeRTOS/tasks.o
 .bss.uxTaskNumber
                0x20002990        0x4 ./amazon-freertos/FreeRTOS/tasks.o
 .bss.xNextTaskUnblockTime
                0x20002994        0x4 ./amazon-freertos/FreeRTOS/tasks.o
 .bss.xIdleTaskHandle
                0x20002998        0x4 ./amazon-freertos/FreeRTOS/tasks.o
 .bss.uxSchedulerSuspended
                0x2000299c        0x4 ./amazon-freertos/FreeRTOS/tasks.o
 .bss.xActiveTimerList1
                0x200029a0       0x14 ./amazon-freertos/FreeRTOS/timers.o
 .bss.xActiveTimerList2
                0x200029b4       0x14 ./amazon-freertos/FreeRTOS/timers.o
 .bss.pxCurrentTimerList
                0x200029c8        0x4 ./amazon-freertos/FreeRTOS/timers.o
 .bss.pxOverflowTimerList
                0x200029cc        0x4 ./amazon-freertos/FreeRTOS/timers.o
 .bss.xTimerQueue
                0x200029d0        0x4 ./amazon-freertos/FreeRTOS/timers.o
 .bss.xTimerTaskHandle
                0x200029d4        0x4 ./amazon-freertos/FreeRTOS/timers.o
 .bss.xLastTime.5855
                0x200029d8        0x4 ./amazon-freertos/FreeRTOS/timers.o
 .bss.__Ciob    0x200029dc       0xb4 c:/nxp/mcuxpressoide_10.2.0_759/ide/tools/bin/../lib/gcc/arm-none-eabi/7.2.1/../../../../arm-none-eabi/lib/thumb/v7e-m/fpv4-sp/hard\libcr_semihost_nf.a(__ciob.o)
                0x200029dc                __Ciob
 .bss.__end_of_heap
                0x20002a90        0x4 c:/nxp/mcuxpressoide_10.2.0_759/ide/tools/bin/../lib/gcc/arm-none-eabi/7.2.1/../../../../arm-none-eabi/lib/thumb/v7e-m/fpv4-sp/hard\libcr_c.a(__init_alloc.o)
                0x20002a90                __end_of_heap
 .bss.__heaps   0x20002a94        0x4 c:/nxp/mcuxpressoide_10.2.0_759/ide/tools/bin/../lib/gcc/arm-none-eabi/7.2.1/../../../../arm-none-eabi/lib/thumb/v7e-m/fpv4-sp/hard\libcr_c.a(__init_alloc.o)
                0x20002a94                __heaps
 .bss.errno     0x20002a98        0x4 c:/nxp/mcuxpressoide_10.2.0_759/ide/tools/bin/../lib/gcc/arm-none-eabi/7.2.1/../../../../arm-none-eabi/lib/thumb/v7e-m/fpv4-sp/hard\libcr_c.a(errno.o)
                0x20002a98                errno
 .bss.ucMaxSysCallPriority
                0x20002a9c        0x1 ./amazon-freertos/FreeRTOS/portable/port.o
 *(SORT_BY_ALIGNMENT(COMMON))
                0x20002aa0                . = ALIGN (0x8)
 *fill*         0x20002a9d        0x3 
                0x20002aa0                _ebss = .
                [!provide]                PROVIDE (end, .)

.noinit_RAM2    0x1fff0000        0x0
 *(SORT_BY_ALIGNMENT(.noinit.$RAM2*))
 *(SORT_BY_ALIGNMENT(.noinit.$SRAM_LOWER*))
                0x1fff0000                . = ALIGN (0x8)

.noinit_RAM3    0x14000000        0x0
 *(SORT_BY_ALIGNMENT(.noinit.$RAM3*))
 *(SORT_BY_ALIGNMENT(.noinit.$FLEX_RAM*))
                0x14000000                . = ALIGN (0x8)

.noinit         0x20002aa0        0x0
                0x20002aa0                _noinit = .
 *(SORT_BY_ALIGNMENT(.noinit*))
                0x20002aa0                . = ALIGN (0x8)
                0x20002aa0                _end_noinit = .
                0x00001000                _HeapSize = 0x1000

.heap           0x20002aa0     0x1000
                0x20002aa0                _pvHeapStart = .
                0x20003aa0                . = (. + _HeapSize)
 *fill*         0x20002aa0     0x1000 
                0x20003aa0                . = ALIGN (0x8)
                0x20003aa0                _pvHeapLimit = .
                0x00001000                _StackSize = 0x1000

.heap2stackfill
                0x20003aa0     0x1000
                0x20004aa0                . = (. + _StackSize)
 *fill*         0x20003aa0     0x1000 

.stack          0x2002f000        0x0
                0x2002f000                _vStackBase = .
                0x2002f000                . = ALIGN (0x8)
                0x20030000                _vStackTop = (. + _StackSize)
                0x00000000                _image_start = LOADADDR (.text)
                0x00006090                _image_end = (LOADADDR (.data) + SIZEOF (.data))
                0x00006090                _image_size = (_image_end - _image_start)
OUTPUT(frdmk64f_freertos_event.axf elf32-littlearm)

.debug_info     0x00000000     0xcfc7
 .debug_info    0x00000000      0x2b9 ./utilities/fsl_debug_console.o
 .debug_info    0x000002b9      0x820 ./utilities/fsl_io.o
 .debug_info    0x00000ad9      0x344 ./utilities/fsl_log.o
 .debug_info    0x00000e1d      0x8ac ./startup/startup_mk64f12.o
 .debug_info    0x000016c9      0x7e0 ./source/freertos_event.o
 .debug_info    0x00001ea9       0x37 ./source/semihost_hardfault.o
 .debug_info    0x00001ee0     0x1e9b ./drivers/fsl_clock.o
 .debug_info    0x00003d7b     0x19db ./drivers/fsl_uart.o
 .debug_info    0x00005756      0x70e ./board/src/board.o
 .debug_info    0x00005e64      0xaa2 ./board/src/clock_config.o
 .debug_info    0x00006906      0x64d ./board/pin_mux.o
 .debug_info    0x00006f53       0xe1 ./amazon-freertos/portable/fsl_tickless_systick.o
 .debug_info    0x00007034      0x3e6 ./amazon-freertos/FreeRTOS/portable/heap_4.o
 .debug_info    0x0000741a      0x52a ./amazon-freertos/FreeRTOS/portable/port.o
 .debug_info    0x00007944      0x9c9 ./amazon-freertos/FreeRTOS/event_groups.o
 .debug_info    0x0000830d      0x2c5 ./amazon-freertos/FreeRTOS/list.o
 .debug_info    0x000085d2     0x168c ./amazon-freertos/FreeRTOS/queue.o
 .debug_info    0x00009c5e     0x1f9b ./amazon-freertos/FreeRTOS/tasks.o
 .debug_info    0x0000bbf9      0xda1 ./amazon-freertos/FreeRTOS/timers.o
 .debug_info    0x0000c99a      0x62d ./CMSIS/system_MK64F12.o

.debug_abbrev   0x00000000     0x23f0
 .debug_abbrev  0x00000000      0x104 ./utilities/fsl_debug_console.o
 .debug_abbrev  0x00000104      0x21d ./utilities/fsl_io.o
 .debug_abbrev  0x00000321      0x17d ./utilities/fsl_log.o
 .debug_abbrev  0x0000049e      0x159 ./startup/startup_mk64f12.o
 .debug_abbrev  0x000005f7      0x16c ./source/freertos_event.o
 .debug_abbrev  0x00000763       0x2c ./source/semihost_hardfault.o
 .debug_abbrev  0x0000078f      0x31e ./drivers/fsl_clock.o
 .debug_abbrev  0x00000aad      0x300 ./drivers/fsl_uart.o
 .debug_abbrev  0x00000dad      0x159 ./board/src/board.o
 .debug_abbrev  0x00000f06      0x1f1 ./board/src/clock_config.o
 .debug_abbrev  0x000010f7      0x196 ./board/pin_mux.o
 .debug_abbrev  0x0000128d       0x8f ./amazon-freertos/portable/fsl_tickless_systick.o
 .debug_abbrev  0x0000131c      0x1e5 ./amazon-freertos/FreeRTOS/portable/heap_4.o
 .debug_abbrev  0x00001501      0x249 ./amazon-freertos/FreeRTOS/portable/port.o
 .debug_abbrev  0x0000174a      0x23b ./amazon-freertos/FreeRTOS/event_groups.o
 .debug_abbrev  0x00001985      0x116 ./amazon-freertos/FreeRTOS/list.o
 .debug_abbrev  0x00001a9b      0x2b3 ./amazon-freertos/FreeRTOS/queue.o
 .debug_abbrev  0x00001d4e      0x2fe ./amazon-freertos/FreeRTOS/tasks.o
 .debug_abbrev  0x0000204c      0x253 ./amazon-freertos/FreeRTOS/timers.o
 .debug_abbrev  0x0000229f      0x151 ./CMSIS/system_MK64F12.o

.debug_aranges  0x00000000      0xe48
 .debug_aranges
                0x00000000       0x30 ./utilities/fsl_debug_console.o
 .debug_aranges
                0x00000030       0x48 ./utilities/fsl_io.o
 .debug_aranges
                0x00000078       0x58 ./utilities/fsl_log.o
 .debug_aranges
                0x000000d0      0x330 ./startup/startup_mk64f12.o
 .debug_aranges
                0x00000400       0x48 ./source/freertos_event.o
 .debug_aranges
                0x00000448       0x20 ./source/semihost_hardfault.o
 .debug_aranges
                0x00000468      0x1e8 ./drivers/fsl_clock.o
 .debug_aranges
                0x00000650      0x170 ./drivers/fsl_uart.o
 .debug_aranges
                0x000007c0       0x20 ./board/src/board.o
 .debug_aranges
                0x000007e0       0x50 ./board/src/clock_config.o
 .debug_aranges
                0x00000830       0x30 ./board/pin_mux.o
 .debug_aranges
                0x00000860       0x20 ./amazon-freertos/portable/fsl_tickless_systick.o
 .debug_aranges
                0x00000880       0x50 ./amazon-freertos/FreeRTOS/portable/heap_4.o
 .debug_aranges
                0x000008d0       0x78 ./amazon-freertos/FreeRTOS/portable/port.o
 .debug_aranges
                0x00000948       0x88 ./amazon-freertos/FreeRTOS/event_groups.o
 .debug_aranges
                0x000009d0       0x40 ./amazon-freertos/FreeRTOS/list.o
 .debug_aranges
                0x00000a10      0x130 ./amazon-freertos/FreeRTOS/queue.o
 .debug_aranges
                0x00000b40      0x200 ./amazon-freertos/FreeRTOS/tasks.o
 .debug_aranges
                0x00000d40       0xd8 ./amazon-freertos/FreeRTOS/timers.o
 .debug_aranges
                0x00000e18       0x30 ./CMSIS/system_MK64F12.o

.debug_ranges   0x00000000      0xd08
 .debug_ranges  0x00000000       0x20 ./utilities/fsl_debug_console.o
 .debug_ranges  0x00000020       0x38 ./utilities/fsl_io.o
 .debug_ranges  0x00000058       0x48 ./utilities/fsl_log.o
 .debug_ranges  0x000000a0      0x320 ./startup/startup_mk64f12.o
 .debug_ranges  0x000003c0       0x38 ./source/freertos_event.o
 .debug_ranges  0x000003f8       0x10 ./source/semihost_hardfault.o
 .debug_ranges  0x00000408      0x1d8 ./drivers/fsl_clock.o
 .debug_ranges  0x000005e0      0x160 ./drivers/fsl_uart.o
 .debug_ranges  0x00000740       0x10 ./board/src/board.o
 .debug_ranges  0x00000750       0x40 ./board/src/clock_config.o
 .debug_ranges  0x00000790       0x20 ./board/pin_mux.o
 .debug_ranges  0x000007b0       0x10 ./amazon-freertos/portable/fsl_tickless_systick.o
 .debug_ranges  0x000007c0       0x40 ./amazon-freertos/FreeRTOS/portable/heap_4.o
 .debug_ranges  0x00000800       0x68 ./amazon-freertos/FreeRTOS/portable/port.o
 .debug_ranges  0x00000868       0x78 ./amazon-freertos/FreeRTOS/event_groups.o
 .debug_ranges  0x000008e0       0x30 ./amazon-freertos/FreeRTOS/list.o
 .debug_ranges  0x00000910      0x120 ./amazon-freertos/FreeRTOS/queue.o
 .debug_ranges  0x00000a30      0x1f0 ./amazon-freertos/FreeRTOS/tasks.o
 .debug_ranges  0x00000c20       0xc8 ./amazon-freertos/FreeRTOS/timers.o
 .debug_ranges  0x00000ce8       0x20 ./CMSIS/system_MK64F12.o

.debug_line     0x00000000     0x528a
 .debug_line    0x00000000      0x175 ./utilities/fsl_debug_console.o
 .debug_line    0x00000175      0x206 ./utilities/fsl_io.o
 .debug_line    0x0000037b      0x211 ./utilities/fsl_log.o
 .debug_line    0x0000058c      0x6d4 ./startup/startup_mk64f12.o
 .debug_line    0x00000c60      0x283 ./source/freertos_event.o
 .debug_line    0x00000ee3       0x54 ./source/semihost_hardfault.o
 .debug_line    0x00000f37      0x928 ./drivers/fsl_clock.o
 .debug_line    0x0000185f      0x938 ./drivers/fsl_uart.o
 .debug_line    0x00002197      0x14b ./board/src/board.o
 .debug_line    0x000022e2      0x1ee ./board/src/clock_config.o
 .debug_line    0x000024d0      0x168 ./board/pin_mux.o
 .debug_line    0x00002638      0x133 ./amazon-freertos/portable/fsl_tickless_systick.o
 .debug_line    0x0000276b      0x23f ./amazon-freertos/FreeRTOS/portable/heap_4.o
 .debug_line    0x000029aa      0x320 ./amazon-freertos/FreeRTOS/portable/port.o
 .debug_line    0x00002cca      0x40f ./amazon-freertos/FreeRTOS/event_groups.o
 .debug_line    0x000030d9      0x1b5 ./amazon-freertos/FreeRTOS/list.o
 .debug_line    0x0000328e      0xaca ./amazon-freertos/FreeRTOS/queue.o
 .debug_line    0x00003d58      0xe82 ./amazon-freertos/FreeRTOS/tasks.o
 .debug_line    0x00004bda      0x528 ./amazon-freertos/FreeRTOS/timers.o
 .debug_line    0x00005102      0x188 ./CMSIS/system_MK64F12.o

.debug_str      0x00000000     0x6065
 .debug_str     0x00000000      0x393 ./utilities/fsl_debug_console.o
                                0x3d4 (size before relaxing)
 .debug_str     0x00000393      0x9e9 ./utilities/fsl_io.o
                                0xccf (size before relaxing)
 .debug_str     0x00000d7c       0x85 ./utilities/fsl_log.o
                                0x3a1 (size before relaxing)
 .debug_str     0x00000e01      0x7ed ./startup/startup_mk64f12.o
                                0x91f (size before relaxing)
 .debug_str     0x000015ee      0x44d ./source/freertos_event.o
                                0xc8d (size before relaxing)
 .debug_str     0x00001a3b       0x1f ./source/semihost_hardfault.o
                                0x141 (size before relaxing)
 .debug_str     0x00001a5a     0x11a2 ./drivers/fsl_clock.o
                               0x1cf5 (size before relaxing)
 .debug_str     0x00002bfc      0xf38 ./drivers/fsl_uart.o
                               0x1e51 (size before relaxing)
 .debug_str     0x00003b34       0x3b ./board/src/board.o
                                0x73b (size before relaxing)
 .debug_str     0x00003b6f      0x226 ./board/src/clock_config.o
                                0xebe (size before relaxing)
 .debug_str     0x00003d95      0x164 ./board/pin_mux.o
                                0x6e7 (size before relaxing)
 .debug_str     0x00003ef9       0x4c ./amazon-freertos/portable/fsl_tickless_systick.o
                                0x246 (size before relaxing)
 .debug_str     0x00003f45      0x20b ./amazon-freertos/FreeRTOS/portable/heap_4.o
                                0x3f9 (size before relaxing)
 .debug_str     0x00004150      0x1f7 ./amazon-freertos/FreeRTOS/portable/port.o
                                0x45c (size before relaxing)
 .debug_str     0x00004347      0x3bf ./amazon-freertos/FreeRTOS/event_groups.o
                                0x65b (size before relaxing)
 .debug_str     0x00004706       0xa5 ./amazon-freertos/FreeRTOS/list.o
                                0x33c (size before relaxing)
 .debug_str     0x000047ab      0x5ca ./amazon-freertos/FreeRTOS/queue.o
                                0x950 (size before relaxing)
 .debug_str     0x00004d75      0xcc8 ./amazon-freertos/FreeRTOS/tasks.o
                               0x111b (size before relaxing)
 .debug_str     0x00005a3d      0x518 ./amazon-freertos/FreeRTOS/timers.o
                                0x868 (size before relaxing)
 .debug_str     0x00005f55      0x110 ./CMSIS/system_MK64F12.o
                                0x3ea (size before relaxing)

.comment        0x00000000       0x7e
 .comment       0x00000000       0x7e ./utilities/fsl_debug_console.o
                                 0x7f (size before relaxing)
 .comment       0x0000007e       0x7f ./utilities/fsl_io.o
 .comment       0x0000007e       0x7f ./utilities/fsl_log.o
 .comment       0x0000007e       0x7f ./startup/startup_mk64f12.o
 .comment       0x0000007e       0x7f ./source/freertos_event.o
 .comment       0x0000007e       0x7f ./source/semihost_hardfault.o
 .comment       0x0000007e       0x7f ./drivers/fsl_clock.o
 .comment       0x0000007e       0x7f ./drivers/fsl_uart.o
 .comment       0x0000007e       0x7f ./board/src/board.o
 .comment       0x0000007e       0x7f ./board/src/clock_config.o
 .comment       0x0000007e       0x7f ./board/pin_mux.o
 .comment       0x0000007e       0x7f ./amazon-freertos/portable/fsl_tickless_systick.o
 .comment       0x0000007e       0x7f ./amazon-freertos/FreeRTOS/portable/heap_4.o
 .comment       0x0000007e       0x7f ./amazon-freertos/FreeRTOS/portable/port.o
 .comment       0x0000007e       0x7f ./amazon-freertos/FreeRTOS/event_groups.o
 .comment       0x0000007e       0x7f ./amazon-freertos/FreeRTOS/list.o
 .comment       0x0000007e       0x7f ./amazon-freertos/FreeRTOS/queue.o
 .comment       0x0000007e       0x7f ./amazon-freertos/FreeRTOS/tasks.o
 .comment       0x0000007e       0x7f ./amazon-freertos/FreeRTOS/timers.o
 .comment       0x0000007e       0x7f ./CMSIS/system_MK64F12.o
 .comment       0x0000007e       0x7f c:/nxp/mcuxpressoide_10.2.0_759/ide/tools/bin/../lib/gcc/arm-none-eabi/7.2.1/../../../../arm-none-eabi/lib/thumb/v7e-m/fpv4-sp/hard\libcr_semihost_nf.a(_cr__main.o)
 .comment       0x0000007e       0x7f c:/nxp/mcuxpressoide_10.2.0_759/ide/tools/bin/../lib/gcc/arm-none-eabi/7.2.1/../../../../arm-none-eabi/lib/thumb/v7e-m/fpv4-sp/hard\libcr_semihost_nf.a(_cr_assert.o)
 .comment       0x0000007e       0x7f c:/nxp/mcuxpressoide_10.2.0_759/ide/tools/bin/../lib/gcc/arm-none-eabi/7.2.1/../../../../arm-none-eabi/lib/thumb/v7e-m/fpv4-sp/hard\libcr_semihost_nf.a(__ciob.o)
 .comment       0x0000007e       0x7f c:/nxp/mcuxpressoide_10.2.0_759/ide/tools/bin/../lib/gcc/arm-none-eabi/7.2.1/../../../../arm-none-eabi/lib/thumb/v7e-m/fpv4-sp/hard\libcr_c.a(memcpy.o)
 .comment       0x0000007e       0x7f c:/nxp/mcuxpressoide_10.2.0_759/ide/tools/bin/../lib/gcc/arm-none-eabi/7.2.1/../../../../arm-none-eabi/lib/thumb/v7e-m/fpv4-sp/hard\libcr_c.a(memset.o)
 .comment       0x0000007e       0x7f c:/nxp/mcuxpressoide_10.2.0_759/ide/tools/bin/../lib/gcc/arm-none-eabi/7.2.1/../../../../arm-none-eabi/lib/thumb/v7e-m/fpv4-sp/hard\libcr_c.a(_deferredlazyseek.o)
 .comment       0x0000007e       0x7f c:/nxp/mcuxpressoide_10.2.0_759/ide/tools/bin/../lib/gcc/arm-none-eabi/7.2.1/../../../../arm-none-eabi/lib/thumb/v7e-m/fpv4-sp/hard\libcr_c.a(_fflush.o)
 .comment       0x0000007e       0x7f c:/nxp/mcuxpressoide_10.2.0_759/ide/tools/bin/../lib/gcc/arm-none-eabi/7.2.1/../../../../arm-none-eabi/lib/thumb/v7e-m/fpv4-sp/hard\libcr_c.a(_writebuf.o)
 .comment       0x0000007e       0x7f c:/nxp/mcuxpressoide_10.2.0_759/ide/tools/bin/../lib/gcc/arm-none-eabi/7.2.1/../../../../arm-none-eabi/lib/thumb/v7e-m/fpv4-sp/hard\libcr_c.a(alloc.o)
 .comment       0x0000007e       0x7f c:/nxp/mcuxpressoide_10.2.0_759/ide/tools/bin/../lib/gcc/arm-none-eabi/7.2.1/../../../../arm-none-eabi/lib/thumb/v7e-m/fpv4-sp/hard\libcr_c.a(fputs.o)
 .comment       0x0000007e       0x7f c:/nxp/mcuxpressoide_10.2.0_759/ide/tools/bin/../lib/gcc/arm-none-eabi/7.2.1/../../../../arm-none-eabi/lib/thumb/v7e-m/fpv4-sp/hard\libcr_c.a(fseek.o)
 .comment       0x0000007e       0x7f c:/nxp/mcuxpressoide_10.2.0_759/ide/tools/bin/../lib/gcc/arm-none-eabi/7.2.1/../../../../arm-none-eabi/lib/thumb/v7e-m/fpv4-sp/hard\libcr_c.a(ftell.o)
 .comment       0x0000007e       0x7f c:/nxp/mcuxpressoide_10.2.0_759/ide/tools/bin/../lib/gcc/arm-none-eabi/7.2.1/../../../../arm-none-eabi/lib/thumb/v7e-m/fpv4-sp/hard\libcr_c.a(initio.o)
 .comment       0x0000007e       0x7f c:/nxp/mcuxpressoide_10.2.0_759/ide/tools/bin/../lib/gcc/arm-none-eabi/7.2.1/../../../../arm-none-eabi/lib/thumb/v7e-m/fpv4-sp/hard\libcr_c.a(printf.o)
 .comment       0x0000007e       0x7f c:/nxp/mcuxpressoide_10.2.0_759/ide/tools/bin/../lib/gcc/arm-none-eabi/7.2.1/../../../../arm-none-eabi/lib/thumb/v7e-m/fpv4-sp/hard\libcr_c.a(setvbuf.o)
 .comment       0x0000007e       0x7f c:/nxp/mcuxpressoide_10.2.0_759/ide/tools/bin/../lib/gcc/arm-none-eabi/7.2.1/../../../../arm-none-eabi/lib/thumb/v7e-m/fpv4-sp/hard\libcr_c.a(strlen.o)
 .comment       0x0000007e       0x7f c:/nxp/mcuxpressoide_10.2.0_759/ide/tools/bin/../lib/gcc/arm-none-eabi/7.2.1/../../../../arm-none-eabi/lib/thumb/v7e-m/fpv4-sp/hard\libcr_c.a(__init_alloc.o)
 .comment       0x0000007e       0x7f c:/nxp/mcuxpressoide_10.2.0_759/ide/tools/bin/../lib/gcc/arm-none-eabi/7.2.1/../../../../arm-none-eabi/lib/thumb/v7e-m/fpv4-sp/hard\libcr_c.a(_cr_sbrk.o)
 .comment       0x0000007e       0x7f c:/nxp/mcuxpressoide_10.2.0_759/ide/tools/bin/../lib/gcc/arm-none-eabi/7.2.1/../../../../arm-none-eabi/lib/thumb/v7e-m/fpv4-sp/hard\libcr_c.a(_fdopen.o)
 .comment       0x0000007e       0x7f c:/nxp/mcuxpressoide_10.2.0_759/ide/tools/bin/../lib/gcc/arm-none-eabi/7.2.1/../../../../arm-none-eabi/lib/thumb/v7e-m/fpv4-sp/hard\libcr_c.a(errno.o)
 .comment       0x0000007e       0x7f c:/nxp/mcuxpressoide_10.2.0_759/ide/tools/bin/../lib/gcc/arm-none-eabi/7.2.1/../../../../arm-none-eabi/lib/thumb/v7e-m/fpv4-sp/hard\libcr_c.a(fclose.o)
 .comment       0x0000007e       0x7f c:/nxp/mcuxpressoide_10.2.0_759/ide/tools/bin/../lib/gcc/arm-none-eabi/7.2.1/../../../../arm-none-eabi/lib/thumb/v7e-m/fpv4-sp/hard\libcr_c.a(fflush.o)
 .comment       0x0000007e       0x7f c:/nxp/mcuxpressoide_10.2.0_759/ide/tools/bin/../lib/gcc/arm-none-eabi/7.2.1/../../../../arm-none-eabi/lib/thumb/v7e-m/fpv4-sp/hard\libcr_c.a(remove.o)
 .comment       0x0000007e       0x7f c:/nxp/mcuxpressoide_10.2.0_759/ide/tools/bin/../lib/gcc/arm-none-eabi/7.2.1/../../../../arm-none-eabi/lib/thumb/v7e-m/fpv4-sp/hard\libcr_c.a(_cr_check_heap.o)
 .comment       0x0000007e       0x7f c:/nxp/mcuxpressoide_10.2.0_759/ide/tools/bin/../lib/gcc/arm-none-eabi/7.2.1/../../../../arm-none-eabi/lib/thumb/v7e-m/fpv4-sp/hard\libcr_c.a(_do_fflush.o)

.ARM.attributes
                0x00000000       0x37
 .ARM.attributes
                0x00000000       0x39 ./utilities/fsl_debug_console.o
 .ARM.attributes
                0x00000039       0x39 ./utilities/fsl_io.o
 .ARM.attributes
                0x00000072       0x39 ./utilities/fsl_log.o
 .ARM.attributes
                0x000000ab       0x39 ./startup/startup_mk64f12.o
 .ARM.attributes
                0x000000e4       0x39 ./source/freertos_event.o
 .ARM.attributes
                0x0000011d       0x39 ./source/semihost_hardfault.o
 .ARM.attributes
                0x00000156       0x39 ./drivers/fsl_clock.o
 .ARM.attributes
                0x0000018f       0x39 ./drivers/fsl_uart.o
 .ARM.attributes
                0x000001c8       0x39 ./board/src/board.o
 .ARM.attributes
                0x00000201       0x39 ./board/src/clock_config.o
 .ARM.attributes
                0x0000023a       0x39 ./board/pin_mux.o
 .ARM.attributes
                0x00000273       0x39 ./amazon-freertos/portable/fsl_tickless_systick.o
 .ARM.attributes
                0x000002ac       0x39 ./amazon-freertos/FreeRTOS/portable/heap_4.o
 .ARM.attributes
                0x000002e5       0x39 ./amazon-freertos/FreeRTOS/portable/port.o
 .ARM.attributes
                0x0000031e       0x39 ./amazon-freertos/FreeRTOS/event_groups.o
 .ARM.attributes
                0x00000357       0x39 ./amazon-freertos/FreeRTOS/list.o
 .ARM.attributes
                0x00000390       0x39 ./amazon-freertos/FreeRTOS/queue.o
 .ARM.attributes
                0x000003c9       0x39 ./amazon-freertos/FreeRTOS/tasks.o
 .ARM.attributes
                0x00000402       0x39 ./amazon-freertos/FreeRTOS/timers.o
 .ARM.attributes
                0x0000043b       0x39 ./CMSIS/system_MK64F12.o
 .ARM.attributes
                0x00000474       0x39 c:/nxp/mcuxpressoide_10.2.0_759/ide/tools/bin/../lib/gcc/arm-none-eabi/7.2.1/../../../../arm-none-eabi/lib/thumb/v7e-m/fpv4-sp/hard\libcr_semihost_nf.a(_cr__main.o)
 .ARM.attributes
                0x000004ad       0x39 c:/nxp/mcuxpressoide_10.2.0_759/ide/tools/bin/../lib/gcc/arm-none-eabi/7.2.1/../../../../arm-none-eabi/lib/thumb/v7e-m/fpv4-sp/hard\libcr_semihost_nf.a(_cr_assert.o)
 .ARM.attributes
                0x000004e6       0x39 c:/nxp/mcuxpressoide_10.2.0_759/ide/tools/bin/../lib/gcc/arm-none-eabi/7.2.1/../../../../arm-none-eabi/lib/thumb/v7e-m/fpv4-sp/hard\libcr_semihost_nf.a(__ciob.o)
 .ARM.attributes
                0x0000051f       0x25 c:/nxp/mcuxpressoide_10.2.0_759/ide/tools/bin/../lib/gcc/arm-none-eabi/7.2.1/../../../../arm-none-eabi/lib/thumb/v7e-m/fpv4-sp/hard\libcr_semihost_nf.a(__sys_appexit.o)
 .ARM.attributes
                0x00000544       0x39 c:/nxp/mcuxpressoide_10.2.0_759/ide/tools/bin/../lib/gcc/arm-none-eabi/7.2.1/../../../../arm-none-eabi/lib/thumb/v7e-m/fpv4-sp/hard\libcr_c.a(memcpy.o)
 .ARM.attributes
                0x0000057d       0x39 c:/nxp/mcuxpressoide_10.2.0_759/ide/tools/bin/../lib/gcc/arm-none-eabi/7.2.1/../../../../arm-none-eabi/lib/thumb/v7e-m/fpv4-sp/hard\libcr_c.a(memset.o)
 .ARM.attributes
                0x000005b6       0x39 c:/nxp/mcuxpressoide_10.2.0_759/ide/tools/bin/../lib/gcc/arm-none-eabi/7.2.1/../../../../arm-none-eabi/lib/thumb/v7e-m/fpv4-sp/hard\libcr_c.a(_deferredlazyseek.o)
 .ARM.attributes
                0x000005ef       0x39 c:/nxp/mcuxpressoide_10.2.0_759/ide/tools/bin/../lib/gcc/arm-none-eabi/7.2.1/../../../../arm-none-eabi/lib/thumb/v7e-m/fpv4-sp/hard\libcr_c.a(_fflush.o)
 .ARM.attributes
                0x00000628       0x39 c:/nxp/mcuxpressoide_10.2.0_759/ide/tools/bin/../lib/gcc/arm-none-eabi/7.2.1/../../../../arm-none-eabi/lib/thumb/v7e-m/fpv4-sp/hard\libcr_c.a(_writebuf.o)
 .ARM.attributes
                0x00000661       0x39 c:/nxp/mcuxpressoide_10.2.0_759/ide/tools/bin/../lib/gcc/arm-none-eabi/7.2.1/../../../../arm-none-eabi/lib/thumb/v7e-m/fpv4-sp/hard\libcr_c.a(alloc.o)
 .ARM.attributes
                0x0000069a       0x39 c:/nxp/mcuxpressoide_10.2.0_759/ide/tools/bin/../lib/gcc/arm-none-eabi/7.2.1/../../../../arm-none-eabi/lib/thumb/v7e-m/fpv4-sp/hard\libcr_c.a(fputs.o)
 .ARM.attributes
                0x000006d3       0x39 c:/nxp/mcuxpressoide_10.2.0_759/ide/tools/bin/../lib/gcc/arm-none-eabi/7.2.1/../../../../arm-none-eabi/lib/thumb/v7e-m/fpv4-sp/hard\libcr_c.a(fseek.o)
 .ARM.attributes
                0x0000070c       0x39 c:/nxp/mcuxpressoide_10.2.0_759/ide/tools/bin/../lib/gcc/arm-none-eabi/7.2.1/../../../../arm-none-eabi/lib/thumb/v7e-m/fpv4-sp/hard\libcr_c.a(ftell.o)
 .ARM.attributes
                0x00000745       0x39 c:/nxp/mcuxpressoide_10.2.0_759/ide/tools/bin/../lib/gcc/arm-none-eabi/7.2.1/../../../../arm-none-eabi/lib/thumb/v7e-m/fpv4-sp/hard\libcr_c.a(initio.o)
 .ARM.attributes
                0x0000077e       0x39 c:/nxp/mcuxpressoide_10.2.0_759/ide/tools/bin/../lib/gcc/arm-none-eabi/7.2.1/../../../../arm-none-eabi/lib/thumb/v7e-m/fpv4-sp/hard\libcr_c.a(printf.o)
 .ARM.attributes
                0x000007b7       0x39 c:/nxp/mcuxpressoide_10.2.0_759/ide/tools/bin/../lib/gcc/arm-none-eabi/7.2.1/../../../../arm-none-eabi/lib/thumb/v7e-m/fpv4-sp/hard\libcr_c.a(setvbuf.o)
 .ARM.attributes
                0x000007f0       0x39 c:/nxp/mcuxpressoide_10.2.0_759/ide/tools/bin/../lib/gcc/arm-none-eabi/7.2.1/../../../../arm-none-eabi/lib/thumb/v7e-m/fpv4-sp/hard\libcr_c.a(strlen.o)
 .ARM.attributes
                0x00000829       0x39 c:/nxp/mcuxpressoide_10.2.0_759/ide/tools/bin/../lib/gcc/arm-none-eabi/7.2.1/../../../../arm-none-eabi/lib/thumb/v7e-m/fpv4-sp/hard\libcr_c.a(__init_alloc.o)
 .ARM.attributes
                0x00000862       0x39 c:/nxp/mcuxpressoide_10.2.0_759/ide/tools/bin/../lib/gcc/arm-none-eabi/7.2.1/../../../../arm-none-eabi/lib/thumb/v7e-m/fpv4-sp/hard\libcr_c.a(_cr_sbrk.o)
 .ARM.attributes
                0x0000089b       0x39 c:/nxp/mcuxpressoide_10.2.0_759/ide/tools/bin/../lib/gcc/arm-none-eabi/7.2.1/../../../../arm-none-eabi/lib/thumb/v7e-m/fpv4-sp/hard\libcr_c.a(_fdopen.o)
 .ARM.attributes
                0x000008d4       0x39 c:/nxp/mcuxpressoide_10.2.0_759/ide/tools/bin/../lib/gcc/arm-none-eabi/7.2.1/../../../../arm-none-eabi/lib/thumb/v7e-m/fpv4-sp/hard\libcr_c.a(errno.o)
 .ARM.attributes
                0x0000090d       0x39 c:/nxp/mcuxpressoide_10.2.0_759/ide/tools/bin/../lib/gcc/arm-none-eabi/7.2.1/../../../../arm-none-eabi/lib/thumb/v7e-m/fpv4-sp/hard\libcr_c.a(fclose.o)
 .ARM.attributes
                0x00000946       0x39 c:/nxp/mcuxpressoide_10.2.0_759/ide/tools/bin/../lib/gcc/arm-none-eabi/7.2.1/../../../../arm-none-eabi/lib/thumb/v7e-m/fpv4-sp/hard\libcr_c.a(fflush.o)
 .ARM.attributes
                0x0000097f       0x39 c:/nxp/mcuxpressoide_10.2.0_759/ide/tools/bin/../lib/gcc/arm-none-eabi/7.2.1/../../../../arm-none-eabi/lib/thumb/v7e-m/fpv4-sp/hard\libcr_c.a(remove.o)
 .ARM.attributes
                0x000009b8       0x39 c:/nxp/mcuxpressoide_10.2.0_759/ide/tools/bin/../lib/gcc/arm-none-eabi/7.2.1/../../../../arm-none-eabi/lib/thumb/v7e-m/fpv4-sp/hard\libcr_c.a(_cr_check_heap.o)
 .ARM.attributes
                0x000009f1       0x39 c:/nxp/mcuxpressoide_10.2.0_759/ide/tools/bin/../lib/gcc/arm-none-eabi/7.2.1/../../../../arm-none-eabi/lib/thumb/v7e-m/fpv4-sp/hard\libcr_c.a(_do_fflush.o)
 .ARM.attributes
                0x00000a2a       0x25 c:/nxp/mcuxpressoide_10.2.0_759/ide/tools/bin/../lib/gcc/arm-none-eabi/7.2.1/thumb/v7e-m/fpv4-sp/hard\libcr_eabihelpers.a(memcpy.o)
 .ARM.attributes
                0x00000a4f       0x25 c:/nxp/mcuxpressoide_10.2.0_759/ide/tools/bin/../lib/gcc/arm-none-eabi/7.2.1/../../../../arm-none-eabi/lib/thumb/v7e-m/fpv4-sp/hard\libcr_semihost_nf.a(__sys_close.o)
 .ARM.attributes
                0x00000a74       0x25 c:/nxp/mcuxpressoide_10.2.0_759/ide/tools/bin/../lib/gcc/arm-none-eabi/7.2.1/../../../../arm-none-eabi/lib/thumb/v7e-m/fpv4-sp/hard\libcr_semihost_nf.a(__sys_flen.o)
 .ARM.attributes
                0x00000a99       0x25 c:/nxp/mcuxpressoide_10.2.0_759/ide/tools/bin/../lib/gcc/arm-none-eabi/7.2.1/../../../../arm-none-eabi/lib/thumb/v7e-m/fpv4-sp/hard\libcr_semihost_nf.a(__sys_istty.o)
 .ARM.attributes
                0x00000abe       0x25 c:/nxp/mcuxpressoide_10.2.0_759/ide/tools/bin/../lib/gcc/arm-none-eabi/7.2.1/../../../../arm-none-eabi/lib/thumb/v7e-m/fpv4-sp/hard\libcr_semihost_nf.a(__sys_remove.o)
 .ARM.attributes
                0x00000ae3       0x25 c:/nxp/mcuxpressoide_10.2.0_759/ide/tools/bin/../lib/gcc/arm-none-eabi/7.2.1/../../../../arm-none-eabi/lib/thumb/v7e-m/fpv4-sp/hard\libcr_semihost_nf.a(__sys_seek.o)
 .ARM.attributes
                0x00000b08       0x25 c:/nxp/mcuxpressoide_10.2.0_759/ide/tools/bin/../lib/gcc/arm-none-eabi/7.2.1/../../../../arm-none-eabi/lib/thumb/v7e-m/fpv4-sp/hard\libcr_semihost_nf.a(__sys_tmpnam.o)
 .ARM.attributes
                0x00000b2d       0x25 c:/nxp/mcuxpressoide_10.2.0_759/ide/tools/bin/../lib/gcc/arm-none-eabi/7.2.1/../../../../arm-none-eabi/lib/thumb/v7e-m/fpv4-sp/hard\libcr_semihost_nf.a(__sys_write.o)

.debug_frame    0x00000000     0x33c4
 .debug_frame   0x00000000       0x6c ./utilities/fsl_debug_console.o
 .debug_frame   0x0000006c       0xe0 ./utilities/fsl_io.o
 .debug_frame   0x0000014c      0x120 ./utilities/fsl_log.o
 .debug_frame   0x0000026c      0x904 ./startup/startup_mk64f12.o
 .debug_frame   0x00000b70       0xd0 ./source/freertos_event.o
 .debug_frame   0x00000c40       0x20 ./source/semihost_hardfault.o
 .debug_frame   0x00000c60      0x820 ./drivers/fsl_clock.o
 .debug_frame   0x00001480      0x5ec ./drivers/fsl_uart.o
 .debug_frame   0x00001a6c       0x34 ./board/src/board.o
 .debug_frame   0x00001aa0      0x108 ./board/src/clock_config.o
 .debug_frame   0x00001ba8       0x7c ./board/pin_mux.o
 .debug_frame   0x00001c24       0x30 ./amazon-freertos/portable/fsl_tickless_systick.o
 .debug_frame   0x00001c54      0x108 ./amazon-freertos/FreeRTOS/portable/heap_4.o
 .debug_frame   0x00001d5c      0x188 ./amazon-freertos/FreeRTOS/portable/port.o
 .debug_frame   0x00001ee4      0x218 ./amazon-freertos/FreeRTOS/event_groups.o
 .debug_frame   0x000020fc       0xd8 ./amazon-freertos/FreeRTOS/list.o
 .debug_frame   0x000021d4      0x530 ./amazon-freertos/FreeRTOS/queue.o
 .debug_frame   0x00002704      0x8c4 ./amazon-freertos/FreeRTOS/tasks.o
 .debug_frame   0x00002fc8      0x388 ./amazon-freertos/FreeRTOS/timers.o
 .debug_frame   0x00003350       0x74 ./CMSIS/system_MK64F12.o