Archive member included to satisfy reference by file (symbol)

c:/nxp/mcuxpressoide_10.2.0_759/ide/tools/bin/../lib/gcc/arm-none-eabi/7.2.1/../../../../arm-none-eabi/lib/thumb/v7e-m/fpv4-sp/hard\libcr_semihost_nf.a(_cr__main.o)
                              ./startup/startup_mk64f12.o (__main)
c:/nxp/mcuxpressoide_10.2.0_759/ide/tools/bin/../lib/gcc/arm-none-eabi/7.2.1/../../../../arm-none-eabi/lib/thumb/v7e-m/fpv4-sp/hard\libcr_semihost_nf.a(_cr_assert.o)
                              ./utilities/fsl_debug_console.o (__assertion_failed)
c:/nxp/mcuxpressoide_10.2.0_759/ide/tools/bin/../lib/gcc/arm-none-eabi/7.2.1/../../../../arm-none-eabi/lib/thumb/v7e-m/fpv4-sp/hard\libcr_semihost_nf.a(__ciob.o)
                              c:/nxp/mcuxpressoide_10.2.0_759/ide/tools/bin/../lib/gcc/arm-none-eabi/7.2.1/../../../../arm-none-eabi/lib/thumb/v7e-m/fpv4-sp/hard\libcr_semihost_nf.a(_cr_assert.o) (__Ciob)
c:/nxp/mcuxpressoide_10.2.0_759/ide/tools/bin/../lib/gcc/arm-none-eabi/7.2.1/../../../../arm-none-eabi/lib/thumb/v7e-m/fpv4-sp/hard\libcr_semihost_nf.a(__sys_appexit.o)
                              c:/nxp/mcuxpressoide_10.2.0_759/ide/tools/bin/../lib/gcc/arm-none-eabi/7.2.1/../../../../arm-none-eabi/lib/thumb/v7e-m/fpv4-sp/hard\libcr_semihost_nf.a(_cr_assert.o) (__sys_appexit)
c:/nxp/mcuxpressoide_10.2.0_759/ide/tools/bin/../lib/gcc/arm-none-eabi/7.2.1/../../../../arm-none-eabi/lib/thumb/v7e-m/fpv4-sp/hard\libcr_c.a(memcpy.o)
                              ./lwip/src/netif/ethernet.o (memcpy)
c:/nxp/mcuxpressoide_10.2.0_759/ide/tools/bin/../lib/gcc/arm-none-eabi/7.2.1/../../../../arm-none-eabi/lib/thumb/v7e-m/fpv4-sp/hard\libcr_c.a(memset.o)
                              ./lwip/src/core/ipv4/dhcp.o (memset)
c:/nxp/mcuxpressoide_10.2.0_759/ide/tools/bin/../lib/gcc/arm-none-eabi/7.2.1/../../../../arm-none-eabi/lib/thumb/v7e-m/fpv4-sp/hard\libcr_c.a(_deferredlazyseek.o)
                              c:/nxp/mcuxpressoide_10.2.0_759/ide/tools/bin/../lib/gcc/arm-none-eabi/7.2.1/../../../../arm-none-eabi/lib/thumb/v7e-m/fpv4-sp/hard\libcr_semihost_nf.a(_cr_assert.o) (__flsbuf)
c:/nxp/mcuxpressoide_10.2.0_759/ide/tools/bin/../lib/gcc/arm-none-eabi/7.2.1/../../../../arm-none-eabi/lib/thumb/v7e-m/fpv4-sp/hard\libcr_c.a(_fflush.o)
                              c:/nxp/mcuxpressoide_10.2.0_759/ide/tools/bin/../lib/gcc/arm-none-eabi/7.2.1/../../../../arm-none-eabi/lib/thumb/v7e-m/fpv4-sp/hard\libcr_c.a(_deferredlazyseek.o) (_fflush)
c:/nxp/mcuxpressoide_10.2.0_759/ide/tools/bin/../lib/gcc/arm-none-eabi/7.2.1/../../../../arm-none-eabi/lib/thumb/v7e-m/fpv4-sp/hard\libcr_c.a(_writebuf.o)
                              c:/nxp/mcuxpressoide_10.2.0_759/ide/tools/bin/../lib/gcc/arm-none-eabi/7.2.1/../../../../arm-none-eabi/lib/thumb/v7e-m/fpv4-sp/hard\libcr_c.a(_deferredlazyseek.o) (_Cwritebuf)
c:/nxp/mcuxpressoide_10.2.0_759/ide/tools/bin/../lib/gcc/arm-none-eabi/7.2.1/../../../../arm-none-eabi/lib/thumb/v7e-m/fpv4-sp/hard\libcr_c.a(alloc.o)
                              ./drivers/fsl_common.o (malloc)
c:/nxp/mcuxpressoide_10.2.0_759/ide/tools/bin/../lib/gcc/arm-none-eabi/7.2.1/../../../../arm-none-eabi/lib/thumb/v7e-m/fpv4-sp/hard\libcr_c.a(fputs.o)
                              c:/nxp/mcuxpressoide_10.2.0_759/ide/tools/bin/../lib/gcc/arm-none-eabi/7.2.1/../../../../arm-none-eabi/lib/thumb/v7e-m/fpv4-sp/hard\libcr_semihost_nf.a(_cr_assert.o) (fputs)
c:/nxp/mcuxpressoide_10.2.0_759/ide/tools/bin/../lib/gcc/arm-none-eabi/7.2.1/../../../../arm-none-eabi/lib/thumb/v7e-m/fpv4-sp/hard\libcr_c.a(fseek.o)
                              c:/nxp/mcuxpressoide_10.2.0_759/ide/tools/bin/../lib/gcc/arm-none-eabi/7.2.1/../../../../arm-none-eabi/lib/thumb/v7e-m/fpv4-sp/hard\libcr_c.a(_deferredlazyseek.o) (fseek)
c:/nxp/mcuxpressoide_10.2.0_759/ide/tools/bin/../lib/gcc/arm-none-eabi/7.2.1/../../../../arm-none-eabi/lib/thumb/v7e-m/fpv4-sp/hard\libcr_c.a(ftell.o)
                              c:/nxp/mcuxpressoide_10.2.0_759/ide/tools/bin/../lib/gcc/arm-none-eabi/7.2.1/../../../../arm-none-eabi/lib/thumb/v7e-m/fpv4-sp/hard\libcr_c.a(fseek.o) (ftell)
c:/nxp/mcuxpressoide_10.2.0_759/ide/tools/bin/../lib/gcc/arm-none-eabi/7.2.1/../../../../arm-none-eabi/lib/thumb/v7e-m/fpv4-sp/hard\libcr_c.a(initio.o)
                              c:/nxp/mcuxpressoide_10.2.0_759/ide/tools/bin/../lib/gcc/arm-none-eabi/7.2.1/../../../../arm-none-eabi/lib/thumb/v7e-m/fpv4-sp/hard\libcr_semihost_nf.a(_cr__main.o) (_initio)
c:/nxp/mcuxpressoide_10.2.0_759/ide/tools/bin/../lib/gcc/arm-none-eabi/7.2.1/../../../../arm-none-eabi/lib/thumb/v7e-m/fpv4-sp/hard\libcr_c.a(memcmp.o)
                              ./lwip/src/netif/ethernet.o (memcmp)
c:/nxp/mcuxpressoide_10.2.0_759/ide/tools/bin/../lib/gcc/arm-none-eabi/7.2.1/../../../../arm-none-eabi/lib/thumb/v7e-m/fpv4-sp/hard\libcr_c.a(printf.o)
                              ./amazon-freertos/FreeRTOS/tasks.o (_sprintf)
[...]
Memory Configuration

Name             Origin             Length             Attributes
PROGRAM_FLASH    0x00000000         0x00100000         xr
SRAM_UPPER       0x20000000         0x00030000         xrw
SRAM_LOWER       0x1fff0000         0x00010000         xrw
FLEX_RAM         0x14000000         0x00001000         xrw
*default*        0x00000000         0xffffffff

Linker script and memory map

LOAD ./utilities/fsl_assert.o
LOAD ./utilities/fsl_debug_console.o
LOAD ./utilities/fsl_io.o
LOAD ./utilities/fsl_log.o
LOAD ./utilities/fsl_str.o
LOAD ./startup/startup_mk64f12.o
LOAD ./source/lwip_ping_freertos.o
LOAD ./source/semihost_hardfault.o
LOAD ./lwip/src/netif/ppp/auth.o
LOAD ./lwip/src/netif/ppp/ccp.o
LOAD ./lwip/src/netif/ppp/chap-md5.o
LOAD ./lwip/src/netif/ppp/chap-new.o
LOAD ./lwip/src/netif/ppp/chap_ms.o
LOAD ./lwip/src/netif/ppp/demand.o
LOAD ./lwip/src/netif/ppp/eap.o
LOAD ./lwip/src/netif/ppp/eui64.o
LOAD ./lwip/src/netif/ppp/fsm.o
LOAD ./lwip/src/netif/ppp/ipcp.o
LOAD ./lwip/src/netif/ppp/ipv6cp.o
LOAD ./lwip/src/netif/ppp/lcp.o
LOAD ./lwip/src/netif/ppp/lwip_ecp.o
LOAD ./lwip/src/netif/ppp/magic.o
LOAD ./lwip/src/netif/ppp/mppe.o
LOAD ./lwip/src/netif/ppp/multilink.o
LOAD ./lwip/src/netif/ppp/ppp.o
LOAD ./lwip/src/netif/ppp/pppapi.o
LOAD ./lwip/src/netif/ppp/pppcrypt.o
LOAD ./lwip/src/netif/ppp/pppoe.o
LOAD ./lwip/src/netif/ppp/pppol2tp.o
LOAD ./lwip/src/netif/ppp/pppos.o
LOAD ./lwip/src/netif/ppp/upap.o
LOAD ./lwip/src/netif/ppp/utils.o
LOAD ./lwip/src/netif/ppp/vj.o
LOAD ./lwip/src/netif/ethernet.o
LOAD ./lwip/src/netif/lowpan6.o
LOAD ./lwip/src/netif/slipif.o
LOAD ./lwip/src/core/ipv6/dhcp6.o
LOAD ./lwip/src/core/ipv6/ethip6.o
LOAD ./lwip/src/core/ipv6/icmp6.o
LOAD ./lwip/src/core/ipv6/inet6.o
LOAD ./lwip/src/core/ipv6/ip6.o
LOAD ./lwip/src/core/ipv6/ip6_addr.o
LOAD ./lwip/src/core/ipv6/ip6_frag.o
LOAD ./lwip/src/core/ipv6/mld6.o
LOAD ./lwip/src/core/ipv6/nd6.o
LOAD ./lwip/src/core/ipv4/autoip.o
LOAD ./lwip/src/core/ipv4/dhcp.o
LOAD ./lwip/src/core/ipv4/etharp.o
LOAD ./lwip/src/core/ipv4/icmp.o
LOAD ./lwip/src/core/ipv4/igmp.o
LOAD ./lwip/src/core/ipv4/ip4.o
LOAD ./lwip/src/core/ipv4/ip4_addr.o
LOAD ./lwip/src/core/ipv4/ip4_frag.o
LOAD ./lwip/src/core/def.o
LOAD ./lwip/src/core/dns.o
LOAD ./lwip/src/core/inet_chksum.o
LOAD ./lwip/src/core/init.o
LOAD ./lwip/src/core/ip.o
LOAD ./lwip/src/core/mem.o
LOAD ./lwip/src/core/memp.o
LOAD ./lwip/src/core/netif.o
LOAD ./lwip/src/core/pbuf.o
LOAD ./lwip/src/core/raw.o
LOAD ./lwip/src/core/stats.o
LOAD ./lwip/src/core/sys.o
LOAD ./lwip/src/core/tcp.o
LOAD ./lwip/src/core/tcp_in.o
LOAD ./lwip/src/core/tcp_out.o
LOAD ./lwip/src/core/timeouts.o
LOAD ./lwip/src/core/udp.o
LOAD ./lwip/src/api/api_lib.o
LOAD ./lwip/src/api/api_msg.o
LOAD ./lwip/src/api/err.o
LOAD ./lwip/src/api/netbuf.o
LOAD ./lwip/src/api/netdb.o
LOAD ./lwip/src/api/netifapi.o
LOAD ./lwip/src/api/sockets.o
LOAD ./lwip/src/api/tcpip.o
LOAD ./lwip/port/ethernetif.o
LOAD ./lwip/port/sys_arch.o
LOAD ./lwip/contrib/apps/ping/ping.o
LOAD ./drivers/fsl_clock.o
LOAD ./drivers/fsl_common.o
LOAD ./drivers/fsl_enet.o
LOAD ./drivers/fsl_ftfx_cache.o
LOAD ./drivers/fsl_ftfx_controller.o
LOAD ./drivers/fsl_ftfx_flash.o
LOAD ./drivers/fsl_ftfx_flexnvm.o
LOAD ./drivers/fsl_gpio.o
LOAD ./drivers/fsl_sim.o
LOAD ./drivers/fsl_smc.o
LOAD ./drivers/fsl_uart.o
LOAD ./board/src/board.o
LOAD ./board/src/clock_config.o
LOAD ./board/fsl_phy.o
LOAD ./board/peripherals.o
LOAD ./board/pin_mux.o
LOAD ./amazon-freertos/portable/fsl_tickless_systick.o
LOAD ./amazon-freertos/FreeRTOS/portable/heap_3.o
LOAD ./amazon-freertos/FreeRTOS/portable/port.o
LOAD ./amazon-freertos/FreeRTOS/event_groups.o
LOAD ./amazon-freertos/FreeRTOS/list.o
LOAD ./amazon-freertos/FreeRTOS/queue.o
LOAD ./amazon-freertos/FreeRTOS/stream_buffer.o
LOAD ./amazon-freertos/FreeRTOS/tasks.o
LOAD ./amazon-freertos/FreeRTOS/timers.o
LOAD ./CMSIS/system_MK64F12.o
START GROUP
LOAD c:/nxp/mcuxpressoide_10.2.0_759/ide/tools/bin/../lib/gcc/arm-none-eabi/7.2.1/../../../../arm-none-eabi/lib/thumb/v7e-m/fpv4-sp/hard\libcr_semihost_nf.a
LOAD c:/nxp/mcuxpressoide_10.2.0_759/ide/tools/bin/../lib/gcc/arm-none-eabi/7.2.1/../../../../arm-none-eabi/lib/thumb/v7e-m/fpv4-sp/hard\libcr_c.a
LOAD c:/nxp/mcuxpressoide_10.2.0_759/ide/tools/bin/../lib/gcc/arm-none-eabi/7.2.1/thumb/v7e-m/fpv4-sp/hard\libcr_eabihelpers.a
END GROUP
                0x00000000                __base_PROGRAM_FLASH = 0x0
                0x00000000                __base_Flash = 0x0
                0x00100000                __top_PROGRAM_FLASH = 0x100000
                0x00100000                __top_Flash = 0x100000
                0x20000000                __base_SRAM_UPPER = 0x20000000
                0x20000000                __base_RAM = 0x20000000
                0x20030000                __top_SRAM_UPPER = 0x20030000
                0x20030000                __top_RAM = 0x20030000
                0x1fff0000                __base_SRAM_LOWER = 0x1fff0000
                0x1fff0000                __base_RAM2 = 0x1fff0000
                0x20000000                __top_SRAM_LOWER = 0x20000000
                0x20000000                __top_RAM2 = 0x20000000
                0x14000000                __base_FLEX_RAM = 0x14000000
                0x14000000                __base_RAM3 = 0x14000000
                0x14001000                __top_FLEX_RAM = 0x14001000
                0x14001000                __top_RAM3 = 0x14001000

.text           0x00000000    0x19070
 FILL mask 0xff
                0x00000000                __vectors_start__ = ABSOLUTE (.)
 *(SORT_BY_ALIGNMENT(.isr_vector))
 .isr_vector    0x00000000      0x198 ./startup/startup_mk64f12.o
                0x00000000                g_pfnVectors
                0x00000000                __Vectors
                0x00000198                . = ALIGN (0x4)
                0x00000198                __section_table_start = .
                0x00000198                __data_section_table = .
                0x00000198        0x4 LONG 0x19070 LOADADDR (.data)
                0x0000019c        0x4 LONG 0x20000000 ADDR (.data)
                0x000001a0        0x4 LONG 0x20 SIZEOF (.data)
                0x000001a4        0x4 LONG 0x19070 LOADADDR (.data_RAM2)
                0x000001a8        0x4 LONG 0x1fff0000 ADDR (.data_RAM2)
                0x000001ac        0x4 LONG 0x0 SIZEOF (.data_RAM2)
                0x000001b0        0x4 LONG 0x19070 LOADADDR (.data_RAM3)
                0x000001b4        0x4 LONG 0x14000000 ADDR (.data_RAM3)
                0x000001b8        0x4 LONG 0x0 SIZEOF (.data_RAM3)
                0x000001bc                __data_section_table_end = .
                0x000001bc                __bss_section_table = .
                0x000001bc        0x4 LONG 0x20000020 ADDR (.bss)
                0x000001c0        0x4 LONG 0xd910 SIZEOF (.bss)
                0x000001c4        0x4 LONG 0x1fff0000 ADDR (.bss_RAM2)
                0x000001c8        0x4 LONG 0x0 SIZEOF (.bss_RAM2)
                0x000001cc        0x4 LONG 0x14000000 ADDR (.bss_RAM3)
                0x000001d0        0x4 LONG 0x0 SIZEOF (.bss_RAM3)
                0x000001d4                __bss_section_table_end = .
                0x000001d4                __section_table_end = .
 *(SORT_BY_ALIGNMENT(.after_vectors*))
 .after_vectors.reset
                0x000001d4       0x4c ./startup/startup_mk64f12.o
                0x000001d4                ResetISR
 .after_vectors.init_data
                0x00000220       0x1e ./startup/startup_mk64f12.o
                0x00000220                data_init
 .after_vectors.init_bss
                0x0000023e       0x12 ./startup/startup_mk64f12.o
                0x0000023e                bss_init
 .after_vectors
                0x00000250       0x14 ./startup/startup_mk64f12.o
                0x00000250                NMI_Handler
                0x00000254                MemManage_Handler
                0x00000256                BusFault_Handler
                0x00000258                UsageFault_Handler
                0x0000025c                DebugMon_Handler
                0x00000262                LPTMR0_DriverIRQHandler
                0x00000262                DMA_Error_DriverIRQHandler
                0x00000262                SPI1_DriverIRQHandler
                0x00000262                FTM1_DriverIRQHandler
                0x00000262                FTM2_DriverIRQHandler
                0x00000262                PIT2_DriverIRQHandler
                0x00000262                SDHC_DriverIRQHandler
                0x00000262                I2S0_Tx_DriverIRQHandler
                0x00000262                RTC_Seconds_DriverIRQHandler
                0x00000262                DMA6_DriverIRQHandler
                0x00000262                LLWU_DriverIRQHandler
                0x00000262                MCM_DriverIRQHandler
                0x00000262                MCG_DriverIRQHandler
                0x00000262                ENET_1588_Timer_DriverIRQHandler
                0x00000262                I2C2_DriverIRQHandler
                0x00000262                DAC1_DriverIRQHandler
                0x00000262                DMA12_DriverIRQHandler
                0x00000262                CMP1_DriverIRQHandler
                0x00000262                FTM0_DriverIRQHandler
                0x00000262                IntDefaultHandler
                0x00000262                USB0_DriverIRQHandler
                0x00000262                UART5_ERR_DriverIRQHandler
                0x00000262                PORTC_DriverIRQHandler
                0x00000262                DMA11_DriverIRQHandler
                0x00000262                DAC0_DriverIRQHandler
                0x00000262                DMA10_DriverIRQHandler
                0x00000262                CMP2_DriverIRQHandler
                0x00000262                UART2_ERR_DriverIRQHandler
                0x00000262                SPI2_DriverIRQHandler
                0x00000262                LVD_LVW_DriverIRQHandler
                0x00000262                PIT0_DriverIRQHandler
                0x00000262                PORTB_DriverIRQHandler
                0x00000262                DMA5_DriverIRQHandler
                0x00000262                DMA4_DriverIRQHandler
                0x00000262                USBDCD_DriverIRQHandler
                0x00000262                UART3_ERR_DriverIRQHandler
                0x00000262                DMA3_DriverIRQHandler
                0x00000262                DMA8_DriverIRQHandler
                0x00000262                DMA9_DriverIRQHandler
                0x00000262                UART0_ERR_DriverIRQHandler
                0x00000262                CMT_DriverIRQHandler
                0x00000262                Reserved71_DriverIRQHandler
                0x00000262                ADC1_DriverIRQHandler
                0x00000262                PORTA_DriverIRQHandler
                0x00000262                DMA14_DriverIRQHandler
                0x00000262                PIT3_DriverIRQHandler
                0x00000262                PIT1_DriverIRQHandler
                0x00000262                WDOG_EWM_DriverIRQHandler
                0x00000262                PDB0_DriverIRQHandler
                0x00000262                RTC_DriverIRQHandler
                0x00000262                I2S0_Rx_DriverIRQHandler
                0x00000262                Read_Collision_DriverIRQHandler
                0x00000262                SWI_DriverIRQHandler
                0x00000262                UART4_ERR_DriverIRQHandler
                0x00000262                DMA0_DriverIRQHandler
                0x00000262                UART0_LON_DriverIRQHandler
                0x00000262                DMA1_DriverIRQHandler
                0x00000262                I2C1_DriverIRQHandler
                0x00000262                ENET_Receive_DriverIRQHandler
                0x00000262                DMA13_DriverIRQHandler
                0x00000262                ENET_Error_DriverIRQHandler
                0x00000262                DMA15_DriverIRQHandler
                0x00000262                SPI0_DriverIRQHandler
                0x00000262                ADC0_DriverIRQHandler
                0x00000262                CMP0_DriverIRQHandler
                0x00000262                CAN0_DriverIRQHandler
                0x00000262                FTM3_DriverIRQHandler
                0x00000262                RNG_DriverIRQHandler
                0x00000262                UART1_ERR_DriverIRQHandler
                0x00000262                DMA2_DriverIRQHandler
                0x00000262                ENET_Transmit_DriverIRQHandler
                0x00000262                PORTD_DriverIRQHandler
                0x00000262                PORTE_DriverIRQHandler
                0x00000262                FTFE_DriverIRQHandler
                0x00000262                I2C0_DriverIRQHandler
                0x00000262                DMA7_DriverIRQHandler
                0x00000400                . = 0x400
 *fill*         0x00000264      0x19c ff
                0x00000400                PROVIDE (__FLASH_CONFIG_START__, .)
 *(SORT_BY_ALIGNMENT(.FlashConfig))
 .FlashConfig   0x00000400       0x10 ./startup/startup_mk64f12.o
                0x00000400                Flash_Config
                0x00000410                PROVIDE (__FLASH_CONFIG_END__, .)
                0x00000001                ASSERT (! ((__FLASH_CONFIG_START__ == __FLASH_CONFIG_END__)), Linker Flash Config Support Enabled, but no .FlashConfig section provided within application)
 *(SORT_BY_ALIGNMENT(.text*))
 .text.SVC_Handler
                0x00000410       0x28 ./amazon-freertos/FreeRTOS/portable/port.o
                0x00000410                SVC_Handler
 *fill*         0x00000438        0x8 ff
 .text.PendSV_Handler
                0x00000440       0x68 ./amazon-freertos/FreeRTOS/portable/port.o
                0x00000440                PendSV_Handler
 .text.DbgConsole_Init
                0x000004a8       0x38 ./utilities/fsl_debug_console.o
                0x000004a8                DbgConsole_Init
 .text.IO_Init  0x000004e0       0x80 ./utilities/fsl_io.o
                0x000004e0                IO_Init
 .text.stack_init
                0x00000560      0x144 ./source/lwip_ping_freertos.o
 .text.main     0x000006a4       0x60 ./source/lwip_ping_freertos.o
                0x000006a4                main
 .text.ethernet_input
                0x00000704      0x12c ./lwip/src/netif/ethernet.o
                0x00000704                ethernet_input
 .text.ethernet_output
                0x00000830       0x80 ./lwip/src/netif/ethernet.o
                0x00000830                ethernet_output
 .text.dhcp_check
                0x000008b0       0x68 ./lwip/src/core/ipv4/dhcp.o
 .text.dhcp_select
                0x00000918      0x14c ./lwip/src/core/ipv4/dhcp.o
 .text.dhcp_coarse_tmr
                0x00000a64       0xa8 ./lwip/src/core/ipv4/dhcp.o
                0x00000a64                dhcp_coarse_tmr
 .text.dhcp_fine_tmr
                0x00000b0c       0x64 ./lwip/src/core/ipv4/dhcp.o
                0x00000b0c                dhcp_fine_tmr
 .text.dhcp_arp_reply
                0x00000b70       0x48 ./lwip/src/core/ipv4/dhcp.o
                0x00000b70                dhcp_arp_reply
 .text.dhcp_decline
                0x00000bb8       0xd4 ./lwip/src/core/ipv4/dhcp.o
 .text.dhcp_discover
                0x00000c8c      0x118 ./lwip/src/core/ipv4/dhcp.o
 .text.dhcp_bind
                0x00000da4      0x19c ./lwip/src/core/ipv4/dhcp.o
 .text.dhcp_renew
                0x00000f40      0x10c ./lwip/src/core/ipv4/dhcp.o
                0x00000f40                dhcp_renew
 .text.dhcp_rebind
                0x0000104c      0x10c ./lwip/src/core/ipv4/dhcp.o
 .text.dhcp_reboot
                0x00001158      0x128 ./lwip/src/core/ipv4/dhcp.o
 .text.dhcp_release
                0x00001280      0x110 ./lwip/src/core/ipv4/dhcp.o
                0x00001280                dhcp_release
 .text.dhcp_option
                0x00001390       0x64 ./lwip/src/core/ipv4/dhcp.o
 .text.dhcp_option_byte
                0x000013f4       0x40 ./lwip/src/core/ipv4/dhcp.o
 .text.dhcp_option_short
                0x00001434       0x64 ./lwip/src/core/ipv4/dhcp.o
 .text.dhcp_option_long
                0x00001498       0x9c ./lwip/src/core/ipv4/dhcp.o
 .text.dhcp_create_msg
                0x00001534      0x290 ./lwip/src/core/ipv4/dhcp.o
 .text.dhcp_delete_msg
                0x000017c4       0x64 ./lwip/src/core/ipv4/dhcp.o
 .text.dhcp_option_trailer
                0x00001828       0x94 ./lwip/src/core/ipv4/dhcp.o
 .text.etharp_free_entry
                0x000018bc       0xc0 ./lwip/src/core/ipv4/etharp.o
 .text.etharp_tmr
                0x0000197c      0x150 ./lwip/src/core/ipv4/etharp.o
                0x0000197c                etharp_tmr
 .text.etharp_find_entry
                0x00001acc      0x264 ./lwip/src/core/ipv4/etharp.o
 .text.etharp_update_arp_entry
                0x00001d30      0x13c ./lwip/src/core/ipv4/etharp.o
 .text.etharp_input
                0x00001e6c      0x120 ./lwip/src/core/ipv4/etharp.o
                0x00001e6c                etharp_input
 .text.etharp_output_to_arp_index
                0x00001f8c      0x124 ./lwip/src/core/ipv4/etharp.o
 .text.etharp_output
                0x000020b0      0x1bc ./lwip/src/core/ipv4/etharp.o
                0x000020b0                etharp_output
 .text.etharp_query
                0x0000226c      0x274 ./lwip/src/core/ipv4/etharp.o
                0x0000226c                etharp_query
 .text.etharp_raw
                0x000024e0      0x100 ./lwip/src/core/ipv4/etharp.o
 .text.etharp_request_dst
                0x000025e0       0x44 ./lwip/src/core/ipv4/etharp.o
 .text.etharp_request
                0x00002624       0x24 ./lwip/src/core/ipv4/etharp.o
                0x00002624                etharp_request
 .text.icmp_input
                0x00002648      0x24c ./lwip/src/core/ipv4/icmp.o
                0x00002648                icmp_input
 .text.icmp_send_response
                0x00002894       0xd4 ./lwip/src/core/ipv4/icmp.o
 .text.ip4_route
                0x00002968       0xd4 ./lwip/src/core/ipv4/ip4.o
                0x00002968                ip4_route
 .text.ip4_input
                0x00002a3c      0x2e4 ./lwip/src/core/ipv4/ip4.o
                0x00002a3c                ip4_input
 .text.ip4_output_if_src
                0x00002d20      0x1f0 ./lwip/src/core/ipv4/ip4.o
                0x00002d20                ip4_output_if_src
 .text.ip_reass_tmr
                0x00002f10       0x58 ./lwip/src/core/ipv4/ip4_frag.o
                0x00002f10                ip_reass_tmr
 .text.ip_reass_free_complete_datagram
                0x00002f68      0x120 ./lwip/src/core/ipv4/ip4_frag.o
 .text.ip_reass_remove_oldest_datagram
                0x00003088       0xc4 ./lwip/src/core/ipv4/ip4_frag.o
 .text.ip_reass_enqueue_new_datagram
                0x0000314c       0x74 ./lwip/src/core/ipv4/ip4_frag.o
 .text.ip_reass_dequeue_datagram
                0x000031c0       0x4c ./lwip/src/core/ipv4/ip4_frag.o
 .text.ip_reass_chain_frag_into_datagram_and_validate
                0x0000320c      0x2a4 ./lwip/src/core/ipv4/ip4_frag.o
 .text.ip4_reass
                0x000034b0      0x2b8 ./lwip/src/core/ipv4/ip4_frag.o
                0x000034b0                ip4_reass
 .text.ip_frag_free_pbuf_custom_ref
                0x00003768       0x28 ./lwip/src/core/ipv4/ip4_frag.o
 .text.ipfrag_free_pbuf_custom
                0x00003790       0x50 ./lwip/src/core/ipv4/ip4_frag.o
 .text.ip4_frag
                0x000037e0      0x22c ./lwip/src/core/ipv4/ip4_frag.o
                0x000037e0                ip4_frag
 .text.plug_holes
                0x00003a0c      0x108 ./lwip/src/core/mem.o
 .text.mem_init
                0x00003b14       0x90 ./lwip/src/core/mem.o
                0x00003b14                mem_init
 .text.mem_free
                0x00003ba4       0xbc ./lwip/src/core/mem.o
                0x00003ba4                mem_free
 .text.mem_trim
                0x00003c60      0x1bc ./lwip/src/core/mem.o
                0x00003c60                mem_trim
 .text.mem_malloc
                0x00003e1c      0x1c0 ./lwip/src/core/mem.o
                0x00003e1c                mem_malloc
 .text.memp_init
                0x00003fdc       0x34 ./lwip/src/core/memp.o
                0x00003fdc                memp_init
 .text.do_memp_malloc_pool
                0x00004010       0x54 ./lwip/src/core/memp.o
 .text.memp_malloc
                0x00004064       0x3c ./lwip/src/core/memp.o
                0x00004064                memp_malloc
 .text.do_memp_free_pool
                0x000040a0       0x48 ./lwip/src/core/memp.o
 .text.memp_free
                0x000040e8       0x44 ./lwip/src/core/memp.o
                0x000040e8                memp_free
 .text.netif_add
                0x0000412c       0xa8 ./lwip/src/core/netif.o
                0x0000412c                netif_add
 .text.netif_set_ipaddr
                0x000041d4       0x80 ./lwip/src/core/netif.o
                0x000041d4                netif_set_ipaddr
 .text.netif_set_default
                0x00004254       0x20 ./lwip/src/core/netif.o
                0x00004254                netif_set_default
 .text.pbuf_alloc
                0x00004274      0x2d4 ./lwip/src/core/pbuf.o
                0x00004274                pbuf_alloc
 .text.pbuf_alloced_custom
                0x00004548       0xc4 ./lwip/src/core/pbuf.o
                0x00004548                pbuf_alloced_custom
 .text.pbuf_realloc
                0x0000460c      0x12c ./lwip/src/core/pbuf.o
                0x0000460c                pbuf_realloc
 .text.pbuf_header_impl
                0x00004738      0x124 ./lwip/src/core/pbuf.o
 .text.pbuf_free
                0x0000485c      0x10c ./lwip/src/core/pbuf.o
                0x0000485c                pbuf_free
 .text.pbuf_ref
                0x00004968       0x40 ./lwip/src/core/pbuf.o
                0x00004968                pbuf_ref
 .text.pbuf_cat
                0x000049a8       0x8c ./lwip/src/core/pbuf.o
                0x000049a8                pbuf_cat
 .text.pbuf_copy
                0x00004a34      0x160 ./lwip/src/core/pbuf.o
                0x00004a34                pbuf_copy
 .text.pbuf_copy_partial
                0x00004b94       0xdc ./lwip/src/core/pbuf.o
                0x00004b94                pbuf_copy_partial
 .text.raw_input_match
                0x00004c70       0x54 ./lwip/src/core/raw.o
 .text.raw_input
                0x00004cc4       0xe4 ./lwip/src/core/raw.o
                0x00004cc4                raw_input
 .text.raw_sendto
                0x00004da8      0x10c ./lwip/src/core/raw.o
                0x00004da8                raw_sendto
 .text.raw_remove
                0x00004eb4       0x64 ./lwip/src/core/raw.o
                0x00004eb4                raw_remove
 .text.raw_new  0x00004f18       0x4c ./lwip/src/core/raw.o
                0x00004f18                raw_new
 .text.raw_netif_ip_addr_changed
                0x00004f64       0x60 ./lwip/src/core/raw.o
                0x00004f64                raw_netif_ip_addr_changed
 .text.tcp_tmr  0x00004fc4       0x2c ./lwip/src/core/tcp.o
                0x00004fc4                tcp_tmr
 .text.tcp_listen_closed
                0x00004ff0       0x5c ./lwip/src/core/tcp.o
 .text.tcp_backlog_accepted
                0x0000504c       0x64 ./lwip/src/core/tcp.o
                0x0000504c                tcp_backlog_accepted
 .text.tcp_close_shutdown
                0x000050b0      0x1c0 ./lwip/src/core/tcp.o
 .text.tcp_close_shutdown_fin
                0x00005270       0xc4 ./lwip/src/core/tcp.o
 .text.tcp_abandon
                0x00005334      0x148 ./lwip/src/core/tcp.o
                0x00005334                tcp_abandon
 .text.tcp_update_rcv_ann_wnd
                0x0000547c       0x8c ./lwip/src/core/tcp.o
                0x0000547c                tcp_update_rcv_ann_wnd
 .text.tcp_recved
                0x00005508       0xa0 ./lwip/src/core/tcp.o
                0x00005508                tcp_recved
 .text.tcp_slowtmr
                0x000055a8      0x4ec ./lwip/src/core/tcp.o
                0x000055a8                tcp_slowtmr
 .text.tcp_fasttmr
                0x00005a94       0xc8 ./lwip/src/core/tcp.o
                0x00005a94                tcp_fasttmr
 .text.tcp_kill_prio
                0x00005b5c       0x84 ./lwip/src/core/tcp.o
 .text.tcp_kill_state
                0x00005be0       0x84 ./lwip/src/core/tcp.o
 .text.tcp_kill_timewait
                0x00005c64       0x60 ./lwip/src/core/tcp.o
 .text.tcp_alloc
                0x00005cc4      0x100 ./lwip/src/core/tcp.o
                0x00005cc4                tcp_alloc
 .text.tcp_recv
                0x00005dc4       0x30 ./lwip/src/core/tcp.o
                0x00005dc4                tcp_recv
 .text.tcp_sent
                0x00005df4       0x30 ./lwip/src/core/tcp.o
                0x00005df4                tcp_sent
 .text.tcp_err  0x00005e24       0x34 ./lwip/src/core/tcp.o
                0x00005e24                tcp_err
 .text.tcp_poll
                0x00005e58       0x38 ./lwip/src/core/tcp.o
                0x00005e58                tcp_poll
 .text.tcp_pcb_remove
                0x00005e90       0xc4 ./lwip/src/core/tcp.o
                0x00005e90                tcp_pcb_remove
 .text.tcp_next_iss
                0x00005f54       0x30 ./lwip/src/core/tcp.o
                0x00005f54                tcp_next_iss
 .text.tcp_netif_ip_addr_changed
                0x00005f84       0x80 ./lwip/src/core/tcp.o
                0x00005f84                tcp_netif_ip_addr_changed
 .text.tcp_input
                0x00006004      0x758 ./lwip/src/core/tcp_in.o
                0x00006004                tcp_input
 .text.tcp_input_delayed_close
                0x0000675c       0x64 ./lwip/src/core/tcp_in.o
 .text.tcp_listen_input
                0x000067c0      0x1f0 ./lwip/src/core/tcp_in.o
 .text.tcp_timewait_input
                0x000069b0       0xd0 ./lwip/src/core/tcp_in.o
 .text.tcp_process
                0x00006a80      0x74c ./lwip/src/core/tcp_in.o
 .text.tcp_receive
                0x000071cc      0x954 ./lwip/src/core/tcp_in.o
 .text.tcp_getoptbyte
                0x00007b20       0x78 ./lwip/src/core/tcp_in.o
 .text.tcp_parseopt
                0x00007b98       0xc8 ./lwip/src/core/tcp_in.o
 .text.tcp_trigger_input_pcb_close
                0x00007c60       0x20 ./lwip/src/core/tcp_in.o
                0x00007c60                tcp_trigger_input_pcb_close
 .text.tcp_output_alloc_header
                0x00007c80       0xe8 ./lwip/src/core/tcp_out.o
 .text.tcp_create_segment
                0x00007d68      0x108 ./lwip/src/core/tcp_out.o
 .text.tcp_pbuf_prealloc
                0x00007e70       0xb4 ./lwip/src/core/tcp_out.o
 .text.tcp_write_checks
                0x00007f24       0xd4 ./lwip/src/core/tcp_out.o
 .text.tcp_write
                0x00007ff8      0x6c4 ./lwip/src/core/tcp_out.o
                0x00007ff8                tcp_write
 .text.tcp_enqueue_flags
                0x000086bc      0x1c8 ./lwip/src/core/tcp_out.o
                0x000086bc                tcp_enqueue_flags
 .text.tcp_output
                0x00008884      0x3c4 ./lwip/src/core/tcp_out.o
                0x00008884                tcp_output
 .text.tcp_output_segment
                0x00008c48      0x164 ./lwip/src/core/tcp_out.o
 .text.tcp_rst  0x00008dac       0xf8 ./lwip/src/core/tcp_out.o
                0x00008dac                tcp_rst
 .text.tcpip_tcp_timer
                0x00008ea4       0x48 ./lwip/src/core/timeouts.o
 .text.tcp_timer_needed
                0x00008eec       0x40 ./lwip/src/core/timeouts.o
                0x00008eec                tcp_timer_needed
 .text.cyclic_timer
                0x00008f2c       0x2c ./lwip/src/core/timeouts.o
 .text.sys_timeouts_init
                0x00008f58       0x50 ./lwip/src/core/timeouts.o
                0x00008f58                sys_timeouts_init
 .text.sys_timeout
                0x00008fa8      0x138 ./lwip/src/core/timeouts.o
                0x00008fa8                sys_timeout
 .text.sys_check_timeouts
                0x000090e0       0xa4 ./lwip/src/core/timeouts.o
 .text.sys_timeouts_sleeptime
                0x00009184       0x4c ./lwip/src/core/timeouts.o
 .text.sys_timeouts_mbox_fetch
                0x000091d0       0x4c ./lwip/src/core/timeouts.o
                0x000091d0                sys_timeouts_mbox_fetch
 .text.udp_new_port
                0x0000921c       0x70 ./lwip/src/core/udp.o
 .text.udp_input_local_match
                0x0000928c       0x78 ./lwip/src/core/udp.o
 .text.udp_input
                0x00009304      0x1ec ./lwip/src/core/udp.o
                0x00009304                udp_input
 .text.udp_sendto_if_src
                0x000094f0      0x158 ./lwip/src/core/udp.o
                0x000094f0                udp_sendto_if_src
 .text.udp_bind
                0x00009648       0xe0 ./lwip/src/core/udp.o
                0x00009648                udp_bind
 .text.udp_remove
                0x00009728       0x64 ./lwip/src/core/udp.o
                0x00009728                udp_remove
 .text.udp_netif_ip_addr_changed
                0x0000978c       0x60 ./lwip/src/core/udp.o
                0x0000978c                udp_netif_ip_addr_changed
 .text.netconn_new_with_proto_and_callback
                0x000097ec       0xbc ./lwip/src/api/api_lib.o
                0x000097ec                netconn_new_with_proto_and_callback
 .text.netconn_delete
                0x000098a8       0x4c ./lwip/src/api/api_lib.o
                0x000098a8                netconn_delete
 .text.netconn_getaddr
                0x000098f4       0x84 ./lwip/src/api/api_lib.o
                0x000098f4                netconn_getaddr
 .text.netconn_recv_data
                0x00009978      0x178 ./lwip/src/api/api_lib.o
 .text.netconn_recv_tcp_pbuf
                0x00009af0       0x40 ./lwip/src/api/api_lib.o
                0x00009af0                netconn_recv_tcp_pbuf
 .text.netconn_recv
                0x00009b30       0xd0 ./lwip/src/api/api_lib.o
                0x00009b30                netconn_recv
 .text.netconn_send
                0x00009c00       0x48 ./lwip/src/api/api_lib.o
                0x00009c00                netconn_send
 .text.netconn_write_partly
                0x00009c48       0xd8 ./lwip/src/api/api_lib.o
                0x00009c48                netconn_write_partly
 .text.netconn_close_shutdown
                0x00009d20       0x50 ./lwip/src/api/api_lib.o
 .text.recv_raw
                0x00009d70       0xd0 ./lwip/src/api/api_msg.o
 .text.recv_udp
                0x00009e40       0xd8 ./lwip/src/api/api_msg.o
 .text.recv_tcp
                0x00009f18       0xec ./lwip/src/api/api_msg.o
 .text.poll_tcp
                0x0000a004       0xc0 ./lwip/src/api/api_msg.o
 .text.sent_tcp
                0x0000a0c4       0xa0 ./lwip/src/api/api_msg.o
 .text.err_tcp  0x0000a164      0x1a8 ./lwip/src/api/api_msg.o
 .text.setup_tcp
                0x0000a30c       0x50 ./lwip/src/api/api_msg.o
 .text.pcb_new  0x0000a35c      0x104 ./lwip/src/api/api_msg.o
 .text.netconn_alloc
                0x0000a460       0xe0 ./lwip/src/api/api_msg.o
                0x0000a460                netconn_alloc
 .text.netconn_free
                0x0000a540       0x60 ./lwip/src/api/api_msg.o
                0x0000a540                netconn_free
 .text.netconn_drain
                0x0000a5a0       0xe8 ./lwip/src/api/api_msg.o
 .text.lwip_netconn_do_close_internal
                0x0000a688      0x2b0 ./lwip/src/api/api_msg.o
 .text.lwip_netconn_do_delconn
                0x0000a938      0x1e4 ./lwip/src/api/api_msg.o
                0x0000a938                lwip_netconn_do_delconn
 .text.lwip_netconn_do_writemore
                0x0000ab1c      0x318 ./lwip/src/api/api_msg.o
 .text.lwip_netconn_do_write
                0x0000ae34      0x138 ./lwip/src/api/api_msg.o
                0x0000ae34                lwip_netconn_do_write
 .text.lwip_netconn_do_getaddr
                0x0000af6c      0x150 ./lwip/src/api/api_msg.o
                0x0000af6c                lwip_netconn_do_getaddr
 .text.lwip_netconn_do_close
                0x0000b0bc      0x130 ./lwip/src/api/api_msg.o
                0x0000b0bc                lwip_netconn_do_close
 .text.err_to_errno
                0x0000b1ec       0x3c ./lwip/src/api/err.o
                0x0000b1ec                err_to_errno
 .text.netbuf_free
                0x0000b228       0x40 ./lwip/src/api/netbuf.o
                0x0000b228                netbuf_free
 .text.netbuf_ref
                0x0000b268       0x84 ./lwip/src/api/netbuf.o
                0x0000b268                netbuf_ref
 .text.get_socket
                0x0000b2ec       0x58 ./lwip/src/api/sockets.o
 .text.tryget_socket
                0x0000b344       0x50 ./lwip/src/api/sockets.o
 .text.alloc_socket
                0x0000b394      0x110 ./lwip/src/api/sockets.o
 .text.lwip_recvfrom
                0x0000b4a4      0x35c ./lwip/src/api/sockets.o
                0x0000b4a4                lwip_recvfrom
 .text.lwip_send
                0x0000b800       0xc8 ./lwip/src/api/sockets.o
                0x0000b800                lwip_send
 .text.lwip_sendto
                0x0000b8c8      0x150 ./lwip/src/api/sockets.o
                0x0000b8c8                lwip_sendto
 .text.lwip_socket
                0x0000ba18       0xb0 ./lwip/src/api/sockets.o
                0x0000ba18                lwip_socket
 .text.event_callback
                0x0000bac8      0x238 ./lwip/src/api/sockets.o
 .text.lwip_setsockopt
                0x0000bd00       0xa0 ./lwip/src/api/sockets.o
                0x0000bd00                lwip_setsockopt
 .text.lwip_setsockopt_impl
                0x0000bda0      0x2ac ./lwip/src/api/sockets.o
 .text.tcpip_thread
                0x0000c04c       0xb8 ./lwip/src/api/tcpip.o
 .text.tcpip_inpkt
                0x0000c104       0x74 ./lwip/src/api/tcpip.o
                0x0000c104                tcpip_inpkt
 .text.tcpip_input
                0x0000c178       0x44 ./lwip/src/api/tcpip.o
                0x0000c178                tcpip_input
 .text.tcpip_send_msg_wait_sem
                0x0000c1bc       0x2c ./lwip/src/api/tcpip.o
                0x0000c1bc                tcpip_send_msg_wait_sem
 .text.tcpip_init
                0x0000c1e8       0x7c ./lwip/src/api/tcpip.o
                0x0000c1e8                tcpip_init
 .text.__NVIC_SetPriority
                0x0000c264       0x54 ./lwip/port/ethernetif.o
 .text.ethernet_callback
                0x0000c2b8       0x94 ./lwip/port/ethernetif.o
 .text.enet_init
                0x0000c34c      0x1a0 ./lwip/port/ethernetif.o
 .text.enet_get_tx_buffer
                0x0000c4ec       0x1c ./lwip/port/ethernetif.o
 .text.low_level_output
                0x0000c508       0xac ./lwip/port/ethernetif.o
 .text.ethernetif_input
                0x0000c5b4       0x4c ./lwip/port/ethernetif.o
                0x0000c5b4                ethernetif_input
 .text.get_enet_base
                0x0000c600       0x68 ./lwip/port/ethernetif.o
 .text.ethernetif_init
                0x0000c668       0x90 ./lwip/port/ethernetif.o
 .text.ethernetif0_init
                0x0000c6f8       0x4c ./lwip/port/ethernetif.o
                0x0000c6f8                ethernetif0_init
 .text.sys_assert
                0x0000c744       0x20 ./lwip/port/sys_arch.o
                0x0000c744                sys_assert
 .text.sys_mbox_trypost
                0x0000c764       0x94 ./lwip/port/sys_arch.o
                0x0000c764                sys_mbox_trypost
 .text.ping_prepare_echo
                0x0000c7f8       0xb8 ./lwip/contrib/apps/ping/ping.o
 .text.ping_send
                0x0000c8b0       0x94 ./lwip/contrib/apps/ping/ping.o
 .text.ping_recv
                0x0000c944      0x148 ./lwip/contrib/apps/ping/ping.o
 .text.ping_thread
                0x0000ca8c      0x198 ./lwip/contrib/apps/ping/ping.o
 .text.ping_init
                0x0000cc24       0x34 ./lwip/contrib/apps/ping/ping.o
                0x0000cc24                ping_init
 .text.CLOCK_SetEr32kClock
                0x0000cc58       0x30 ./drivers/fsl_clock.o
 .text.CLOCK_SetPllFllSelClock
                0x0000cc88       0x3c ./drivers/fsl_clock.o
 .text.CLOCK_GetMcgExtClkFreq
                0x0000ccc4       0x78 ./drivers/fsl_clock.o
 .text.CLOCK_GetFllExtRefClkFreq
                0x0000cd3c       0xd0 ./drivers/fsl_clock.o
 .text.CLOCK_GetInternalRefClkSelectFreq
                0x0000ce0c       0x44 ./drivers/fsl_clock.o
 .text.CLOCK_GetFllRefClkFreq
                0x0000ce50       0x2c ./drivers/fsl_clock.o
 .text.CLOCK_GetOscRangeFromFreq
                0x0000ce7c       0x3c ./drivers/fsl_clock.o
 .text.CLOCK_GetOsc0ErClkFreq
                0x0000ceb8       0x38 ./drivers/fsl_clock.o
                0x0000ceb8                CLOCK_GetOsc0ErClkFreq
 .text.CLOCK_GetEr32kClkFreq
                0x0000cef0       0x70 ./drivers/fsl_clock.o
                0x0000cef0                CLOCK_GetEr32kClkFreq
 .text.CLOCK_GetPllFllSelClkFreq
                0x0000cf60       0x54 ./drivers/fsl_clock.o
                0x0000cf60                CLOCK_GetPllFllSelClkFreq
 .text.CLOCK_GetCoreSysClkFreq
                0x0000cfb4       0x28 ./drivers/fsl_clock.o
                0x0000cfb4                CLOCK_GetCoreSysClkFreq
 .text.CLOCK_GetFreq
                0x0000cfdc      0x148 ./drivers/fsl_clock.o
                0x0000cfdc                CLOCK_GetFreq
 .text.CLOCK_SetSimConfig
                0x0000d124       0x38 ./drivers/fsl_clock.o
                0x0000d124                CLOCK_SetSimConfig
 .text.CLOCK_GetOutClkFreq
                0x0000d15c       0x64 ./drivers/fsl_clock.o
                0x0000d15c                CLOCK_GetOutClkFreq
 .text.CLOCK_GetFllFreq
                0x0000d1c0       0x7c ./drivers/fsl_clock.o
                0x0000d1c0                CLOCK_GetFllFreq
 .text.CLOCK_GetInternalRefClkFreq
                0x0000d23c       0x24 ./drivers/fsl_clock.o
                0x0000d23c                CLOCK_GetInternalRefClkFreq
 .text.CLOCK_GetPll0Freq
                0x0000d260       0x68 ./drivers/fsl_clock.o
                0x0000d260                CLOCK_GetPll0Freq
 .text.CLOCK_SetExternalRefClkConfig
                0x0000d2c8       0x6c ./drivers/fsl_clock.o
                0x0000d2c8                CLOCK_SetExternalRefClkConfig
 .text.CLOCK_SetInternalRefClkConfig
                0x0000d334      0x104 ./drivers/fsl_clock.o
                0x0000d334                CLOCK_SetInternalRefClkConfig
 .text.CLOCK_EnablePll0
                0x0000d438       0x84 ./drivers/fsl_clock.o
                0x0000d438                CLOCK_EnablePll0
 .text.CLOCK_InitOsc0
                0x0000d4bc       0x8c ./drivers/fsl_clock.o
                0x0000d4bc                CLOCK_InitOsc0
 .text.CLOCK_SetPbeMode
                0x0000d548       0xa8 ./drivers/fsl_clock.o
                0x0000d548                CLOCK_SetPbeMode
 .text.CLOCK_BootToPeeMode
                0x0000d5f0       0x64 ./drivers/fsl_clock.o
                0x0000d5f0                CLOCK_BootToPeeMode
 .text.__NVIC_EnableIRQ
                0x0000d654       0x3c ./drivers/fsl_enet.o
 .text.ENET_GetInstance
                0x0000d690       0x44 ./drivers/fsl_enet.o
                0x0000d690                ENET_GetInstance
 .text.ENET_GetDefaultConfig
                0x0000d6d4       0x4c ./drivers/fsl_enet.o
                0x0000d6d4                ENET_GetDefaultConfig
 .text.ENET_Init
                0x0000d720       0xb8 ./drivers/fsl_enet.o
                0x0000d720                ENET_Init
 .text.ENET_SetCallback
                0x0000d7d8       0x30 ./drivers/fsl_enet.o
                0x0000d7d8                ENET_SetCallback
 .text.ENET_SetHandler
                0x0000d808      0x144 ./drivers/fsl_enet.o
 .text.ENET_SetMacController
                0x0000d94c      0x24c ./drivers/fsl_enet.o
 .text.ENET_SetTxBufferDescriptors
                0x0000db98       0xd8 ./drivers/fsl_enet.o
 .text.ENET_SetRxBufferDescriptors
                0x0000dc70       0xec ./drivers/fsl_enet.o
 .text.ENET_ActiveSend
                0x0000dd5c       0x3c ./drivers/fsl_enet.o
 .text.ENET_SetSMI
                0x0000dd98       0x8c ./drivers/fsl_enet.o
                0x0000dd98                ENET_SetSMI
 .text.ENET_GetRxFrameSize
                0x0000de24       0xe4 ./drivers/fsl_enet.o
                0x0000de24                ENET_GetRxFrameSize
 .text.ENET_ReadFrame
                0x0000df08      0x13c ./drivers/fsl_enet.o
                0x0000df08                ENET_ReadFrame
 .text.ENET_UpdateReadBuffers
                0x0000e044       0xd4 ./drivers/fsl_enet.o
 .text.ENET_SendFrame
                0x0000e118      0x1a8 ./drivers/fsl_enet.o
                0x0000e118                ENET_SendFrame
 .text.ENET_TransmitIRQHandler
                0x0000e2c0       0x54 ./drivers/fsl_enet.o
                0x0000e2c0                ENET_TransmitIRQHandler
 .text.ENET_ReceiveIRQHandler
                0x0000e314       0x54 ./drivers/fsl_enet.o
                0x0000e314                ENET_ReceiveIRQHandler
 .text.ENET_ErrorIRQHandler
                0x0000e368       0x8c ./drivers/fsl_enet.o
                0x0000e368                ENET_ErrorIRQHandler
 .text.ENET_Transmit_IRQHandler
                0x0000e3f4       0x28 ./drivers/fsl_enet.o
                0x0000e3f4                ENET_Transmit_IRQHandler
 .text.ENET_Receive_IRQHandler
                0x0000e41c       0x28 ./drivers/fsl_enet.o
                0x0000e41c                ENET_Receive_IRQHandler
 .text.ENET_Error_IRQHandler
                0x0000e444       0x28 ./drivers/fsl_enet.o
                0x0000e444                ENET_Error_IRQHandler
 .text.ENET_1588_Timer_IRQHandler
                0x0000e46c       0x28 ./drivers/fsl_enet.o
                0x0000e46c                ENET_1588_Timer_IRQHandler
 .text.UART_GetInstance
                0x0000e494       0x54 ./drivers/fsl_uart.o
                0x0000e494                UART_GetInstance
 .text.UART_Init
                0x0000e4e8      0x2d8 ./drivers/fsl_uart.o
                0x0000e4e8                UART_Init
 .text.UART_GetDefaultConfig
                0x0000e7c0       0x60 ./drivers/fsl_uart.o
                0x0000e7c0                UART_GetDefaultConfig
 .text.UART0_DriverIRQHandler
                0x0000e820       0x28 ./drivers/fsl_uart.o
                0x0000e820                UART0_DriverIRQHandler
 .text.UART1_DriverIRQHandler
                0x0000e848       0x28 ./drivers/fsl_uart.o
                0x0000e848                UART1_DriverIRQHandler
 .text.UART2_DriverIRQHandler
                0x0000e870       0x28 ./drivers/fsl_uart.o
                0x0000e870                UART2_DriverIRQHandler
 .text.UART3_DriverIRQHandler
                0x0000e898       0x28 ./drivers/fsl_uart.o
                0x0000e898                UART3_DriverIRQHandler
 .text.UART4_DriverIRQHandler
                0x0000e8c0       0x28 ./drivers/fsl_uart.o
                0x0000e8c0                UART4_DriverIRQHandler
 .text.UART5_DriverIRQHandler
                0x0000e8e8       0x28 ./drivers/fsl_uart.o
                0x0000e8e8                UART5_DriverIRQHandler
 .text.BOARD_InitDebugConsole
                0x0000e910       0x28 ./board/src/board.o
                0x0000e910                BOARD_InitDebugConsole
 .text.CLOCK_SetSimSafeDivs
                0x0000e938       0x20 ./board/src/clock_config.o
 .text.CLOCK_SetXtal0Freq
                0x0000e958       0x20 ./board/src/clock_config.o
 .text.CLOCK_CONFIG_SetFllExtRefDiv
                0x0000e978       0x3c ./board/src/clock_config.o
 .text.BOARD_BootClockRUN
                0x0000e9b4       0x60 ./board/src/clock_config.o
                0x0000e9b4                BOARD_BootClockRUN
 .text.PHY_Init
                0x0000ea14      0x12c ./board/fsl_phy.o
                0x0000ea14                PHY_Init
 .text.PHY_Read
                0x0000eb40       0x88 ./board/fsl_phy.o
                0x0000eb40                PHY_Read
 .text.PHY_GetLinkStatus
                0x0000ebc8       0x58 ./board/fsl_phy.o
                0x0000ebc8                PHY_GetLinkStatus
 .text.PHY_GetLinkSpeedDuplex
                0x0000ec20       0x88 ./board/fsl_phy.o
                0x0000ec20                PHY_GetLinkSpeedDuplex
 .text.PORT_SetPinConfig
                0x0000eca8       0x38 ./board/pin_mux.o
 .text.BOARD_InitPins
                0x0000ece0      0x100 ./board/pin_mux.o
                0x0000ece0                BOARD_InitPins
 .text.vPortSetupTimerInterrupt
                0x0000ede0       0x48 ./amazon-freertos/portable/fsl_tickless_systick.o
                0x0000ede0                vPortSetupTimerInterrupt
 .text.pxPortInitialiseStack
                0x0000ee28       0x68 ./amazon-freertos/FreeRTOS/portable/port.o
                0x0000ee28                pxPortInitialiseStack
 .text.prvTaskExitError
                0x0000ee90       0x54 ./amazon-freertos/FreeRTOS/portable/port.o
 .text.prvPortStartFirstTask
                0x0000eee4       0x28 ./amazon-freertos/FreeRTOS/portable/port.o
 .text.xPortStartScheduler
                0x0000ef0c      0x13c ./amazon-freertos/FreeRTOS/portable/port.o
                0x0000ef0c                xPortStartScheduler
 .text.vPortEnterCritical
                0x0000f048       0x5c ./amazon-freertos/FreeRTOS/portable/port.o
                0x0000f048                vPortEnterCritical
 .text.vPortExitCritical
                0x0000f0a4       0x50 ./amazon-freertos/FreeRTOS/portable/port.o
                0x0000f0a4                vPortExitCritical
 .text.SysTick_Handler
                0x0000f0f4       0x40 ./amazon-freertos/FreeRTOS/portable/port.o
                0x0000f0f4                SysTick_Handler
 .text.vPortEnableVFP
                0x0000f134       0x14 ./amazon-freertos/FreeRTOS/portable/port.o
 .text.vPortValidateInterruptPriority
                0x0000f148       0x7c ./amazon-freertos/FreeRTOS/portable/port.o
                0x0000f148                vPortValidateInterruptPriority
 .text.xEventGroupWaitBits
                0x0000f1c4      0x194 ./amazon-freertos/FreeRTOS/event_groups.o
                0x0000f1c4                xEventGroupWaitBits
 .text.xEventGroupSetBitsFromISR
                0x0000f358       0x28 ./amazon-freertos/FreeRTOS/event_groups.o
                0x0000f358                xEventGroupSetBitsFromISR
 .text.xQueueGenericReset
                0x0000f380       0xd0 ./amazon-freertos/FreeRTOS/queue.o
                0x0000f380                xQueueGenericReset
 .text.xQueueGenericSend
                0x0000f450      0x1f4 ./amazon-freertos/FreeRTOS/queue.o
                0x0000f450                xQueueGenericSend
 .text.xQueueReceive
                0x0000f644      0x1b8 ./amazon-freertos/FreeRTOS/queue.o
                0x0000f644                xQueueReceive
 .text.xQueueSemaphoreTake
                0x0000f7fc      0x214 ./amazon-freertos/FreeRTOS/queue.o
                0x0000f7fc                xQueueSemaphoreTake
 .text.vQueueAddToRegistry
                0x0000fa10       0x50 ./amazon-freertos/FreeRTOS/queue.o
                0x0000fa10                vQueueAddToRegistry
 .text.vQueueUnregisterQueue
                0x0000fa60       0x54 ./amazon-freertos/FreeRTOS/queue.o
                0x0000fa60                vQueueUnregisterQueue
 .text.prvAddNewTaskToReadyList
                0x0000fab4       0xdc ./amazon-freertos/FreeRTOS/tasks.o
 .text.vTaskDelete
                0x0000fb90      0x11c ./amazon-freertos/FreeRTOS/tasks.o
                0x0000fb90                vTaskDelete
 .text.vTaskStartScheduler
                0x0000fcac       0x98 ./amazon-freertos/FreeRTOS/tasks.o
                0x0000fcac                vTaskStartScheduler
 .text.vTaskSuspendAll
                0x0000fd44       0x1c ./amazon-freertos/FreeRTOS/tasks.o
                0x0000fd44                vTaskSuspendAll
 .text.xTaskResumeAll
                0x0000fd60      0x138 ./amazon-freertos/FreeRTOS/tasks.o
                0x0000fd60                xTaskResumeAll
 .text.xTaskGetTickCount
                0x0000fe98       0x20 ./amazon-freertos/FreeRTOS/tasks.o
                0x0000fe98                xTaskGetTickCount
 .text.xTaskIncrementTick
                0x0000feb8      0x158 ./amazon-freertos/FreeRTOS/tasks.o
                0x0000feb8                xTaskIncrementTick
 .text.vTaskSwitchContext
                0x00010010       0xb4 ./amazon-freertos/FreeRTOS/tasks.o
                0x00010010                vTaskSwitchContext
 .text.vTaskPlaceOnEventList
                0x000100c4       0x48 ./amazon-freertos/FreeRTOS/tasks.o
                0x000100c4                vTaskPlaceOnEventList
 .text.vTaskPlaceOnUnorderedEventList
                0x0001010c       0x74 ./amazon-freertos/FreeRTOS/tasks.o
                0x0001010c                vTaskPlaceOnUnorderedEventList
 .text.vTaskPlaceOnEventListRestricted
                0x00010180       0x54 ./amazon-freertos/FreeRTOS/tasks.o
                0x00010180                vTaskPlaceOnEventListRestricted
 .text.xTaskRemoveFromEventList
                0x000101d4       0xc4 ./amazon-freertos/FreeRTOS/tasks.o
                0x000101d4                xTaskRemoveFromEventList
 .text.vTaskRemoveFromUnorderedEventList
                0x00010298       0xc0 ./amazon-freertos/FreeRTOS/tasks.o
                0x00010298                vTaskRemoveFromUnorderedEventList
 .text.vTaskInternalSetTimeOutState
                0x00010358       0x2c ./amazon-freertos/FreeRTOS/tasks.o
                0x00010358                vTaskInternalSetTimeOutState
 .text.xTaskCheckForTimeOut
                0x00010384       0xc0 ./amazon-freertos/FreeRTOS/tasks.o
                0x00010384                xTaskCheckForTimeOut
 .text.vTaskMissedYield
                0x00010444       0x18 ./amazon-freertos/FreeRTOS/tasks.o
                0x00010444                vTaskMissedYield
 .text.prvIdleTask
                0x0001045c       0x30 ./amazon-freertos/FreeRTOS/tasks.o
 .text.prvInitialiseTaskLists
                0x0001048c       0x80 ./amazon-freertos/FreeRTOS/tasks.o
 .text.prvCheckTasksWaitingTermination
                0x0001050c       0x58 ./amazon-freertos/FreeRTOS/tasks.o
 .text.prvResetNextTaskUnblockTime
                0x00010564       0x4c ./amazon-freertos/FreeRTOS/tasks.o
 .text.xTaskGetSchedulerState
                0x000105b0       0x3c ./amazon-freertos/FreeRTOS/tasks.o
                0x000105b0                xTaskGetSchedulerState
 .text.xTaskPriorityInherit
                0x000105ec      0x10c ./amazon-freertos/FreeRTOS/tasks.o
                0x000105ec                xTaskPriorityInherit
 .text.xTaskPriorityDisinherit
                0x000106f8      0x108 ./amazon-freertos/FreeRTOS/tasks.o
                0x000106f8                xTaskPriorityDisinherit
 .text.vTaskPriorityDisinheritAfterTimeout
                0x00010800      0x13c ./amazon-freertos/FreeRTOS/tasks.o
                0x00010800                vTaskPriorityDisinheritAfterTimeout
 .text.uxTaskResetEventItemValue
                0x0001093c       0x30 ./amazon-freertos/FreeRTOS/tasks.o
                0x0001093c                uxTaskResetEventItemValue
 .text.pvTaskIncrementMutexHeldCount
                0x0001096c       0x28 ./amazon-freertos/FreeRTOS/tasks.o
                0x0001096c                pvTaskIncrementMutexHeldCount
 .text.prvAddCurrentTaskToDelayedList
                0x00010994       0xcc ./amazon-freertos/FreeRTOS/tasks.o
 .text.xTimerCreateTimerTask
                0x00010a60       0x60 ./amazon-freertos/FreeRTOS/timers.o
                0x00010a60                xTimerCreateTimerTask
 .text.xTimerGenericCommand
                0x00010ac0       0x98 ./amazon-freertos/FreeRTOS/timers.o
                0x00010ac0                xTimerGenericCommand
 .text.prvProcessExpiredTimer
                0x00010b58       0x80 ./amazon-freertos/FreeRTOS/timers.o
 .text.prvProcessTimerOrBlockTask
                0x00010bd8       0x9c ./amazon-freertos/FreeRTOS/timers.o
 .text.prvGetNextExpireTime
                0x00010c74       0x48 ./amazon-freertos/FreeRTOS/timers.o
 .text.prvSampleTimeNow
                0x00010cbc       0x40 ./amazon-freertos/FreeRTOS/timers.o
 .text.prvInsertTimerInActiveList
                0x00010cfc       0x84 ./amazon-freertos/FreeRTOS/timers.o
 .text.prvProcessReceivedCommands
                0x00010d80      0x154 ./amazon-freertos/FreeRTOS/timers.o
 .text.prvSwitchTimerLists
                0x00010ed4       0xc0 ./amazon-freertos/FreeRTOS/timers.o
 .text.prvCheckForValidListAndQueue
                0x00010f94       0x6c ./amazon-freertos/FreeRTOS/timers.o
 .text.xTimerPendFunctionCallFromISR
                0x00011000       0x40 ./amazon-freertos/FreeRTOS/timers.o
                0x00011000                xTimerPendFunctionCallFromISR
 .text.SystemInit
                0x00011040       0x3c ./CMSIS/system_MK64F12.o
                0x00011040                SystemInit
 .text.__assertion_failed
                0x0001107c       0x4c c:/nxp/mcuxpressoide_10.2.0_759/ide/tools/bin/../lib/gcc/arm-none-eabi/7.2.1/../../../../arm-none-eabi/lib/thumb/v7e-m/fpv4-sp/hard\libcr_semihost_nf.a(_cr_assert.o)
                0x0001107c                __assertion_failed
 .text.__sys_appexit
                0x000110c8        0xc c:/nxp/mcuxpressoide_10.2.0_759/ide/tools/bin/../lib/gcc/arm-none-eabi/7.2.1/../../../../arm-none-eabi/lib/thumb/v7e-m/fpv4-sp/hard\libcr_semihost_nf.a(__sys_appexit.o)
                0x000110c8                __sys_appexit
                0x000110c8                __exit
 .text._Cwritebuf
                0x000110d4       0x6c c:/nxp/mcuxpressoide_10.2.0_759/ide/tools/bin/../lib/gcc/arm-none-eabi/7.2.1/../../../../arm-none-eabi/lib/thumb/v7e-m/fpv4-sp/hard\libcr_c.a(_writebuf.o)
                0x000110d4                _Cwritebuf
 .text.malloc   0x00011140       0xc8 c:/nxp/mcuxpressoide_10.2.0_759/ide/tools/bin/../lib/gcc/arm-none-eabi/7.2.1/../../../../arm-none-eabi/lib/thumb/v7e-m/fpv4-sp/hard\libcr_c.a(alloc.o)
                0x00011140                malloc
 .text._Csys_alloc
                0x00011208       0x20 c:/nxp/mcuxpressoide_10.2.0_759/ide/tools/bin/../lib/gcc/arm-none-eabi/7.2.1/../../../../arm-none-eabi/lib/thumb/v7e-m/fpv4-sp/hard\libcr_c.a(alloc.o)
                0x00011208                _Csys_alloc
 .text.fseek    0x00011228      0x100 c:/nxp/mcuxpressoide_10.2.0_759/ide/tools/bin/../lib/gcc/arm-none-eabi/7.2.1/../../../../arm-none-eabi/lib/thumb/v7e-m/fpv4-sp/hard\libcr_c.a(fseek.o)
                0x00011228                fseek
 .text.ftell    0x00011328       0x44 c:/nxp/mcuxpressoide_10.2.0_759/ide/tools/bin/../lib/gcc/arm-none-eabi/7.2.1/../../../../arm-none-eabi/lib/thumb/v7e-m/fpv4-sp/hard\libcr_c.a(ftell.o)
                0x00011328                ftell
 .text._initio  0x0001136c       0x78 c:/nxp/mcuxpressoide_10.2.0_759/ide/tools/bin/../lib/gcc/arm-none-eabi/7.2.1/../../../../arm-none-eabi/lib/thumb/v7e-m/fpv4-sp/hard\libcr_c.a(initio.o)
                0x0001136c                _initio
 .text.__vfprintf
                0x000113e4      0xb98 c:/nxp/mcuxpressoide_10.2.0_759/ide/tools/bin/../lib/gcc/arm-none-eabi/7.2.1/../../../../arm-none-eabi/lib/thumb/v7e-m/fpv4-sp/hard\libcr_c.a(printf.o)
                0x000113e4                __vfprintf
 .text._vsnprintf
                0x00011f7c       0x5c c:/nxp/mcuxpressoide_10.2.0_759/ide/tools/bin/../lib/gcc/arm-none-eabi/7.2.1/../../../../arm-none-eabi/lib/thumb/v7e-m/fpv4-sp/hard\libcr_c.a(printf.o)
                0x00011f7c                _vsnprintf
 .text._printf  0x00011fd8       0x54 c:/nxp/mcuxpressoide_10.2.0_759/ide/tools/bin/../lib/gcc/arm-none-eabi/7.2.1/../../../../arm-none-eabi/lib/thumb/v7e-m/fpv4-sp/hard\libcr_c.a(printf.o)
                0x00011fd8                _printf
 .text.setvbuf  0x0001202c       0x40 c:/nxp/mcuxpressoide_10.2.0_759/ide/tools/bin/../lib/gcc/arm-none-eabi/7.2.1/../../../../arm-none-eabi/lib/thumb/v7e-m/fpv4-sp/hard\libcr_c.a(setvbuf.o)
                0x0001202c                setvbuf
 .text._sbrk    0x0001206c       0x3c c:/nxp/mcuxpressoide_10.2.0_759/ide/tools/bin/../lib/gcc/arm-none-eabi/7.2.1/../../../../arm-none-eabi/lib/thumb/v7e-m/fpv4-sp/hard\libcr_c.a(_cr_sbrk.o)
                0x0001206c                _sbrk
 .text.fflush   0x000120a8       0x44 c:/nxp/mcuxpressoide_10.2.0_759/ide/tools/bin/../lib/gcc/arm-none-eabi/7.2.1/../../../../arm-none-eabi/lib/thumb/v7e-m/fpv4-sp/hard\libcr_c.a(fflush.o)
                0x000120a8                fflush
 .text.__check_heap_overflow
                0x000120ec       0x18 c:/nxp/mcuxpressoide_10.2.0_759/ide/tools/bin/../lib/gcc/arm-none-eabi/7.2.1/../../../../arm-none-eabi/lib/thumb/v7e-m/fpv4-sp/hard\libcr_c.a(_cr_check_heap.o)
                0x000120ec                __check_heap_overflow
 .text.UART_EnableTx
                0x00012104       0x40 ./utilities/fsl_io.o
 .text.UART_EnableRx
                0x00012144       0x40 ./utilities/fsl_io.o
 .text.LOG_Init
                0x00012184       0x30 ./utilities/fsl_log.o
                0x00012184                LOG_Init
 .text.DMA0_IRQHandler
                0x000121b4        0x8 ./startup/startup_mk64f12.o
                0x000121b4                DMA0_IRQHandler
 .text.DMA1_IRQHandler
                0x000121bc        0x8 ./startup/startup_mk64f12.o
                0x000121bc                DMA1_IRQHandler
 .text.DMA2_IRQHandler
                0x000121c4        0x8 ./startup/startup_mk64f12.o
                0x000121c4                DMA2_IRQHandler
 .text.DMA3_IRQHandler
                0x000121cc        0x8 ./startup/startup_mk64f12.o
                0x000121cc                DMA3_IRQHandler
 .text.DMA4_IRQHandler
                0x000121d4        0x8 ./startup/startup_mk64f12.o
                0x000121d4                DMA4_IRQHandler
 .text.DMA5_IRQHandler
                0x000121dc        0x8 ./startup/startup_mk64f12.o
                0x000121dc                DMA5_IRQHandler
 .text.DMA6_IRQHandler
                0x000121e4        0x8 ./startup/startup_mk64f12.o
                0x000121e4                DMA6_IRQHandler
 .text.DMA7_IRQHandler
                0x000121ec        0x8 ./startup/startup_mk64f12.o
                0x000121ec                DMA7_IRQHandler
 .text.DMA8_IRQHandler
                0x000121f4        0x8 ./startup/startup_mk64f12.o
                0x000121f4                DMA8_IRQHandler
 .text.DMA9_IRQHandler
                0x000121fc        0x8 ./startup/startup_mk64f12.o
                0x000121fc                DMA9_IRQHandler
 .text.DMA10_IRQHandler
                0x00012204        0x8 ./startup/startup_mk64f12.o
                0x00012204                DMA10_IRQHandler
 .text.DMA11_IRQHandler
                0x0001220c        0x8 ./startup/startup_mk64f12.o
                0x0001220c                DMA11_IRQHandler
 .text.DMA12_IRQHandler
                0x00012214        0x8 ./startup/startup_mk64f12.o
                0x00012214                DMA12_IRQHandler
 .text.DMA13_IRQHandler
                0x0001221c        0x8 ./startup/startup_mk64f12.o
                0x0001221c                DMA13_IRQHandler
 .text.DMA14_IRQHandler
                0x00012224        0x8 ./startup/startup_mk64f12.o
                0x00012224                DMA14_IRQHandler
 .text.DMA15_IRQHandler
                0x0001222c        0x8 ./startup/startup_mk64f12.o
                0x0001222c                DMA15_IRQHandler
 .text.DMA_Error_IRQHandler
                0x00012234        0x8 ./startup/startup_mk64f12.o
                0x00012234                DMA_Error_IRQHandler
 .text.MCM_IRQHandler
                0x0001223c        0x8 ./startup/startup_mk64f12.o
                0x0001223c                MCM_IRQHandler
 .text.FTFE_IRQHandler
                0x00012244        0x8 ./startup/startup_mk64f12.o
                0x00012244                FTFE_IRQHandler
 .text.Read_Collision_IRQHandler
                0x0001224c        0x8 ./startup/startup_mk64f12.o
                0x0001224c                Read_Collision_IRQHandler
 .text.LVD_LVW_IRQHandler
                0x00012254        0x8 ./startup/startup_mk64f12.o
                0x00012254                LVD_LVW_IRQHandler
 .text.LLWU_IRQHandler
                0x0001225c        0x8 ./startup/startup_mk64f12.o
                0x0001225c                LLWU_IRQHandler
 .text.WDOG_EWM_IRQHandler
                0x00012264        0x8 ./startup/startup_mk64f12.o
                0x00012264                WDOG_EWM_IRQHandler
 .text.RNG_IRQHandler
                0x0001226c        0x8 ./startup/startup_mk64f12.o
                0x0001226c                RNG_IRQHandler
 .text.I2C0_IRQHandler
                0x00012274        0x8 ./startup/startup_mk64f12.o
                0x00012274                I2C0_IRQHandler
 .text.I2C1_IRQHandler
                0x0001227c        0x8 ./startup/startup_mk64f12.o
                0x0001227c                I2C1_IRQHandler
 .text.SPI0_IRQHandler
                0x00012284        0x8 ./startup/startup_mk64f12.o
                0x00012284                SPI0_IRQHandler
 .text.SPI1_IRQHandler
                0x0001228c        0x8 ./startup/startup_mk64f12.o
                0x0001228c                SPI1_IRQHandler
 .text.I2S0_Tx_IRQHandler
                0x00012294        0x8 ./startup/startup_mk64f12.o
                0x00012294                I2S0_Tx_IRQHandler
 .text.I2S0_Rx_IRQHandler
                0x0001229c        0x8 ./startup/startup_mk64f12.o
                0x0001229c                I2S0_Rx_IRQHandler
 .text.UART0_LON_IRQHandler
                0x000122a4        0x8 ./startup/startup_mk64f12.o
                0x000122a4                UART0_LON_IRQHandler
 .text.UART0_RX_TX_IRQHandler
                0x000122ac        0x8 ./startup/startup_mk64f12.o
                0x000122ac                UART0_RX_TX_IRQHandler
 .text.UART0_ERR_IRQHandler
                0x000122b4        0x8 ./startup/startup_mk64f12.o
                0x000122b4                UART0_ERR_IRQHandler
 .text.UART1_RX_TX_IRQHandler
                0x000122bc        0x8 ./startup/startup_mk64f12.o
                0x000122bc                UART1_RX_TX_IRQHandler
 .text.UART1_ERR_IRQHandler
                0x000122c4        0x8 ./startup/startup_mk64f12.o
                0x000122c4                UART1_ERR_IRQHandler
 .text.UART2_RX_TX_IRQHandler
                0x000122cc        0x8 ./startup/startup_mk64f12.o
                0x000122cc                UART2_RX_TX_IRQHandler
 .text.UART2_ERR_IRQHandler
                0x000122d4        0x8 ./startup/startup_mk64f12.o
                0x000122d4                UART2_ERR_IRQHandler
 .text.UART3_RX_TX_IRQHandler
                0x000122dc        0x8 ./startup/startup_mk64f12.o
                0x000122dc                UART3_RX_TX_IRQHandler
 .text.UART3_ERR_IRQHandler
                0x000122e4        0x8 ./startup/startup_mk64f12.o
                0x000122e4                UART3_ERR_IRQHandler
 .text.ADC0_IRQHandler
                0x000122ec        0x8 ./startup/startup_mk64f12.o
                0x000122ec                ADC0_IRQHandler
 .text.CMP0_IRQHandler
                0x000122f4        0x8 ./startup/startup_mk64f12.o
                0x000122f4                CMP0_IRQHandler
 .text.CMP1_IRQHandler
                0x000122fc        0x8 ./startup/startup_mk64f12.o
                0x000122fc                CMP1_IRQHandler
 .text.FTM0_IRQHandler
                0x00012304        0x8 ./startup/startup_mk64f12.o
                0x00012304                FTM0_IRQHandler
 .text.FTM1_IRQHandler
                0x0001230c        0x8 ./startup/startup_mk64f12.o
                0x0001230c                FTM1_IRQHandler
 .text.FTM2_IRQHandler
                0x00012314        0x8 ./startup/startup_mk64f12.o
                0x00012314                FTM2_IRQHandler
 .text.CMT_IRQHandler
                0x0001231c        0x8 ./startup/startup_mk64f12.o
                0x0001231c                CMT_IRQHandler
 .text.RTC_IRQHandler
                0x00012324        0x8 ./startup/startup_mk64f12.o
                0x00012324                RTC_IRQHandler
 .text.RTC_Seconds_IRQHandler
                0x0001232c        0x8 ./startup/startup_mk64f12.o
                0x0001232c                RTC_Seconds_IRQHandler
 .text.PIT0_IRQHandler
                0x00012334        0x8 ./startup/startup_mk64f12.o
                0x00012334                PIT0_IRQHandler
 .text.PIT1_IRQHandler
                0x0001233c        0x8 ./startup/startup_mk64f12.o
                0x0001233c                PIT1_IRQHandler
 .text.PIT2_IRQHandler
                0x00012344        0x8 ./startup/startup_mk64f12.o
                0x00012344                PIT2_IRQHandler
 .text.PIT3_IRQHandler
                0x0001234c        0x8 ./startup/startup_mk64f12.o
                0x0001234c                PIT3_IRQHandler
 .text.PDB0_IRQHandler
                0x00012354        0x8 ./startup/startup_mk64f12.o
                0x00012354                PDB0_IRQHandler
 .text.USB0_IRQHandler
                0x0001235c        0x8 ./startup/startup_mk64f12.o
                0x0001235c                USB0_IRQHandler
 .text.USBDCD_IRQHandler
                0x00012364        0x8 ./startup/startup_mk64f12.o
                0x00012364                USBDCD_IRQHandler
 .text.Reserved71_IRQHandler
                0x0001236c        0x8 ./startup/startup_mk64f12.o
                0x0001236c                Reserved71_IRQHandler
 .text.DAC0_IRQHandler
                0x00012374        0x8 ./startup/startup_mk64f12.o
                0x00012374                DAC0_IRQHandler
 .text.MCG_IRQHandler
                0x0001237c        0x8 ./startup/startup_mk64f12.o
                0x0001237c                MCG_IRQHandler
 .text.LPTMR0_IRQHandler
                0x00012384        0x8 ./startup/startup_mk64f12.o
                0x00012384                LPTMR0_IRQHandler
 .text.PORTA_IRQHandler
                0x0001238c        0x8 ./startup/startup_mk64f12.o
                0x0001238c                PORTA_IRQHandler
 .text.PORTB_IRQHandler
                0x00012394        0x8 ./startup/startup_mk64f12.o
                0x00012394                PORTB_IRQHandler
 .text.PORTC_IRQHandler
                0x0001239c        0x8 ./startup/startup_mk64f12.o
                0x0001239c                PORTC_IRQHandler
 .text.PORTD_IRQHandler
                0x000123a4        0x8 ./startup/startup_mk64f12.o
                0x000123a4                PORTD_IRQHandler
 .text.PORTE_IRQHandler
                0x000123ac        0x8 ./startup/startup_mk64f12.o
                0x000123ac                PORTE_IRQHandler
 .text.SWI_IRQHandler
                0x000123b4        0x8 ./startup/startup_mk64f12.o
                0x000123b4                SWI_IRQHandler
 .text.SPI2_IRQHandler
                0x000123bc        0x8 ./startup/startup_mk64f12.o
                0x000123bc                SPI2_IRQHandler
 .text.UART4_RX_TX_IRQHandler
                0x000123c4        0x8 ./startup/startup_mk64f12.o
                0x000123c4                UART4_RX_TX_IRQHandler
 .text.UART4_ERR_IRQHandler
                0x000123cc        0x8 ./startup/startup_mk64f12.o
                0x000123cc                UART4_ERR_IRQHandler
 .text.UART5_RX_TX_IRQHandler
                0x000123d4        0x8 ./startup/startup_mk64f12.o
                0x000123d4                UART5_RX_TX_IRQHandler
 .text.UART5_ERR_IRQHandler
                0x000123dc        0x8 ./startup/startup_mk64f12.o
                0x000123dc                UART5_ERR_IRQHandler
 .text.CMP2_IRQHandler
                0x000123e4        0x8 ./startup/startup_mk64f12.o
                0x000123e4                CMP2_IRQHandler
 .text.FTM3_IRQHandler
                0x000123ec        0x8 ./startup/startup_mk64f12.o
                0x000123ec                FTM3_IRQHandler
 .text.DAC1_IRQHandler
                0x000123f4        0x8 ./startup/startup_mk64f12.o
                0x000123f4                DAC1_IRQHandler
 .text.ADC1_IRQHandler
                0x000123fc        0x8 ./startup/startup_mk64f12.o
                0x000123fc                ADC1_IRQHandler
 .text.I2C2_IRQHandler
                0x00012404        0x8 ./startup/startup_mk64f12.o
                0x00012404                I2C2_IRQHandler
 .text.CAN0_ORed_Message_buffer_IRQHandler
                0x0001240c        0x8 ./startup/startup_mk64f12.o
                0x0001240c                CAN0_ORed_Message_buffer_IRQHandler
 .text.CAN0_Bus_Off_IRQHandler
                0x00012414        0x8 ./startup/startup_mk64f12.o
                0x00012414                CAN0_Bus_Off_IRQHandler
 .text.CAN0_Error_IRQHandler
                0x0001241c        0x8 ./startup/startup_mk64f12.o
                0x0001241c                CAN0_Error_IRQHandler
 .text.CAN0_Tx_Warning_IRQHandler
                0x00012424        0x8 ./startup/startup_mk64f12.o
                0x00012424                CAN0_Tx_Warning_IRQHandler
 .text.CAN0_Rx_Warning_IRQHandler
                0x0001242c        0x8 ./startup/startup_mk64f12.o
                0x0001242c                CAN0_Rx_Warning_IRQHandler
 .text.CAN0_Wake_Up_IRQHandler
                0x00012434        0x8 ./startup/startup_mk64f12.o
                0x00012434                CAN0_Wake_Up_IRQHandler
 .text.SDHC_IRQHandler
                0x0001243c        0x8 ./startup/startup_mk64f12.o
                0x0001243c                SDHC_IRQHandler
 .text.HardFault_Handler
                0x00012444       0x2c ./source/semihost_hardfault.o
                0x00012444                HardFault_Handler
 .text.dhcp_timeout
                0x00012470       0x92 ./lwip/src/core/ipv4/dhcp.o
 .text.dhcp_t1_timeout
                0x00012502       0x5c ./lwip/src/core/ipv4/dhcp.o
 .text.dhcp_t2_timeout
                0x0001255e       0x64 ./lwip/src/core/ipv4/dhcp.o
 .text.dhcp_set_state
                0x000125c2       0x34 ./lwip/src/core/ipv4/dhcp.o
 .text.dhcp_supplied_address
                0x000125f6       0x4c ./lwip/src/core/ipv4/dhcp.o
                0x000125f6                dhcp_supplied_address
 .text.icmp_dest_unreach
                0x00012642       0x20 ./lwip/src/core/ipv4/icmp.o
                0x00012642                icmp_dest_unreach
 .text.icmp_time_exceeded
                0x00012662       0x20 ./lwip/src/core/ipv4/icmp.o
                0x00012662                icmp_time_exceeded
 .text.ip4_output_if
                0x00012682       0x54 ./lwip/src/core/ipv4/ip4.o
                0x00012682                ip4_output_if
 .text.ip4_addr_isbroadcast_u32
                0x000126d6       0x82 ./lwip/src/core/ipv4/ip4_addr.o
                0x000126d6                ip4_addr_isbroadcast_u32
 .text.ip_frag_alloc_pbuf_custom_ref
                0x00012758       0x10 ./lwip/src/core/ipv4/ip4_frag.o
 .text.lwip_htons
                0x00012768       0x1c ./lwip/src/core/def.o
                0x00012768                lwip_htons
 .text.lwip_htonl
                0x00012784       0x32 ./lwip/src/core/def.o
                0x00012784                lwip_htonl
 .text.lwip_standard_chksum
                0x000127b6       0xba ./lwip/src/core/inet_chksum.o
                0x000127b6                lwip_standard_chksum
 .text.inet_cksum_pseudo_base
                0x00012870       0xd8 ./lwip/src/core/inet_chksum.o
 .text.inet_chksum_pseudo
                0x00012948       0x70 ./lwip/src/core/inet_chksum.o
                0x00012948                inet_chksum_pseudo
 .text.ip_chksum_pseudo
                0x000129b8       0x2c ./lwip/src/core/inet_chksum.o
                0x000129b8                ip_chksum_pseudo
 .text.inet_chksum
                0x000129e4       0x24 ./lwip/src/core/inet_chksum.o
                0x000129e4                inet_chksum
 .text.inet_chksum_pbuf
                0x00012a08       0x94 ./lwip/src/core/inet_chksum.o
                0x00012a08                inet_chksum_pbuf
 .text.lwip_init
                0x00012a9c       0x2e ./lwip/src/core/init.o
                0x00012a9c                lwip_init
 .text.memp_init_pool
                0x00012aca       0x5e ./lwip/src/core/memp.o
                0x00012aca                memp_init_pool
 .text.netif_init
                0x00012b28        0xe ./lwip/src/core/netif.o
                0x00012b28                netif_init
 .text.netif_set_addr
                0x00012b36       0x56 ./lwip/src/core/netif.o
                0x00012b36                netif_set_addr
 .text.netif_set_gw
                0x00012b8c       0x28 ./lwip/src/core/netif.o
                0x00012b8c                netif_set_gw
 .text.netif_set_netmask
                0x00012bb4       0x28 ./lwip/src/core/netif.o
                0x00012bb4                netif_set_netmask
 .text.netif_set_up
                0x00012bdc       0x46 ./lwip/src/core/netif.o
                0x00012bdc                netif_set_up
 .text.netif_issue_reports
                0x00012c22       0x42 ./lwip/src/core/netif.o
 .text.pbuf_header
                0x00012c64       0x24 ./lwip/src/core/pbuf.o
                0x00012c64                pbuf_header
 .text.pbuf_header_force
                0x00012c88       0x24 ./lwip/src/core/pbuf.o
                0x00012c88                pbuf_header_force
 .text.pbuf_clen
                0x00012cac       0x2e ./lwip/src/core/pbuf.o
                0x00012cac                pbuf_clen
 .text.pbuf_chain
                0x00012cda       0x20 ./lwip/src/core/pbuf.o
                0x00012cda                pbuf_chain
 .text.raw_recv
                0x00012cfa       0x24 ./lwip/src/core/raw.o
                0x00012cfa                raw_recv
 .text.raw_send
                0x00012d1e       0x22 ./lwip/src/core/raw.o
                0x00012d1e                raw_send
 .text.raw_new_ip_type
                0x00012d40       0x24 ./lwip/src/core/raw.o
                0x00012d40                raw_new_ip_type
 .text.sys_msleep
                0x00012d64       0x44 ./lwip/src/core/sys.o
                0x00012d64                sys_msleep
 .text.tcp_init
                0x00012da8        0xe ./lwip/src/core/tcp.o
                0x00012da8                tcp_init
 .text.tcp_remove_listener
                0x00012db6       0x38 ./lwip/src/core/tcp.o
 .text.tcp_close
                0x00012dee       0x30 ./lwip/src/core/tcp.o
                0x00012dee                tcp_close
 .text.tcp_shutdown
                0x00012e1e       0x8e ./lwip/src/core/tcp.o
                0x00012e1e                tcp_shutdown
 .text.tcp_abort
                0x00012eac       0x18 ./lwip/src/core/tcp.o
                0x00012eac                tcp_abort
 .text.tcp_process_refused_data
                0x00012ec4       0xcc ./lwip/src/core/tcp.o
                0x00012ec4                tcp_process_refused_data
 .text.tcp_segs_free
                0x00012f90       0x28 ./lwip/src/core/tcp.o
                0x00012f90                tcp_segs_free
 .text.tcp_seg_free
                0x00012fb8       0x30 ./lwip/src/core/tcp.o
                0x00012fb8                tcp_seg_free
 .text.tcp_recv_null
                0x00012fe8       0x44 ./lwip/src/core/tcp.o
                0x00012fe8                tcp_recv_null
 .text.tcp_new_ip_type
                0x0001302c       0x1c ./lwip/src/core/tcp.o
                0x0001302c                tcp_new_ip_type
 .text.tcp_arg  0x00013048       0x22 ./lwip/src/core/tcp.o
                0x00013048                tcp_arg
 .text.tcp_accept
                0x0001306a       0x2e ./lwip/src/core/tcp.o
                0x0001306a                tcp_accept
 .text.tcp_pcb_purge
                0x00013098       0x78 ./lwip/src/core/tcp.o
                0x00013098                tcp_pcb_purge
 .text.tcp_eff_send_mss_impl
                0x00013110       0x48 ./lwip/src/core/tcp.o
                0x00013110                tcp_eff_send_mss_impl
 .text.tcp_netif_ip_addr_changed_pcblist
                0x00013158       0x42 ./lwip/src/core/tcp.o
 .text.tcp_send_fin
                0x0001319a       0x7e ./lwip/src/core/tcp_out.o
                0x0001319a                tcp_send_fin
 .text.tcp_send_empty_ack
                0x00013218       0xdc ./lwip/src/core/tcp_out.o
                0x00013218                tcp_send_empty_ack
 .text.tcp_rexmit_rto
                0x000132f4       0x7e ./lwip/src/core/tcp_out.o
                0x000132f4                tcp_rexmit_rto
 .text.tcp_rexmit
                0x00013372       0xa0 ./lwip/src/core/tcp_out.o
                0x00013372                tcp_rexmit
 .text.tcp_rexmit_fast
                0x00013412       0xae ./lwip/src/core/tcp_out.o
                0x00013412                tcp_rexmit_fast
 .text.tcp_keepalive
                0x000134c0       0x9e ./lwip/src/core/tcp_out.o
                0x000134c0                tcp_keepalive
 .text.tcp_zero_window_probe
                0x0001355e      0x158 ./lwip/src/core/tcp_out.o
                0x0001355e                tcp_zero_window_probe
 .text.udp_init
                0x000136b6        0xe ./lwip/src/core/udp.o
                0x000136b6                udp_init
 .text.udp_send
                0x000136c4       0x30 ./lwip/src/core/udp.o
                0x000136c4                udp_send
 .text.udp_sendto
                0x000136f4       0x54 ./lwip/src/core/udp.o
                0x000136f4                udp_sendto
 .text.udp_sendto_if
                0x00013748       0x7a ./lwip/src/core/udp.o
                0x00013748                udp_sendto_if
 .text.udp_recv
                0x000137c2       0x24 ./lwip/src/core/udp.o
                0x000137c2                udp_recv
 .text.udp_new  0x000137e6       0x2e ./lwip/src/core/udp.o
                0x000137e6                udp_new
 .text.udp_new_ip_type
                0x00013814       0x1a ./lwip/src/core/udp.o
                0x00013814                udp_new_ip_type
 .text.netconn_apimsg
                0x0001382e       0x40 ./lwip/src/api/api_lib.o
 .text.lwip_netconn_do_newconn
                0x0001386e       0x58 ./lwip/src/api/api_msg.o
                0x0001386e                lwip_netconn_do_newconn
 .text.lwip_netconn_do_send
                0x000138c6      0x128 ./lwip/src/api/api_msg.o
                0x000138c6                lwip_netconn_do_send
 .text.lwip_netconn_do_recv
                0x000139ee       0x98 ./lwip/src/api/api_msg.o
                0x000139ee                lwip_netconn_do_recv
 .text.netbuf_delete
                0x00013a86       0x3e ./lwip/src/api/netbuf.o
                0x00013a86                netbuf_delete
 .text.ENET_ActiveRead
                0x00013ac4       0x1c ./lwip/port/ethernetif.o
 .text.low_level_init
                0x00013ae0       0x5a ./lwip/port/ethernetif.o
 .text.enet_send_frame
                0x00013b3a       0x52 ./lwip/port/ethernetif.o
 .text.enet_get_rx_frame_size
                0x00013b8c       0x20 ./lwip/port/ethernetif.o
 .text.enet_read_frame
                0x00013bac       0x24 ./lwip/port/ethernetif.o
 .text.low_level_input
                0x00013bd0      0x130 ./lwip/port/ethernetif.o
 .text.sys_mbox_new
                0x00013d00       0x38 ./lwip/port/sys_arch.o
                0x00013d00                sys_mbox_new
 .text.sys_mbox_free
                0x00013d38       0x40 ./lwip/port/sys_arch.o
                0x00013d38                sys_mbox_free
 .text.sys_arch_mbox_fetch
                0x00013d78       0x98 ./lwip/port/sys_arch.o
                0x00013d78                sys_arch_mbox_fetch
 .text.sys_arch_mbox_tryfetch
                0x00013e10       0x40 ./lwip/port/sys_arch.o
                0x00013e10                sys_arch_mbox_tryfetch
 .text.sys_sem_new
                0x00013e50       0x7a ./lwip/port/sys_arch.o
                0x00013e50                sys_sem_new
 .text.sys_arch_sem_wait
                0x00013eca       0x80 ./lwip/port/sys_arch.o
                0x00013eca                sys_arch_sem_wait
 .text.sys_mutex_new
                0x00013f4a       0x30 ./lwip/port/sys_arch.o
                0x00013f4a                sys_mutex_new
 .text.sys_mutex_lock
                0x00013f7a       0x26 ./lwip/port/sys_arch.o
                0x00013f7a                sys_mutex_lock
 .text.sys_mutex_unlock
                0x00013fa0       0x1e ./lwip/port/sys_arch.o
                0x00013fa0                sys_mutex_unlock
 .text.sys_sem_signal
                0x00013fbe       0x1e ./lwip/port/sys_arch.o
                0x00013fbe                sys_sem_signal
 .text.sys_sem_free
                0x00013fdc       0x1a ./lwip/port/sys_arch.o
                0x00013fdc                sys_sem_free
 .text.sys_init
                0x00013ff6        0xe ./lwip/port/sys_arch.o
                0x00013ff6                sys_init
 .text.sys_now  0x00014004        0xe ./lwip/port/sys_arch.o
                0x00014004                sys_now
 .text.sys_thread_new
                0x00014012       0x44 ./lwip/port/sys_arch.o
                0x00014012                sys_thread_new
 .text.sys_arch_protect
                0x00014056       0x42 ./lwip/port/sys_arch.o
                0x00014056                sys_arch_protect
 .text.sys_arch_unprotect
                0x00014098       0x2c ./lwip/port/sys_arch.o
                0x00014098                sys_arch_unprotect
 .text.OSC_SetExtRefClkConfig
                0x000140c4       0x34 ./drivers/fsl_clock.o
 .text.OSC_SetCapLoad
                0x000140f8       0x34 ./drivers/fsl_clock.o
 .text.CLOCK_GetPll0RefFreq
                0x0001412c        0xe ./drivers/fsl_clock.o
 .text.CLOCK_GetFixedFreqClkFreq
                0x0001413a       0x2e ./drivers/fsl_clock.o
                0x0001413a                CLOCK_GetFixedFreqClkFreq
 .text.CLOCK_EnableClock
                0x00014168       0x34 ./drivers/fsl_enet.o
 .text.EnableIRQ
                0x0001419c       0x2c ./drivers/fsl_enet.o
 .text.ENET_Reset
                0x000141c8       0x20 ./drivers/fsl_enet.o
 .text.ENET_GetSMI
                0x000141e8       0x26 ./drivers/fsl_enet.o
 .text.ENET_EnableSleepMode
                0x0001420e       0x38 ./drivers/fsl_enet.o
 .text.ENET_EnableInterrupts
                0x00014246       0x22 ./drivers/fsl_enet.o
 .text.ENET_SetMacAddr
                0x00014268       0x5e ./drivers/fsl_enet.o
                0x00014268                ENET_SetMacAddr
 .text.ENET_StartSMIWrite
                0x000142c6       0x50 ./drivers/fsl_enet.o
                0x000142c6                ENET_StartSMIWrite
 .text.ENET_StartSMIRead
                0x00014316       0x4a ./drivers/fsl_enet.o
                0x00014316                ENET_StartSMIRead
 .text.CLOCK_EnableClock
                0x00014360       0x34 ./drivers/fsl_uart.o
 .text.UART0_RX_TX_DriverIRQHandler
                0x00014394       0x10 ./drivers/fsl_uart.o
                0x00014394                UART0_RX_TX_DriverIRQHandler
 .text.UART1_RX_TX_DriverIRQHandler
                0x000143a4       0x10 ./drivers/fsl_uart.o
                0x000143a4                UART1_RX_TX_DriverIRQHandler
 .text.UART2_RX_TX_DriverIRQHandler
                0x000143b4       0x10 ./drivers/fsl_uart.o
                0x000143b4                UART2_RX_TX_DriverIRQHandler
 .text.UART3_RX_TX_DriverIRQHandler
                0x000143c4       0x10 ./drivers/fsl_uart.o
                0x000143c4                UART3_RX_TX_DriverIRQHandler
 .text.UART4_RX_TX_DriverIRQHandler
                0x000143d4       0x10 ./drivers/fsl_uart.o
                0x000143d4                UART4_RX_TX_DriverIRQHandler
 .text.UART5_RX_TX_DriverIRQHandler
                0x000143e4       0x10 ./drivers/fsl_uart.o
                0x000143e4                UART5_RX_TX_DriverIRQHandler
 .text.CLOCK_EnableClock
                0x000143f4       0x34 ./board/fsl_phy.o
 .text.ENET_ReadSMIData
                0x00014428       0x1a ./board/fsl_phy.o
 .text.ENET_GetInterruptStatus
                0x00014442       0x18 ./board/fsl_phy.o
 .text.ENET_ClearInterruptStatus
                0x0001445a       0x1c ./board/fsl_phy.o
 .text.PHY_Write
                0x00014476       0x70 ./board/fsl_phy.o
                0x00014476                PHY_Write
 .text.CLOCK_EnableClock
                0x000144e6       0x34 ./board/pin_mux.o
 .text.PORT_SetPinMux
                0x0001451a       0x3a ./board/pin_mux.o
 .text.pvPortMalloc
                0x00014554       0x22 ./amazon-freertos/FreeRTOS/portable/heap_3.o
                0x00014554                pvPortMalloc
 .text.vPortFree
                0x00014576       0x24 ./amazon-freertos/FreeRTOS/portable/heap_3.o
                0x00014576                vPortFree
 .text.xEventGroupCreate
                0x0001459a       0x2e ./amazon-freertos/FreeRTOS/event_groups.o
                0x0001459a                xEventGroupCreate
 .text.xEventGroupSetBits
                0x000145c8      0x112 ./amazon-freertos/FreeRTOS/event_groups.o
                0x000145c8                xEventGroupSetBits
 .text.vEventGroupSetBitsCallback
                0x000146da       0x1a ./amazon-freertos/FreeRTOS/event_groups.o
                0x000146da                vEventGroupSetBitsCallback
 .text.prvTestWaitCondition
                0x000146f4       0x44 ./amazon-freertos/FreeRTOS/event_groups.o
 .text.vListInitialise
                0x00014738       0x40 ./amazon-freertos/FreeRTOS/list.o
                0x00014738                vListInitialise
 .text.vListInitialiseItem
                0x00014778       0x1a ./amazon-freertos/FreeRTOS/list.o
                0x00014778                vListInitialiseItem
 .text.vListInsertEnd
                0x00014792       0x48 ./amazon-freertos/FreeRTOS/list.o
                0x00014792                vListInsertEnd
 .text.vListInsert
                0x000147da       0x72 ./amazon-freertos/FreeRTOS/list.o
                0x000147da                vListInsert
 .text.uxListRemove
                0x0001484c       0x54 ./amazon-freertos/FreeRTOS/list.o
                0x0001484c                uxListRemove
 .text.xQueueGenericCreate
                0x000148a0       0x72 ./amazon-freertos/FreeRTOS/queue.o
                0x000148a0                xQueueGenericCreate
 .text.prvInitialiseNewQueue
                0x00014912       0x46 ./amazon-freertos/FreeRTOS/queue.o
 .text.prvInitialiseMutex
                0x00014958       0x34 ./amazon-freertos/FreeRTOS/queue.o
 .text.xQueueCreateMutex
                0x0001498c       0x30 ./amazon-freertos/FreeRTOS/queue.o
                0x0001498c                xQueueCreateMutex
 .text.xQueueCreateCountingSemaphore
                0x000149bc       0x62 ./amazon-freertos/FreeRTOS/queue.o
                0x000149bc                xQueueCreateCountingSemaphore
 .text.xQueueGenericSendFromISR
                0x00014a1e      0x128 ./amazon-freertos/FreeRTOS/queue.o
                0x00014a1e                xQueueGenericSendFromISR
 .text.uxQueueMessagesWaiting
                0x00014b46       0x3a ./amazon-freertos/FreeRTOS/queue.o
                0x00014b46                uxQueueMessagesWaiting
 .text.vQueueDelete
                0x00014b80       0x3a ./amazon-freertos/FreeRTOS/queue.o
                0x00014b80                vQueueDelete
 .text.prvGetDisinheritPriorityAfterTimeout
                0x00014bba       0x30 ./amazon-freertos/FreeRTOS/queue.o
 .text.prvCopyDataToQueue
                0x00014bea       0xd4 ./amazon-freertos/FreeRTOS/queue.o
 .text.prvCopyDataFromQueue
                0x00014cbe       0x4c ./amazon-freertos/FreeRTOS/queue.o
 .text.prvUnlockQueue
                0x00014d0a       0xa4 ./amazon-freertos/FreeRTOS/queue.o
 .text.prvIsQueueEmpty
                0x00014dae       0x2c ./amazon-freertos/FreeRTOS/queue.o
 .text.prvIsQueueFull
                0x00014dda       0x30 ./amazon-freertos/FreeRTOS/queue.o
 .text.xQueueIsQueueFullFromISR
                0x00014e0a       0x46 ./amazon-freertos/FreeRTOS/queue.o
                0x00014e0a                xQueueIsQueueFullFromISR
 .text.vQueueWaitForMessageRestricted
                0x00014e50       0x68 ./amazon-freertos/FreeRTOS/queue.o
                0x00014e50                vQueueWaitForMessageRestricted
 .text.xTaskCreate
                0x00014eb8       0x82 ./amazon-freertos/FreeRTOS/tasks.o
                0x00014eb8                xTaskCreate
 .text.prvInitialiseNewTask
                0x00014f3a      0x12a ./amazon-freertos/FreeRTOS/tasks.o
 .text.prvDeleteTCB
                0x00015064       0x20 ./amazon-freertos/FreeRTOS/tasks.o
 .text.prvTimerTask
                0x00015084       0x24 ./amazon-freertos/FreeRTOS/timers.o
 .text.SystemInitHook
                0x000150a8        0xe ./CMSIS/system_MK64F12.o
                0x000150a8                SystemInitHook
 .text.__main   0x000150b6        0xe c:/nxp/mcuxpressoide_10.2.0_759/ide/tools/bin/../lib/gcc/arm-none-eabi/7.2.1/../../../../arm-none-eabi/lib/thumb/v7e-m/fpv4-sp/hard\libcr_semihost_nf.a(_cr__main.o)
                0x000150b6                __CR_SEMIHOST
                0x000150b6                __main
 .text.memcpy   0x000150c4        0x4 c:/nxp/mcuxpressoide_10.2.0_759/ide/tools/bin/../lib/gcc/arm-none-eabi/7.2.1/../../../../arm-none-eabi/lib/thumb/v7e-m/fpv4-sp/hard\libcr_c.a(memcpy.o)
                0x000150c4                memcpy
 .text.memset   0x000150c8        0x4 c:/nxp/mcuxpressoide_10.2.0_759/ide/tools/bin/../lib/gcc/arm-none-eabi/7.2.1/../../../../arm-none-eabi/lib/thumb/v7e-m/fpv4-sp/hard\libcr_c.a(memset.o)
                0x000150c8                memset
 .text._deferredlazyseek
                0x000150cc       0x40 c:/nxp/mcuxpressoide_10.2.0_759/ide/tools/bin/../lib/gcc/arm-none-eabi/7.2.1/../../../../arm-none-eabi/lib/thumb/v7e-m/fpv4-sp/hard\libcr_c.a(_deferredlazyseek.o)
                0x000150cc                _deferredlazyseek
 .text.__flsbuf
                0x0001510c      0x140 c:/nxp/mcuxpressoide_10.2.0_759/ide/tools/bin/../lib/gcc/arm-none-eabi/7.2.1/../../../../arm-none-eabi/lib/thumb/v7e-m/fpv4-sp/hard\libcr_c.a(_deferredlazyseek.o)
                0x0001510c                __flsbuf
 .text._fflush  0x0001524c       0x52 c:/nxp/mcuxpressoide_10.2.0_759/ide/tools/bin/../lib/gcc/arm-none-eabi/7.2.1/../../../../arm-none-eabi/lib/thumb/v7e-m/fpv4-sp/hard\libcr_c.a(_fflush.o)
                0x0001524c                _fflush
 .text.free     0x0001529e       0x30 c:/nxp/mcuxpressoide_10.2.0_759/ide/tools/bin/../lib/gcc/arm-none-eabi/7.2.1/../../../../arm-none-eabi/lib/thumb/v7e-m/fpv4-sp/hard\libcr_c.a(alloc.o)
                0x0001529e                free
 .text.fputs    0x000152ce       0x2c c:/nxp/mcuxpressoide_10.2.0_759/ide/tools/bin/../lib/gcc/arm-none-eabi/7.2.1/../../../../arm-none-eabi/lib/thumb/v7e-m/fpv4-sp/hard\libcr_c.a(fputs.o)
                0x000152ce                fputs
 .text.memcmp   0x000152fa       0x44 c:/nxp/mcuxpressoide_10.2.0_759/ide/tools/bin/../lib/gcc/arm-none-eabi/7.2.1/../../../../arm-none-eabi/lib/thumb/v7e-m/fpv4-sp/hard\libcr_c.a(memcmp.o)
                0x000152fa                memcmp
 .text.no_fp_display
                0x0001533e        0x4 c:/nxp/mcuxpressoide_10.2.0_759/ide/tools/bin/../lib/gcc/arm-none-eabi/7.2.1/../../../../arm-none-eabi/lib/thumb/v7e-m/fpv4-sp/hard\libcr_c.a(printf.o)
 .text.strlen   0x00015342       0x4a c:/nxp/mcuxpressoide_10.2.0_759/ide/tools/bin/../lib/gcc/arm-none-eabi/7.2.1/../../../../arm-none-eabi/lib/thumb/v7e-m/fpv4-sp/hard\libcr_c.a(strlen.o)
                0x00015342                strlen
 .text._fdopen  0x0001538c       0x68 c:/nxp/mcuxpressoide_10.2.0_759/ide/tools/bin/../lib/gcc/arm-none-eabi/7.2.1/../../../../arm-none-eabi/lib/thumb/v7e-m/fpv4-sp/hard\libcr_c.a(_fdopen.o)
                0x0001538c                _fdopen
 .text.fclose   0x000153f4       0x58 c:/nxp/mcuxpressoide_10.2.0_759/ide/tools/bin/../lib/gcc/arm-none-eabi/7.2.1/../../../../arm-none-eabi/lib/thumb/v7e-m/fpv4-sp/hard\libcr_c.a(fclose.o)
                0x000153f4                fclose
 .text.remove   0x0001544c       0x14 c:/nxp/mcuxpressoide_10.2.0_759/ide/tools/bin/../lib/gcc/arm-none-eabi/7.2.1/../../../../arm-none-eabi/lib/thumb/v7e-m/fpv4-sp/hard\libcr_c.a(remove.o)
                0x0001544c                remove
 .text._do_fflush
                0x00015460       0x40 c:/nxp/mcuxpressoide_10.2.0_759/ide/tools/bin/../lib/gcc/arm-none-eabi/7.2.1/../../../../arm-none-eabi/lib/thumb/v7e-m/fpv4-sp/hard\libcr_c.a(_do_fflush.o)
                0x00015460                _do_fflush
 .text.__aeabi_memcpy
                0x000154a0       0x34 c:/nxp/mcuxpressoide_10.2.0_759/ide/tools/bin/../lib/gcc/arm-none-eabi/7.2.1/thumb/v7e-m/fpv4-sp/hard\libcr_eabihelpers.a(memcpy.o)
                0x000154a0                __aeabi_memcpy
                0x000154aa                __aeabi_memcpy8
                0x000154aa                __aeabi_memcpy4
 .text.__aeabi_memset_lowlevel
                0x000154d4       0x32 c:/nxp/mcuxpressoide_10.2.0_759/ide/tools/bin/../lib/gcc/arm-none-eabi/7.2.1/thumb/v7e-m/fpv4-sp/hard\libcr_eabihelpers.a(memcpy.o)
                0x000154d4                __aeabi_lowlevel_memset
 .text.__sys_close
                0x00015506        0xc c:/nxp/mcuxpressoide_10.2.0_759/ide/tools/bin/../lib/gcc/arm-none-eabi/7.2.1/../../../../arm-none-eabi/lib/thumb/v7e-m/fpv4-sp/hard\libcr_semihost_nf.a(__sys_close.o)
                0x00015506                __sys_close
 .text.__sys_flen
                0x00015512        0xc c:/nxp/mcuxpressoide_10.2.0_759/ide/tools/bin/../lib/gcc/arm-none-eabi/7.2.1/../../../../arm-none-eabi/lib/thumb/v7e-m/fpv4-sp/hard\libcr_semihost_nf.a(__sys_flen.o)
                0x00015512                __sys_flen
 .text.__sys_istty
                0x0001551e        0xc c:/nxp/mcuxpressoide_10.2.0_759/ide/tools/bin/../lib/gcc/arm-none-eabi/7.2.1/../../../../arm-none-eabi/lib/thumb/v7e-m/fpv4-sp/hard\libcr_semihost_nf.a(__sys_istty.o)
                0x0001551e                __sys_istty
 .text.__sys_remove
                0x0001552a        0xc c:/nxp/mcuxpressoide_10.2.0_759/ide/tools/bin/../lib/gcc/arm-none-eabi/7.2.1/../../../../arm-none-eabi/lib/thumb/v7e-m/fpv4-sp/hard\libcr_semihost_nf.a(__sys_remove.o)
                0x0001552a                __sys_remove
 .text.__sys_seek