Archive member included to satisfy reference by file (symbol)

c:/nxp/mcuxpressoide_10.2.0_759/ide/tools/bin/../lib/gcc/arm-none-eabi/7.2.1/../../../../arm-none-eabi/lib/thumb/v7e-m/fpv4-sp/hard\libcr_semihost_nf.a(_cr__main.o)
                              ./startup/startup_mk64f12.o (__main)
c:/nxp/mcuxpressoide_10.2.0_759/ide/tools/bin/../lib/gcc/arm-none-eabi/7.2.1/../../../../arm-none-eabi/lib/thumb/v7e-m/fpv4-sp/hard\libcr_semihost_nf.a(_cr_assert.o)
                              ./utilities/fsl_debug_console.o (__assertion_failed)
c:/nxp/mcuxpressoide_10.2.0_759/ide/tools/bin/../lib/gcc/arm-none-eabi/7.2.1/../../../../arm-none-eabi/lib/thumb/v7e-m/fpv4-sp/hard\libcr_semihost_nf.a(__ciob.o)
                              c:/nxp/mcuxpressoide_10.2.0_759/ide/tools/bin/../lib/gcc/arm-none-eabi/7.2.1/../../../../arm-none-eabi/lib/thumb/v7e-m/fpv4-sp/hard\libcr_semihost_nf.a(_cr_assert.o) (__Ciob)
c:/nxp/mcuxpressoide_10.2.0_759/ide/tools/bin/../lib/gcc/arm-none-eabi/7.2.1/../../../../arm-none-eabi/lib/thumb/v7e-m/fpv4-sp/hard\libcr_semihost_nf.a(__sys_appexit.o)
                              c:/nxp/mcuxpressoide_10.2.0_759/ide/tools/bin/../lib/gcc/arm-none-eabi/7.2.1/../../../../arm-none-eabi/lib/thumb/v7e-m/fpv4-sp/hard\libcr_semihost_nf.a(_cr_assert.o) (__sys_appexit)
c:/nxp/mcuxpressoide_10.2.0_759/ide/tools/bin/../lib/gcc/arm-none-eabi/7.2.1/../../../../arm-none-eabi/lib/thumb/v7e-m/fpv4-sp/hard\libcr_c.a(memcpy.o)
                              ./drivers/fsl_ftfx_cache.o (memcpy)
c:/nxp/mcuxpressoide_10.2.0_759/ide/tools/bin/../lib/gcc/arm-none-eabi/7.2.1/../../../../arm-none-eabi/lib/thumb/v7e-m/fpv4-sp/hard\libcr_c.a(memset.o)
                              ./drivers/fsl_ftfx_cache.o (memset)
c:/nxp/mcuxpressoide_10.2.0_759/ide/tools/bin/../lib/gcc/arm-none-eabi/7.2.1/../../../../arm-none-eabi/lib/thumb/v7e-m/fpv4-sp/hard\libcr_c.a(_deferredlazyseek.o)
                              c:/nxp/mcuxpressoide_10.2.0_759/ide/tools/bin/../lib/gcc/arm-none-eabi/7.2.1/../../../../arm-none-eabi/lib/thumb/v7e-m/fpv4-sp/hard\libcr_semihost_nf.a(_cr_assert.o) (__flsbuf)
c:/nxp/mcuxpressoide_10.2.0_759/ide/tools/bin/../lib/gcc/arm-none-eabi/7.2.1/../../../../arm-none-eabi/lib/thumb/v7e-m/fpv4-sp/hard\libcr_c.a(_fflush.o)
                              c:/nxp/mcuxpressoide_10.2.0_759/ide/tools/bin/../lib/gcc/arm-none-eabi/7.2.1/../../../../arm-none-eabi/lib/thumb/v7e-m/fpv4-sp/hard\libcr_c.a(_deferredlazyseek.o) (_fflush)
c:/nxp/mcuxpressoide_10.2.0_759/ide/tools/bin/../lib/gcc/arm-none-eabi/7.2.1/../../../../arm-none-eabi/lib/thumb/v7e-m/fpv4-sp/hard\libcr_c.a(_writebuf.o)
                              c:/nxp/mcuxpressoide_10.2.0_759/ide/tools/bin/../lib/gcc/arm-none-eabi/7.2.1/../../../../arm-none-eabi/lib/thumb/v7e-m/fpv4-sp/hard\libcr_c.a(_deferredlazyseek.o) (_Cwritebuf)
c:/nxp/mcuxpressoide_10.2.0_759/ide/tools/bin/../lib/gcc/arm-none-eabi/7.2.1/../../../../arm-none-eabi/lib/thumb/v7e-m/fpv4-sp/hard\libcr_c.a(alloc.o)
                              ./drivers/fsl_common.o (malloc)
c:/nxp/mcuxpressoide_10.2.0_759/ide/tools/bin/../lib/gcc/arm-none-eabi/7.2.1/../../../../arm-none-eabi/lib/thumb/v7e-m/fpv4-sp/hard\libcr_c.a(fputs.o)
                              c:/nxp/mcuxpressoide_10.2.0_759/ide/tools/bin/../lib/gcc/arm-none-eabi/7.2.1/../../../../arm-none-eabi/lib/thumb/v7e-m/fpv4-sp/hard\libcr_semihost_nf.a(_cr_assert.o) (fputs)
c:/nxp/mcuxpressoide_10.2.0_759/ide/tools/bin/../lib/gcc/arm-none-eabi/7.2.1/../../../../arm-none-eabi/lib/thumb/v7e-m/fpv4-sp/hard\libcr_c.a(fseek.o)
                              c:/nxp/mcuxpressoide_10.2.0_759/ide/tools/bin/../lib/gcc/arm-none-eabi/7.2.1/../../../../arm-none-eabi/lib/thumb/v7e-m/fpv4-sp/hard\libcr_c.a(_deferredlazyseek.o) (fseek)
c:/nxp/mcuxpressoide_10.2.0_759/ide/tools/bin/../lib/gcc/arm-none-eabi/7.2.1/../../../../arm-none-eabi/lib/thumb/v7e-m/fpv4-sp/hard\libcr_c.a(ftell.o)
                              c:/nxp/mcuxpressoide_10.2.0_759/ide/tools/bin/../lib/gcc/arm-none-eabi/7.2.1/../../../../arm-none-eabi/lib/thumb/v7e-m/fpv4-sp/hard\libcr_c.a(fseek.o) (ftell)
c:/nxp/mcuxpressoide_10.2.0_759/ide/tools/bin/../lib/gcc/arm-none-eabi/7.2.1/../../../../arm-none-eabi/lib/thumb/v7e-m/fpv4-sp/hard\libcr_c.a(initio.o)
                              c:/nxp/mcuxpressoide_10.2.0_759/ide/tools/bin/../lib/gcc/arm-none-eabi/7.2.1/../../../../arm-none-eabi/lib/thumb/v7e-m/fpv4-sp/hard\libcr_semihost_nf.a(_cr__main.o) (_initio)
c:/nxp/mcuxpressoide_10.2.0_759/ide/tools/bin/../lib/gcc/arm-none-eabi/7.2.1/../../../../arm-none-eabi/lib/thumb/v7e-m/fpv4-sp/hard\libcr_c.a(printf.o)
                              ./source/freertos_queue.o (_sprintf)
c:/nxp/mcuxpressoide_10.2.0_759/ide/tools/bin/../lib/gcc/arm-none-eabi/7.2.1/../../../../arm-none-eabi/lib/thumb/v7e-m/fpv4-sp/hard\libcr_c.a(setvbuf.o)
                              c:/nxp/mcuxpressoide_10.2.0_759/ide/tools/bin/../lib/gcc/arm-none-eabi/7.2.1/../../../../arm-none-eabi/lib/thumb/v7e-m/fpv4-sp/hard\libcr_c.a(initio.o) (setvbuf)
[...]
Memory Configuration

Name             Origin             Length             Attributes
PROGRAM_FLASH    0x00000000         0x00100000         xr
SRAM_UPPER       0x20000000         0x00030000         xrw
SRAM_LOWER       0x1fff0000         0x00010000         xrw
FLEX_RAM         0x14000000         0x00001000         xrw
*default*        0x00000000         0xffffffff

Linker script and memory map

LOAD ./utilities/fsl_assert.o
LOAD ./utilities/fsl_debug_console.o
LOAD ./utilities/fsl_io.o
LOAD ./utilities/fsl_log.o
LOAD ./utilities/fsl_str.o
LOAD ./startup/startup_mk64f12.o
LOAD ./source/freertos_queue.o
LOAD ./source/semihost_hardfault.o
LOAD ./drivers/fsl_clock.o
LOAD ./drivers/fsl_common.o
LOAD ./drivers/fsl_ftfx_cache.o
LOAD ./drivers/fsl_ftfx_controller.o
LOAD ./drivers/fsl_ftfx_flash.o
LOAD ./drivers/fsl_ftfx_flexnvm.o
LOAD ./drivers/fsl_gpio.o
LOAD ./drivers/fsl_smc.o
LOAD ./drivers/fsl_uart.o
LOAD ./board/src/board.o
LOAD ./board/src/clock_config.o
LOAD ./board/peripherals.o
LOAD ./board/pin_mux.o
LOAD ./amazon-freertos/portable/fsl_tickless_systick.o
LOAD ./amazon-freertos/FreeRTOS/portable/heap_4.o
LOAD ./amazon-freertos/FreeRTOS/portable/port.o
LOAD ./amazon-freertos/FreeRTOS/event_groups.o
LOAD ./amazon-freertos/FreeRTOS/list.o
LOAD ./amazon-freertos/FreeRTOS/queue.o
LOAD ./amazon-freertos/FreeRTOS/stream_buffer.o
LOAD ./amazon-freertos/FreeRTOS/tasks.o
LOAD ./amazon-freertos/FreeRTOS/timers.o
LOAD ./CMSIS/system_MK64F12.o
START GROUP
LOAD c:/nxp/mcuxpressoide_10.2.0_759/ide/tools/bin/../lib/gcc/arm-none-eabi/7.2.1/../../../../arm-none-eabi/lib/thumb/v7e-m/fpv4-sp/hard\libcr_semihost_nf.a
LOAD c:/nxp/mcuxpressoide_10.2.0_759/ide/tools/bin/../lib/gcc/arm-none-eabi/7.2.1/../../../../arm-none-eabi/lib/thumb/v7e-m/fpv4-sp/hard\libcr_c.a
LOAD c:/nxp/mcuxpressoide_10.2.0_759/ide/tools/bin/../lib/gcc/arm-none-eabi/7.2.1/thumb/v7e-m/fpv4-sp/hard\libcr_eabihelpers.a
END GROUP
                0x00000000                __base_PROGRAM_FLASH = 0x0
                0x00000000                __base_Flash = 0x0
                0x00100000                __top_PROGRAM_FLASH = 0x100000
                0x00100000                __top_Flash = 0x100000
                0x20000000                __base_SRAM_UPPER = 0x20000000
                0x20000000                __base_RAM = 0x20000000
                0x20030000                __top_SRAM_UPPER = 0x20030000
                0x20030000                __top_RAM = 0x20030000
                0x1fff0000                __base_SRAM_LOWER = 0x1fff0000
                0x1fff0000                __base_RAM2 = 0x1fff0000
                0x20000000                __top_SRAM_LOWER = 0x20000000
                0x20000000                __top_RAM2 = 0x20000000
                0x14000000                __base_FLEX_RAM = 0x14000000
                0x14000000                __base_RAM3 = 0x14000000
                0x14001000                __top_FLEX_RAM = 0x14001000
                0x14001000                __top_RAM3 = 0x14001000

.text           0x00000000     0x5d28
 FILL mask 0xff
                0x00000000                __vectors_start__ = ABSOLUTE (.)
 *(SORT_BY_ALIGNMENT(.isr_vector))
 .isr_vector    0x00000000      0x198 ./startup/startup_mk64f12.o
                0x00000000                g_pfnVectors
                0x00000000                __Vectors
                0x00000198                . = ALIGN (0x4)
                0x00000198                __section_table_start = .
                0x00000198                __data_section_table = .
                0x00000198        0x4 LONG 0x5d28 LOADADDR (.data)
                0x0000019c        0x4 LONG 0x20000000 ADDR (.data)
                0x000001a0        0x4 LONG 0x10 SIZEOF (.data)
                0x000001a4        0x4 LONG 0x5d28 LOADADDR (.data_RAM2)
                0x000001a8        0x4 LONG 0x1fff0000 ADDR (.data_RAM2)
                0x000001ac        0x4 LONG 0x0 SIZEOF (.data_RAM2)
                0x000001b0        0x4 LONG 0x5d28 LOADADDR (.data_RAM3)
                0x000001b4        0x4 LONG 0x14000000 ADDR (.data_RAM3)
                0x000001b8        0x4 LONG 0x0 SIZEOF (.data_RAM3)
                0x000001bc                __data_section_table_end = .
                0x000001bc                __bss_section_table = .
                0x000001bc        0x4 LONG 0x20000010 ADDR (.bss)
                0x000001c0        0x4 LONG 0x2a90 SIZEOF (.bss)
                0x000001c4        0x4 LONG 0x1fff0000 ADDR (.bss_RAM2)
                0x000001c8        0x4 LONG 0x0 SIZEOF (.bss_RAM2)
                0x000001cc        0x4 LONG 0x14000000 ADDR (.bss_RAM3)
                0x000001d0        0x4 LONG 0x0 SIZEOF (.bss_RAM3)
                0x000001d4                __bss_section_table_end = .
                0x000001d4                __section_table_end = .
 *(SORT_BY_ALIGNMENT(.after_vectors*))
 .after_vectors.reset
                0x000001d4       0x4c ./startup/startup_mk64f12.o
                0x000001d4                ResetISR
 .after_vectors.init_data
                0x00000220       0x1e ./startup/startup_mk64f12.o
                0x00000220                data_init
 .after_vectors.init_bss
                0x0000023e       0x12 ./startup/startup_mk64f12.o
                0x0000023e                bss_init
 .after_vectors
                0x00000250       0x14 ./startup/startup_mk64f12.o
                0x00000250                NMI_Handler
                0x00000254                MemManage_Handler
                0x00000256                BusFault_Handler
                0x00000258                UsageFault_Handler
                0x0000025c                DebugMon_Handler
                0x00000262                LPTMR0_DriverIRQHandler
                0x00000262                DMA_Error_DriverIRQHandler
                0x00000262                SPI1_DriverIRQHandler
                0x00000262                FTM1_DriverIRQHandler
                0x00000262                FTM2_DriverIRQHandler
                0x00000262                PIT2_DriverIRQHandler
                0x00000262                SDHC_DriverIRQHandler
                0x00000262                I2S0_Tx_DriverIRQHandler
                0x00000262                RTC_Seconds_DriverIRQHandler
                0x00000262                DMA6_DriverIRQHandler
                0x00000262                LLWU_DriverIRQHandler
                0x00000262                MCM_DriverIRQHandler
                0x00000262                MCG_DriverIRQHandler
                0x00000262                ENET_1588_Timer_DriverIRQHandler
                0x00000262                I2C2_DriverIRQHandler
                0x00000262                DAC1_DriverIRQHandler
                0x00000262                DMA12_DriverIRQHandler
                0x00000262                CMP1_DriverIRQHandler
                0x00000262                FTM0_DriverIRQHandler
                0x00000262                IntDefaultHandler
                0x00000262                USB0_DriverIRQHandler
                0x00000262                UART5_ERR_DriverIRQHandler
                0x00000262                PORTC_DriverIRQHandler
                0x00000262                DMA11_DriverIRQHandler
                0x00000262                DAC0_DriverIRQHandler
                0x00000262                DMA10_DriverIRQHandler
                0x00000262                CMP2_DriverIRQHandler
                0x00000262                UART2_ERR_DriverIRQHandler
                0x00000262                SPI2_DriverIRQHandler
                0x00000262                LVD_LVW_DriverIRQHandler
                0x00000262                PIT0_DriverIRQHandler
                0x00000262                PORTB_DriverIRQHandler
                0x00000262                DMA5_DriverIRQHandler
                0x00000262                DMA4_DriverIRQHandler
                0x00000262                USBDCD_DriverIRQHandler
                0x00000262                UART3_ERR_DriverIRQHandler
                0x00000262                DMA3_DriverIRQHandler
                0x00000262                DMA8_DriverIRQHandler
                0x00000262                DMA9_DriverIRQHandler
                0x00000262                UART0_ERR_DriverIRQHandler
                0x00000262                CMT_DriverIRQHandler
                0x00000262                Reserved71_DriverIRQHandler
                0x00000262                ADC1_DriverIRQHandler
                0x00000262                PORTA_DriverIRQHandler
                0x00000262                DMA14_DriverIRQHandler
                0x00000262                PIT3_DriverIRQHandler
                0x00000262                PIT1_DriverIRQHandler
                0x00000262                WDOG_EWM_DriverIRQHandler
                0x00000262                PDB0_DriverIRQHandler
                0x00000262                RTC_DriverIRQHandler
                0x00000262                I2S0_Rx_DriverIRQHandler
                0x00000262                Read_Collision_DriverIRQHandler
                0x00000262                SWI_DriverIRQHandler
                0x00000262                UART4_ERR_DriverIRQHandler
                0x00000262                DMA0_DriverIRQHandler
                0x00000262                UART0_LON_DriverIRQHandler
                0x00000262                DMA1_DriverIRQHandler
                0x00000262                I2C1_DriverIRQHandler
                0x00000262                ENET_Receive_DriverIRQHandler
                0x00000262                DMA13_DriverIRQHandler
                0x00000262                ENET_Error_DriverIRQHandler
                0x00000262                DMA15_DriverIRQHandler
                0x00000262                SPI0_DriverIRQHandler
                0x00000262                ADC0_DriverIRQHandler
                0x00000262                CMP0_DriverIRQHandler
                0x00000262                CAN0_DriverIRQHandler
                0x00000262                FTM3_DriverIRQHandler
                0x00000262                RNG_DriverIRQHandler
                0x00000262                UART1_ERR_DriverIRQHandler
                0x00000262                DMA2_DriverIRQHandler
                0x00000262                ENET_Transmit_DriverIRQHandler
                0x00000262                PORTD_DriverIRQHandler
                0x00000262                PORTE_DriverIRQHandler
                0x00000262                FTFE_DriverIRQHandler
                0x00000262                I2C0_DriverIRQHandler
                0x00000262                DMA7_DriverIRQHandler
                0x00000400                . = 0x400
 *fill*         0x00000264      0x19c ff
                0x00000400                PROVIDE (__FLASH_CONFIG_START__, .)
 *(SORT_BY_ALIGNMENT(.FlashConfig))
 .FlashConfig   0x00000400       0x10 ./startup/startup_mk64f12.o
                0x00000400                Flash_Config
                0x00000410                PROVIDE (__FLASH_CONFIG_END__, .)
                0x00000001                ASSERT (! ((__FLASH_CONFIG_START__ == __FLASH_CONFIG_END__)), Linker Flash Config Support Enabled, but no .FlashConfig section provided within application)
 *(SORT_BY_ALIGNMENT(.text*))
 .text.SVC_Handler
                0x00000410       0x28 ./amazon-freertos/FreeRTOS/portable/port.o
                0x00000410                SVC_Handler
 *fill*         0x00000438        0x8 ff
 .text.PendSV_Handler
                0x00000440       0x68 ./amazon-freertos/FreeRTOS/portable/port.o
                0x00000440                PendSV_Handler
 .text.DbgConsole_Init
                0x000004a8       0x38 ./utilities/fsl_debug_console.o
                0x000004a8                DbgConsole_Init
 .text.IO_Init  0x000004e0       0x80 ./utilities/fsl_io.o
                0x000004e0                IO_Init
 .text.main     0x00000560       0x7c ./source/freertos_queue.o
                0x00000560                main
 .text.write_task_1
                0x000005dc       0x5c ./source/freertos_queue.o
 .text.write_task_2
                0x00000638       0x48 ./source/freertos_queue.o
 .text.log_add  0x00000680       0x24 ./source/freertos_queue.o
                0x00000680                log_add
 .text.log_init
                0x000006a4       0x58 ./source/freertos_queue.o
                0x000006a4                log_init
 .text.log_task
                0x000006fc       0x3c ./source/freertos_queue.o
 .text.CLOCK_SetEr32kClock
                0x00000738       0x30 ./drivers/fsl_clock.o
 .text.CLOCK_SetPllFllSelClock
                0x00000768       0x3c ./drivers/fsl_clock.o
 .text.CLOCK_GetMcgExtClkFreq
                0x000007a4       0x78 ./drivers/fsl_clock.o
 .text.CLOCK_GetFllExtRefClkFreq
                0x0000081c       0xd0 ./drivers/fsl_clock.o
 .text.CLOCK_GetInternalRefClkSelectFreq
                0x000008ec       0x44 ./drivers/fsl_clock.o
 .text.CLOCK_GetFllRefClkFreq
                0x00000930       0x2c ./drivers/fsl_clock.o
 .text.CLOCK_GetOscRangeFromFreq
                0x0000095c       0x3c ./drivers/fsl_clock.o
 .text.CLOCK_GetCoreSysClkFreq
                0x00000998       0x28 ./drivers/fsl_clock.o
                0x00000998                CLOCK_GetCoreSysClkFreq
 .text.CLOCK_SetSimConfig
                0x000009c0       0x38 ./drivers/fsl_clock.o
                0x000009c0                CLOCK_SetSimConfig
 .text.CLOCK_GetOutClkFreq
                0x000009f8       0x64 ./drivers/fsl_clock.o
                0x000009f8                CLOCK_GetOutClkFreq
 .text.CLOCK_GetFllFreq
                0x00000a5c       0x7c ./drivers/fsl_clock.o
                0x00000a5c                CLOCK_GetFllFreq
 .text.CLOCK_GetPll0Freq
                0x00000ad8       0x68 ./drivers/fsl_clock.o
                0x00000ad8                CLOCK_GetPll0Freq
 .text.CLOCK_SetExternalRefClkConfig
                0x00000b40       0x6c ./drivers/fsl_clock.o
                0x00000b40                CLOCK_SetExternalRefClkConfig
 .text.CLOCK_SetInternalRefClkConfig
                0x00000bac      0x104 ./drivers/fsl_clock.o
                0x00000bac                CLOCK_SetInternalRefClkConfig
 .text.CLOCK_EnablePll0
                0x00000cb0       0x84 ./drivers/fsl_clock.o
                0x00000cb0                CLOCK_EnablePll0
 .text.CLOCK_InitOsc0
                0x00000d34       0x8c ./drivers/fsl_clock.o
                0x00000d34                CLOCK_InitOsc0
 .text.CLOCK_SetPbeMode
                0x00000dc0       0xa8 ./drivers/fsl_clock.o
                0x00000dc0                CLOCK_SetPbeMode
 .text.CLOCK_BootToPeeMode
                0x00000e68       0x64 ./drivers/fsl_clock.o
                0x00000e68                CLOCK_BootToPeeMode
 .text.UART_GetInstance
                0x00000ecc       0x54 ./drivers/fsl_uart.o
                0x00000ecc                UART_GetInstance
 .text.UART_Init
                0x00000f20      0x2d8 ./drivers/fsl_uart.o
                0x00000f20                UART_Init
 .text.UART_GetDefaultConfig
                0x000011f8       0x60 ./drivers/fsl_uart.o
                0x000011f8                UART_GetDefaultConfig
 .text.UART0_DriverIRQHandler
                0x00001258       0x28 ./drivers/fsl_uart.o
                0x00001258                UART0_DriverIRQHandler
 .text.UART1_DriverIRQHandler
                0x00001280       0x28 ./drivers/fsl_uart.o
                0x00001280                UART1_DriverIRQHandler
 .text.UART2_DriverIRQHandler
                0x000012a8       0x28 ./drivers/fsl_uart.o
                0x000012a8                UART2_DriverIRQHandler
 .text.UART3_DriverIRQHandler
                0x000012d0       0x28 ./drivers/fsl_uart.o
                0x000012d0                UART3_DriverIRQHandler
 .text.UART4_DriverIRQHandler
                0x000012f8       0x28 ./drivers/fsl_uart.o
                0x000012f8                UART4_DriverIRQHandler
 .text.UART5_DriverIRQHandler
                0x00001320       0x28 ./drivers/fsl_uart.o
                0x00001320                UART5_DriverIRQHandler
 .text.BOARD_InitDebugConsole
                0x00001348       0x28 ./board/src/board.o
                0x00001348                BOARD_InitDebugConsole
 .text.CLOCK_SetSimSafeDivs
                0x00001370       0x20 ./board/src/clock_config.o
 .text.CLOCK_SetXtal0Freq
                0x00001390       0x20 ./board/src/clock_config.o
 .text.CLOCK_CONFIG_SetFllExtRefDiv
                0x000013b0       0x3c ./board/src/clock_config.o
 .text.BOARD_BootClockRUN
                0x000013ec       0x60 ./board/src/clock_config.o
                0x000013ec                BOARD_BootClockRUN
 .text.BOARD_InitPins
                0x0000144c       0x48 ./board/pin_mux.o
                0x0000144c                BOARD_InitPins
 .text.vPortSetupTimerInterrupt
                0x00001494       0x48 ./amazon-freertos/portable/fsl_tickless_systick.o
                0x00001494                vPortSetupTimerInterrupt
 .text.pvPortMalloc
                0x000014dc      0x184 ./amazon-freertos/FreeRTOS/portable/heap_4.o
                0x000014dc                pvPortMalloc
 .text.vPortFree
                0x00001660       0xb0 ./amazon-freertos/FreeRTOS/portable/heap_4.o
                0x00001660                vPortFree
 .text.prvHeapInit
                0x00001710       0xc4 ./amazon-freertos/FreeRTOS/portable/heap_4.o
 .text.prvInsertBlockIntoFreeList
                0x000017d4       0xb4 ./amazon-freertos/FreeRTOS/portable/heap_4.o
 .text.pxPortInitialiseStack
                0x00001888       0x68 ./amazon-freertos/FreeRTOS/portable/port.o
                0x00001888                pxPortInitialiseStack
 .text.prvTaskExitError
                0x000018f0       0x54 ./amazon-freertos/FreeRTOS/portable/port.o
 .text.prvPortStartFirstTask
                0x00001944       0x28 ./amazon-freertos/FreeRTOS/portable/port.o
 .text.xPortStartScheduler
                0x0000196c      0x13c ./amazon-freertos/FreeRTOS/portable/port.o
                0x0000196c                xPortStartScheduler
 .text.vPortEnterCritical
                0x00001aa8       0x5c ./amazon-freertos/FreeRTOS/portable/port.o
                0x00001aa8                vPortEnterCritical
 .text.vPortExitCritical
                0x00001b04       0x50 ./amazon-freertos/FreeRTOS/portable/port.o
                0x00001b04                vPortExitCritical
 .text.SysTick_Handler
                0x00001b54       0x40 ./amazon-freertos/FreeRTOS/portable/port.o
                0x00001b54                SysTick_Handler
 .text.vPortEnableVFP
                0x00001b94       0x14 ./amazon-freertos/FreeRTOS/portable/port.o
 .text.vPortValidateInterruptPriority
                0x00001ba8       0x7c ./amazon-freertos/FreeRTOS/portable/port.o
                0x00001ba8                vPortValidateInterruptPriority
 .text.xQueueGenericReset
                0x00001c24       0xd0 ./amazon-freertos/FreeRTOS/queue.o
                0x00001c24                xQueueGenericReset
 .text.xQueueGenericSend
                0x00001cf4      0x1f4 ./amazon-freertos/FreeRTOS/queue.o
                0x00001cf4                xQueueGenericSend
 .text.xQueueReceive
                0x00001ee8      0x1b8 ./amazon-freertos/FreeRTOS/queue.o
                0x00001ee8                xQueueReceive
 .text.vQueueAddToRegistry
                0x000020a0       0x50 ./amazon-freertos/FreeRTOS/queue.o
                0x000020a0                vQueueAddToRegistry
 .text.prvAddNewTaskToReadyList
                0x000020f0       0xdc ./amazon-freertos/FreeRTOS/tasks.o
 .text.vTaskSuspend
                0x000021cc      0x124 ./amazon-freertos/FreeRTOS/tasks.o
                0x000021cc                vTaskSuspend
 .text.vTaskStartScheduler
                0x000022f0       0x98 ./amazon-freertos/FreeRTOS/tasks.o
                0x000022f0                vTaskStartScheduler
 .text.vTaskSuspendAll
                0x00002388       0x1c ./amazon-freertos/FreeRTOS/tasks.o
                0x00002388                vTaskSuspendAll
 .text.xTaskResumeAll
                0x000023a4      0x138 ./amazon-freertos/FreeRTOS/tasks.o
                0x000023a4                xTaskResumeAll
 .text.xTaskGetTickCount
                0x000024dc       0x20 ./amazon-freertos/FreeRTOS/tasks.o
                0x000024dc                xTaskGetTickCount
 .text.xTaskIncrementTick
                0x000024fc      0x158 ./amazon-freertos/FreeRTOS/tasks.o
                0x000024fc                xTaskIncrementTick
 .text.vTaskSwitchContext
                0x00002654       0xb4 ./amazon-freertos/FreeRTOS/tasks.o
                0x00002654                vTaskSwitchContext
 .text.vTaskPlaceOnEventList
                0x00002708       0x48 ./amazon-freertos/FreeRTOS/tasks.o
                0x00002708                vTaskPlaceOnEventList
 .text.vTaskPlaceOnEventListRestricted
                0x00002750       0x54 ./amazon-freertos/FreeRTOS/tasks.o
                0x00002750                vTaskPlaceOnEventListRestricted
 .text.xTaskRemoveFromEventList
                0x000027a4       0xc4 ./amazon-freertos/FreeRTOS/tasks.o
                0x000027a4                xTaskRemoveFromEventList
 .text.vTaskInternalSetTimeOutState
                0x00002868       0x2c ./amazon-freertos/FreeRTOS/tasks.o
                0x00002868                vTaskInternalSetTimeOutState
 .text.xTaskCheckForTimeOut
                0x00002894       0xc0 ./amazon-freertos/FreeRTOS/tasks.o
                0x00002894                xTaskCheckForTimeOut
 .text.vTaskMissedYield
                0x00002954       0x18 ./amazon-freertos/FreeRTOS/tasks.o
                0x00002954                vTaskMissedYield
 .text.prvIdleTask
                0x0000296c       0x30 ./amazon-freertos/FreeRTOS/tasks.o
 .text.prvInitialiseTaskLists
                0x0000299c       0x80 ./amazon-freertos/FreeRTOS/tasks.o
 .text.prvCheckTasksWaitingTermination
                0x00002a1c       0x58 ./amazon-freertos/FreeRTOS/tasks.o
 .text.prvResetNextTaskUnblockTime
                0x00002a74       0x4c ./amazon-freertos/FreeRTOS/tasks.o
 .text.xTaskGetSchedulerState
                0x00002ac0       0x3c ./amazon-freertos/FreeRTOS/tasks.o
                0x00002ac0                xTaskGetSchedulerState
 .text.xTaskPriorityDisinherit
                0x00002afc      0x108 ./amazon-freertos/FreeRTOS/tasks.o
                0x00002afc                xTaskPriorityDisinherit
 .text.prvAddCurrentTaskToDelayedList
                0x00002c04       0xcc ./amazon-freertos/FreeRTOS/tasks.o
 .text.xTimerCreateTimerTask
                0x00002cd0       0x60 ./amazon-freertos/FreeRTOS/timers.o
                0x00002cd0                xTimerCreateTimerTask
 .text.xTimerGenericCommand
                0x00002d30       0x98 ./amazon-freertos/FreeRTOS/timers.o
                0x00002d30                xTimerGenericCommand
 .text.prvProcessExpiredTimer
                0x00002dc8       0x80 ./amazon-freertos/FreeRTOS/timers.o
 .text.prvProcessTimerOrBlockTask
                0x00002e48       0x9c ./amazon-freertos/FreeRTOS/timers.o
 .text.prvGetNextExpireTime
                0x00002ee4       0x48 ./amazon-freertos/FreeRTOS/timers.o
 .text.prvSampleTimeNow
                0x00002f2c       0x40 ./amazon-freertos/FreeRTOS/timers.o
 .text.prvInsertTimerInActiveList
                0x00002f6c       0x84 ./amazon-freertos/FreeRTOS/timers.o
 .text.prvProcessReceivedCommands
                0x00002ff0      0x154 ./amazon-freertos/FreeRTOS/timers.o
 .text.prvSwitchTimerLists
                0x00003144       0xc0 ./amazon-freertos/FreeRTOS/timers.o
 .text.prvCheckForValidListAndQueue
                0x00003204       0x6c ./amazon-freertos/FreeRTOS/timers.o
 .text.SystemInit
                0x00003270       0x3c ./CMSIS/system_MK64F12.o
                0x00003270                SystemInit
 .text.__assertion_failed
                0x000032ac       0x4c c:/nxp/mcuxpressoide_10.2.0_759/ide/tools/bin/../lib/gcc/arm-none-eabi/7.2.1/../../../../arm-none-eabi/lib/thumb/v7e-m/fpv4-sp/hard\libcr_semihost_nf.a(_cr_assert.o)
                0x000032ac                __assertion_failed
 .text.__sys_appexit
                0x000032f8        0xc c:/nxp/mcuxpressoide_10.2.0_759/ide/tools/bin/../lib/gcc/arm-none-eabi/7.2.1/../../../../arm-none-eabi/lib/thumb/v7e-m/fpv4-sp/hard\libcr_semihost_nf.a(__sys_appexit.o)
                0x000032f8                __sys_appexit
                0x000032f8                __exit
 .text._Cwritebuf
                0x00003304       0x6c c:/nxp/mcuxpressoide_10.2.0_759/ide/tools/bin/../lib/gcc/arm-none-eabi/7.2.1/../../../../arm-none-eabi/lib/thumb/v7e-m/fpv4-sp/hard\libcr_c.a(_writebuf.o)
                0x00003304                _Cwritebuf
 .text.malloc   0x00003370       0xc8 c:/nxp/mcuxpressoide_10.2.0_759/ide/tools/bin/../lib/gcc/arm-none-eabi/7.2.1/../../../../arm-none-eabi/lib/thumb/v7e-m/fpv4-sp/hard\libcr_c.a(alloc.o)
                0x00003370                malloc
 .text._Csys_alloc
                0x00003438       0x20 c:/nxp/mcuxpressoide_10.2.0_759/ide/tools/bin/../lib/gcc/arm-none-eabi/7.2.1/../../../../arm-none-eabi/lib/thumb/v7e-m/fpv4-sp/hard\libcr_c.a(alloc.o)
                0x00003438                _Csys_alloc
 .text.fseek    0x00003458      0x100 c:/nxp/mcuxpressoide_10.2.0_759/ide/tools/bin/../lib/gcc/arm-none-eabi/7.2.1/../../../../arm-none-eabi/lib/thumb/v7e-m/fpv4-sp/hard\libcr_c.a(fseek.o)
                0x00003458                fseek
 .text.ftell    0x00003558       0x44 c:/nxp/mcuxpressoide_10.2.0_759/ide/tools/bin/../lib/gcc/arm-none-eabi/7.2.1/../../../../arm-none-eabi/lib/thumb/v7e-m/fpv4-sp/hard\libcr_c.a(ftell.o)
                0x00003558                ftell
 .text._initio  0x0000359c       0x78 c:/nxp/mcuxpressoide_10.2.0_759/ide/tools/bin/../lib/gcc/arm-none-eabi/7.2.1/../../../../arm-none-eabi/lib/thumb/v7e-m/fpv4-sp/hard\libcr_c.a(initio.o)
                0x0000359c                _initio
 .text.__vfprintf
                0x00003614      0xb98 c:/nxp/mcuxpressoide_10.2.0_759/ide/tools/bin/../lib/gcc/arm-none-eabi/7.2.1/../../../../arm-none-eabi/lib/thumb/v7e-m/fpv4-sp/hard\libcr_c.a(printf.o)
                0x00003614                __vfprintf
 .text._sprintf
                0x000041ac       0x6c c:/nxp/mcuxpressoide_10.2.0_759/ide/tools/bin/../lib/gcc/arm-none-eabi/7.2.1/../../../../arm-none-eabi/lib/thumb/v7e-m/fpv4-sp/hard\libcr_c.a(printf.o)
                0x000041ac                _sprintf
 .text._vsnprintf
                0x00004218       0x5c c:/nxp/mcuxpressoide_10.2.0_759/ide/tools/bin/../lib/gcc/arm-none-eabi/7.2.1/../../../../arm-none-eabi/lib/thumb/v7e-m/fpv4-sp/hard\libcr_c.a(printf.o)
                0x00004218                _vsnprintf
 .text._printf  0x00004274       0x54 c:/nxp/mcuxpressoide_10.2.0_759/ide/tools/bin/../lib/gcc/arm-none-eabi/7.2.1/../../../../arm-none-eabi/lib/thumb/v7e-m/fpv4-sp/hard\libcr_c.a(printf.o)
                0x00004274                _printf
 .text.setvbuf  0x000042c8       0x40 c:/nxp/mcuxpressoide_10.2.0_759/ide/tools/bin/../lib/gcc/arm-none-eabi/7.2.1/../../../../arm-none-eabi/lib/thumb/v7e-m/fpv4-sp/hard\libcr_c.a(setvbuf.o)
                0x000042c8                setvbuf
 .text._sbrk    0x00004308       0x3c c:/nxp/mcuxpressoide_10.2.0_759/ide/tools/bin/../lib/gcc/arm-none-eabi/7.2.1/../../../../arm-none-eabi/lib/thumb/v7e-m/fpv4-sp/hard\libcr_c.a(_cr_sbrk.o)
                0x00004308                _sbrk
 .text.fflush   0x00004344       0x44 c:/nxp/mcuxpressoide_10.2.0_759/ide/tools/bin/../lib/gcc/arm-none-eabi/7.2.1/../../../../arm-none-eabi/lib/thumb/v7e-m/fpv4-sp/hard\libcr_c.a(fflush.o)
                0x00004344                fflush
 .text.__check_heap_overflow
                0x00004388       0x18 c:/nxp/mcuxpressoide_10.2.0_759/ide/tools/bin/../lib/gcc/arm-none-eabi/7.2.1/../../../../arm-none-eabi/lib/thumb/v7e-m/fpv4-sp/hard\libcr_c.a(_cr_check_heap.o)
                0x00004388                __check_heap_overflow
 .text.UART_EnableTx
                0x000043a0       0x40 ./utilities/fsl_io.o
 .text.UART_EnableRx
                0x000043e0       0x40 ./utilities/fsl_io.o
 .text.LOG_Init
                0x00004420       0x30 ./utilities/fsl_log.o
                0x00004420                LOG_Init
 .text.DMA0_IRQHandler
                0x00004450        0x8 ./startup/startup_mk64f12.o
                0x00004450                DMA0_IRQHandler
 .text.DMA1_IRQHandler
                0x00004458        0x8 ./startup/startup_mk64f12.o
                0x00004458                DMA1_IRQHandler
 .text.DMA2_IRQHandler
                0x00004460        0x8 ./startup/startup_mk64f12.o
                0x00004460                DMA2_IRQHandler
 .text.DMA3_IRQHandler
                0x00004468        0x8 ./startup/startup_mk64f12.o
                0x00004468                DMA3_IRQHandler
 .text.DMA4_IRQHandler
                0x00004470        0x8 ./startup/startup_mk64f12.o
                0x00004470                DMA4_IRQHandler
 .text.DMA5_IRQHandler
                0x00004478        0x8 ./startup/startup_mk64f12.o
                0x00004478                DMA5_IRQHandler
 .text.DMA6_IRQHandler
                0x00004480        0x8 ./startup/startup_mk64f12.o
                0x00004480                DMA6_IRQHandler
 .text.DMA7_IRQHandler
                0x00004488        0x8 ./startup/startup_mk64f12.o
                0x00004488                DMA7_IRQHandler
 .text.DMA8_IRQHandler
                0x00004490        0x8 ./startup/startup_mk64f12.o
                0x00004490                DMA8_IRQHandler
 .text.DMA9_IRQHandler
                0x00004498        0x8 ./startup/startup_mk64f12.o
                0x00004498                DMA9_IRQHandler
 .text.DMA10_IRQHandler
                0x000044a0        0x8 ./startup/startup_mk64f12.o
                0x000044a0                DMA10_IRQHandler
 .text.DMA11_IRQHandler
                0x000044a8        0x8 ./startup/startup_mk64f12.o
                0x000044a8                DMA11_IRQHandler
 .text.DMA12_IRQHandler
                0x000044b0        0x8 ./startup/startup_mk64f12.o
                0x000044b0                DMA12_IRQHandler
 .text.DMA13_IRQHandler
                0x000044b8        0x8 ./startup/startup_mk64f12.o
                0x000044b8                DMA13_IRQHandler
 .text.DMA14_IRQHandler
                0x000044c0        0x8 ./startup/startup_mk64f12.o
                0x000044c0                DMA14_IRQHandler
 .text.DMA15_IRQHandler
                0x000044c8        0x8 ./startup/startup_mk64f12.o
                0x000044c8                DMA15_IRQHandler
 .text.DMA_Error_IRQHandler
                0x000044d0        0x8 ./startup/startup_mk64f12.o
                0x000044d0                DMA_Error_IRQHandler
 .text.MCM_IRQHandler
                0x000044d8        0x8 ./startup/startup_mk64f12.o
                0x000044d8                MCM_IRQHandler
 .text.FTFE_IRQHandler
                0x000044e0        0x8 ./startup/startup_mk64f12.o
                0x000044e0                FTFE_IRQHandler
 .text.Read_Collision_IRQHandler
                0x000044e8        0x8 ./startup/startup_mk64f12.o
                0x000044e8                Read_Collision_IRQHandler
 .text.LVD_LVW_IRQHandler
                0x000044f0        0x8 ./startup/startup_mk64f12.o
                0x000044f0                LVD_LVW_IRQHandler
 .text.LLWU_IRQHandler
                0x000044f8        0x8 ./startup/startup_mk64f12.o
                0x000044f8                LLWU_IRQHandler
 .text.WDOG_EWM_IRQHandler
                0x00004500        0x8 ./startup/startup_mk64f12.o
                0x00004500                WDOG_EWM_IRQHandler
 .text.RNG_IRQHandler
                0x00004508        0x8 ./startup/startup_mk64f12.o
                0x00004508                RNG_IRQHandler
 .text.I2C0_IRQHandler
                0x00004510        0x8 ./startup/startup_mk64f12.o
                0x00004510                I2C0_IRQHandler
 .text.I2C1_IRQHandler
                0x00004518        0x8 ./startup/startup_mk64f12.o
                0x00004518                I2C1_IRQHandler
 .text.SPI0_IRQHandler
                0x00004520        0x8 ./startup/startup_mk64f12.o
                0x00004520                SPI0_IRQHandler
 .text.SPI1_IRQHandler
                0x00004528        0x8 ./startup/startup_mk64f12.o
                0x00004528                SPI1_IRQHandler
 .text.I2S0_Tx_IRQHandler
                0x00004530        0x8 ./startup/startup_mk64f12.o
                0x00004530                I2S0_Tx_IRQHandler
 .text.I2S0_Rx_IRQHandler
                0x00004538        0x8 ./startup/startup_mk64f12.o
                0x00004538                I2S0_Rx_IRQHandler
 .text.UART0_LON_IRQHandler
                0x00004540        0x8 ./startup/startup_mk64f12.o
                0x00004540                UART0_LON_IRQHandler
 .text.UART0_RX_TX_IRQHandler
                0x00004548        0x8 ./startup/startup_mk64f12.o
                0x00004548                UART0_RX_TX_IRQHandler
 .text.UART0_ERR_IRQHandler
                0x00004550        0x8 ./startup/startup_mk64f12.o
                0x00004550                UART0_ERR_IRQHandler
 .text.UART1_RX_TX_IRQHandler
                0x00004558        0x8 ./startup/startup_mk64f12.o
                0x00004558                UART1_RX_TX_IRQHandler
 .text.UART1_ERR_IRQHandler
                0x00004560        0x8 ./startup/startup_mk64f12.o
                0x00004560                UART1_ERR_IRQHandler
 .text.UART2_RX_TX_IRQHandler
                0x00004568        0x8 ./startup/startup_mk64f12.o
                0x00004568                UART2_RX_TX_IRQHandler
 .text.UART2_ERR_IRQHandler
                0x00004570        0x8 ./startup/startup_mk64f12.o
                0x00004570                UART2_ERR_IRQHandler
 .text.UART3_RX_TX_IRQHandler
                0x00004578        0x8 ./startup/startup_mk64f12.o
                0x00004578                UART3_RX_TX_IRQHandler
 .text.UART3_ERR_IRQHandler
                0x00004580        0x8 ./startup/startup_mk64f12.o
                0x00004580                UART3_ERR_IRQHandler
 .text.ADC0_IRQHandler
                0x00004588        0x8 ./startup/startup_mk64f12.o
                0x00004588                ADC0_IRQHandler
 .text.CMP0_IRQHandler
                0x00004590        0x8 ./startup/startup_mk64f12.o
                0x00004590                CMP0_IRQHandler
 .text.CMP1_IRQHandler
                0x00004598        0x8 ./startup/startup_mk64f12.o
                0x00004598                CMP1_IRQHandler
 .text.FTM0_IRQHandler
                0x000045a0        0x8 ./startup/startup_mk64f12.o
                0x000045a0                FTM0_IRQHandler
 .text.FTM1_IRQHandler
                0x000045a8        0x8 ./startup/startup_mk64f12.o
                0x000045a8                FTM1_IRQHandler
 .text.FTM2_IRQHandler
                0x000045b0        0x8 ./startup/startup_mk64f12.o
                0x000045b0                FTM2_IRQHandler
 .text.CMT_IRQHandler
                0x000045b8        0x8 ./startup/startup_mk64f12.o
                0x000045b8                CMT_IRQHandler
 .text.RTC_IRQHandler
                0x000045c0        0x8 ./startup/startup_mk64f12.o
                0x000045c0                RTC_IRQHandler
 .text.RTC_Seconds_IRQHandler
                0x000045c8        0x8 ./startup/startup_mk64f12.o
                0x000045c8                RTC_Seconds_IRQHandler
 .text.PIT0_IRQHandler
                0x000045d0        0x8 ./startup/startup_mk64f12.o
                0x000045d0                PIT0_IRQHandler
 .text.PIT1_IRQHandler
                0x000045d8        0x8 ./startup/startup_mk64f12.o
                0x000045d8                PIT1_IRQHandler
 .text.PIT2_IRQHandler
                0x000045e0        0x8 ./startup/startup_mk64f12.o
                0x000045e0                PIT2_IRQHandler
 .text.PIT3_IRQHandler
                0x000045e8        0x8 ./startup/startup_mk64f12.o
                0x000045e8                PIT3_IRQHandler
 .text.PDB0_IRQHandler
                0x000045f0        0x8 ./startup/startup_mk64f12.o
                0x000045f0                PDB0_IRQHandler
 .text.USB0_IRQHandler
                0x000045f8        0x8 ./startup/startup_mk64f12.o
                0x000045f8                USB0_IRQHandler
 .text.USBDCD_IRQHandler
                0x00004600        0x8 ./startup/startup_mk64f12.o
                0x00004600                USBDCD_IRQHandler
 .text.Reserved71_IRQHandler
                0x00004608        0x8 ./startup/startup_mk64f12.o
                0x00004608                Reserved71_IRQHandler
 .text.DAC0_IRQHandler
                0x00004610        0x8 ./startup/startup_mk64f12.o
                0x00004610                DAC0_IRQHandler
 .text.MCG_IRQHandler
                0x00004618        0x8 ./startup/startup_mk64f12.o
                0x00004618                MCG_IRQHandler
 .text.LPTMR0_IRQHandler
                0x00004620        0x8 ./startup/startup_mk64f12.o
                0x00004620                LPTMR0_IRQHandler
 .text.PORTA_IRQHandler
                0x00004628        0x8 ./startup/startup_mk64f12.o
                0x00004628                PORTA_IRQHandler
 .text.PORTB_IRQHandler
                0x00004630        0x8 ./startup/startup_mk64f12.o
                0x00004630                PORTB_IRQHandler
 .text.PORTC_IRQHandler
                0x00004638        0x8 ./startup/startup_mk64f12.o
                0x00004638                PORTC_IRQHandler
 .text.PORTD_IRQHandler
                0x00004640        0x8 ./startup/startup_mk64f12.o
                0x00004640                PORTD_IRQHandler
 .text.PORTE_IRQHandler
                0x00004648        0x8 ./startup/startup_mk64f12.o
                0x00004648                PORTE_IRQHandler
 .text.SWI_IRQHandler
                0x00004650        0x8 ./startup/startup_mk64f12.o
                0x00004650                SWI_IRQHandler
 .text.SPI2_IRQHandler
                0x00004658        0x8 ./startup/startup_mk64f12.o
                0x00004658                SPI2_IRQHandler
 .text.UART4_RX_TX_IRQHandler
                0x00004660        0x8 ./startup/startup_mk64f12.o
                0x00004660                UART4_RX_TX_IRQHandler
 .text.UART4_ERR_IRQHandler
                0x00004668        0x8 ./startup/startup_mk64f12.o
                0x00004668                UART4_ERR_IRQHandler
 .text.UART5_RX_TX_IRQHandler
                0x00004670        0x8 ./startup/startup_mk64f12.o
                0x00004670                UART5_RX_TX_IRQHandler
 .text.UART5_ERR_IRQHandler
                0x00004678        0x8 ./startup/startup_mk64f12.o
                0x00004678                UART5_ERR_IRQHandler
 .text.CMP2_IRQHandler
                0x00004680        0x8 ./startup/startup_mk64f12.o
                0x00004680                CMP2_IRQHandler
 .text.FTM3_IRQHandler
                0x00004688        0x8 ./startup/startup_mk64f12.o
                0x00004688                FTM3_IRQHandler
 .text.DAC1_IRQHandler
                0x00004690        0x8 ./startup/startup_mk64f12.o
                0x00004690                DAC1_IRQHandler
 .text.ADC1_IRQHandler
                0x00004698        0x8 ./startup/startup_mk64f12.o
                0x00004698                ADC1_IRQHandler
 .text.I2C2_IRQHandler
                0x000046a0        0x8 ./startup/startup_mk64f12.o
                0x000046a0                I2C2_IRQHandler
 .text.CAN0_ORed_Message_buffer_IRQHandler
                0x000046a8        0x8 ./startup/startup_mk64f12.o
                0x000046a8                CAN0_ORed_Message_buffer_IRQHandler
 .text.CAN0_Bus_Off_IRQHandler
                0x000046b0        0x8 ./startup/startup_mk64f12.o
                0x000046b0                CAN0_Bus_Off_IRQHandler
 .text.CAN0_Error_IRQHandler
                0x000046b8        0x8 ./startup/startup_mk64f12.o
                0x000046b8                CAN0_Error_IRQHandler
 .text.CAN0_Tx_Warning_IRQHandler
                0x000046c0        0x8 ./startup/startup_mk64f12.o
                0x000046c0                CAN0_Tx_Warning_IRQHandler
 .text.CAN0_Rx_Warning_IRQHandler
                0x000046c8        0x8 ./startup/startup_mk64f12.o
                0x000046c8                CAN0_Rx_Warning_IRQHandler
 .text.CAN0_Wake_Up_IRQHandler
                0x000046d0        0x8 ./startup/startup_mk64f12.o
                0x000046d0                CAN0_Wake_Up_IRQHandler
 .text.SDHC_IRQHandler
                0x000046d8        0x8 ./startup/startup_mk64f12.o
                0x000046d8                SDHC_IRQHandler
 .text.ENET_1588_Timer_IRQHandler
                0x000046e0        0x8 ./startup/startup_mk64f12.o
                0x000046e0                ENET_1588_Timer_IRQHandler
 .text.ENET_Transmit_IRQHandler
                0x000046e8        0x8 ./startup/startup_mk64f12.o
                0x000046e8                ENET_Transmit_IRQHandler
 .text.ENET_Receive_IRQHandler
                0x000046f0        0x8 ./startup/startup_mk64f12.o
                0x000046f0                ENET_Receive_IRQHandler
 .text.ENET_Error_IRQHandler
                0x000046f8        0x8 ./startup/startup_mk64f12.o
                0x000046f8                ENET_Error_IRQHandler
 .text.HardFault_Handler
                0x00004700       0x2c ./source/semihost_hardfault.o
                0x00004700                HardFault_Handler
 .text.OSC_SetExtRefClkConfig
                0x0000472c       0x34 ./drivers/fsl_clock.o
 .text.OSC_SetCapLoad
                0x00004760       0x34 ./drivers/fsl_clock.o
 .text.CLOCK_GetPll0RefFreq
                0x00004794        0xe ./drivers/fsl_clock.o
 .text.CLOCK_EnableClock
                0x000047a2       0x34 ./drivers/fsl_uart.o
 .text.UART0_RX_TX_DriverIRQHandler
                0x000047d6       0x10 ./drivers/fsl_uart.o
                0x000047d6                UART0_RX_TX_DriverIRQHandler
 .text.UART1_RX_TX_DriverIRQHandler
                0x000047e6       0x10 ./drivers/fsl_uart.o
                0x000047e6                UART1_RX_TX_DriverIRQHandler
 .text.UART2_RX_TX_DriverIRQHandler
                0x000047f6       0x10 ./drivers/fsl_uart.o
                0x000047f6                UART2_RX_TX_DriverIRQHandler
 .text.UART3_RX_TX_DriverIRQHandler
                0x00004806       0x10 ./drivers/fsl_uart.o
                0x00004806                UART3_RX_TX_DriverIRQHandler
 .text.UART4_RX_TX_DriverIRQHandler
                0x00004816       0x10 ./drivers/fsl_uart.o
                0x00004816                UART4_RX_TX_DriverIRQHandler
 .text.UART5_RX_TX_DriverIRQHandler
                0x00004826       0x10 ./drivers/fsl_uart.o
                0x00004826                UART5_RX_TX_DriverIRQHandler
 .text.CLOCK_EnableClock
                0x00004836       0x34 ./board/pin_mux.o
 .text.PORT_SetPinMux
                0x0000486a       0x3a ./board/pin_mux.o
 .text.vListInitialise
                0x000048a4       0x40 ./amazon-freertos/FreeRTOS/list.o
                0x000048a4                vListInitialise
 .text.vListInitialiseItem
                0x000048e4       0x1a ./amazon-freertos/FreeRTOS/list.o
                0x000048e4                vListInitialiseItem
 .text.vListInsertEnd
                0x000048fe       0x48 ./amazon-freertos/FreeRTOS/list.o
                0x000048fe                vListInsertEnd
 .text.vListInsert
                0x00004946       0x72 ./amazon-freertos/FreeRTOS/list.o
                0x00004946                vListInsert
 .text.uxListRemove
                0x000049b8       0x54 ./amazon-freertos/FreeRTOS/list.o
                0x000049b8                uxListRemove
 .text.xQueueGenericCreate
                0x00004a0c       0x72 ./amazon-freertos/FreeRTOS/queue.o
                0x00004a0c                xQueueGenericCreate
 .text.prvInitialiseNewQueue
                0x00004a7e       0x46 ./amazon-freertos/FreeRTOS/queue.o
 .text.xQueueGenericSendFromISR
                0x00004ac4      0x128 ./amazon-freertos/FreeRTOS/queue.o
                0x00004ac4                xQueueGenericSendFromISR
 .text.prvCopyDataToQueue
                0x00004bec       0xd4 ./amazon-freertos/FreeRTOS/queue.o
 .text.prvCopyDataFromQueue
                0x00004cc0       0x4c ./amazon-freertos/FreeRTOS/queue.o
 .text.prvUnlockQueue
                0x00004d0c       0xa4 ./amazon-freertos/FreeRTOS/queue.o
 .text.prvIsQueueEmpty
                0x00004db0       0x2c ./amazon-freertos/FreeRTOS/queue.o
 .text.prvIsQueueFull
                0x00004ddc       0x30 ./amazon-freertos/FreeRTOS/queue.o
 .text.vQueueWaitForMessageRestricted
                0x00004e0c       0x68 ./amazon-freertos/FreeRTOS/queue.o
                0x00004e0c                vQueueWaitForMessageRestricted
 .text.xTaskCreate
                0x00004e74       0x82 ./amazon-freertos/FreeRTOS/tasks.o
                0x00004e74                xTaskCreate
 .text.prvInitialiseNewTask
                0x00004ef6      0x132 ./amazon-freertos/FreeRTOS/tasks.o
 .text.prvDeleteTCB
                0x00005028       0x20 ./amazon-freertos/FreeRTOS/tasks.o
 .text.prvTimerTask
                0x00005048       0x24 ./amazon-freertos/FreeRTOS/timers.o
 .text.SystemInitHook
                0x0000506c        0xe ./CMSIS/system_MK64F12.o
                0x0000506c                SystemInitHook
 .text.__main   0x0000507a        0xe c:/nxp/mcuxpressoide_10.2.0_759/ide/tools/bin/../lib/gcc/arm-none-eabi/7.2.1/../../../../arm-none-eabi/lib/thumb/v7e-m/fpv4-sp/hard\libcr_semihost_nf.a(_cr__main.o)
                0x0000507a                __CR_SEMIHOST
                0x0000507a                __main
 .text.memcpy   0x00005088        0x4 c:/nxp/mcuxpressoide_10.2.0_759/ide/tools/bin/../lib/gcc/arm-none-eabi/7.2.1/../../../../arm-none-eabi/lib/thumb/v7e-m/fpv4-sp/hard\libcr_c.a(memcpy.o)
                0x00005088                memcpy
 .text.memset   0x0000508c        0x4 c:/nxp/mcuxpressoide_10.2.0_759/ide/tools/bin/../lib/gcc/arm-none-eabi/7.2.1/../../../../arm-none-eabi/lib/thumb/v7e-m/fpv4-sp/hard\libcr_c.a(memset.o)
                0x0000508c                memset
 .text._deferredlazyseek
                0x00005090       0x40 c:/nxp/mcuxpressoide_10.2.0_759/ide/tools/bin/../lib/gcc/arm-none-eabi/7.2.1/../../../../arm-none-eabi/lib/thumb/v7e-m/fpv4-sp/hard\libcr_c.a(_deferredlazyseek.o)
                0x00005090                _deferredlazyseek
 .text.__flsbuf
                0x000050d0      0x140 c:/nxp/mcuxpressoide_10.2.0_759/ide/tools/bin/../lib/gcc/arm-none-eabi/7.2.1/../../../../arm-none-eabi/lib/thumb/v7e-m/fpv4-sp/hard\libcr_c.a(_deferredlazyseek.o)
                0x000050d0                __flsbuf
 .text._fflush  0x00005210       0x52 c:/nxp/mcuxpressoide_10.2.0_759/ide/tools/bin/../lib/gcc/arm-none-eabi/7.2.1/../../../../arm-none-eabi/lib/thumb/v7e-m/fpv4-sp/hard\libcr_c.a(_fflush.o)
                0x00005210                _fflush
 .text.free     0x00005262       0x30 c:/nxp/mcuxpressoide_10.2.0_759/ide/tools/bin/../lib/gcc/arm-none-eabi/7.2.1/../../../../arm-none-eabi/lib/thumb/v7e-m/fpv4-sp/hard\libcr_c.a(alloc.o)
                0x00005262                free
 .text.fputs    0x00005292       0x2c c:/nxp/mcuxpressoide_10.2.0_759/ide/tools/bin/../lib/gcc/arm-none-eabi/7.2.1/../../../../arm-none-eabi/lib/thumb/v7e-m/fpv4-sp/hard\libcr_c.a(fputs.o)
                0x00005292                fputs
 .text.no_fp_display
                0x000052be        0x4 c:/nxp/mcuxpressoide_10.2.0_759/ide/tools/bin/../lib/gcc/arm-none-eabi/7.2.1/../../../../arm-none-eabi/lib/thumb/v7e-m/fpv4-sp/hard\libcr_c.a(printf.o)
 .text.strlen   0x000052c2       0x4a c:/nxp/mcuxpressoide_10.2.0_759/ide/tools/bin/../lib/gcc/arm-none-eabi/7.2.1/../../../../arm-none-eabi/lib/thumb/v7e-m/fpv4-sp/hard\libcr_c.a(strlen.o)
                0x000052c2                strlen
 .text._fdopen  0x0000530c       0x68 c:/nxp/mcuxpressoide_10.2.0_759/ide/tools/bin/../lib/gcc/arm-none-eabi/7.2.1/../../../../arm-none-eabi/lib/thumb/v7e-m/fpv4-sp/hard\libcr_c.a(_fdopen.o)
                0x0000530c                _fdopen
 .text.fclose   0x00005374       0x58 c:/nxp/mcuxpressoide_10.2.0_759/ide/tools/bin/../lib/gcc/arm-none-eabi/7.2.1/../../../../arm-none-eabi/lib/thumb/v7e-m/fpv4-sp/hard\libcr_c.a(fclose.o)
                0x00005374                fclose
 .text.remove   0x000053cc       0x14 c:/nxp/mcuxpressoide_10.2.0_759/ide/tools/bin/../lib/gcc/arm-none-eabi/7.2.1/../../../../arm-none-eabi/lib/thumb/v7e-m/fpv4-sp/hard\libcr_c.a(remove.o)
                0x000053cc                remove
 .text._do_fflush
                0x000053e0       0x40 c:/nxp/mcuxpressoide_10.2.0_759/ide/tools/bin/../lib/gcc/arm-none-eabi/7.2.1/../../../../arm-none-eabi/lib/thumb/v7e-m/fpv4-sp/hard\libcr_c.a(_do_fflush.o)
                0x000053e0                _do_fflush
 .text.__aeabi_memcpy
                0x00005420       0x34 c:/nxp/mcuxpressoide_10.2.0_759/ide/tools/bin/../lib/gcc/arm-none-eabi/7.2.1/thumb/v7e-m/fpv4-sp/hard\libcr_eabihelpers.a(memcpy.o)
                0x00005420                __aeabi_memcpy
                0x0000542a                __aeabi_memcpy8
                0x0000542a                __aeabi_memcpy4
 .text.__aeabi_memset_lowlevel
                0x00005454       0x32 c:/nxp/mcuxpressoide_10.2.0_759/ide/tools/bin/../lib/gcc/arm-none-eabi/7.2.1/thumb/v7e-m/fpv4-sp/hard\libcr_eabihelpers.a(memcpy.o)
                0x00005454                __aeabi_lowlevel_memset
 .text.__sys_close
                0x00005486        0xc c:/nxp/mcuxpressoide_10.2.0_759/ide/tools/bin/../lib/gcc/arm-none-eabi/7.2.1/../../../../arm-none-eabi/lib/thumb/v7e-m/fpv4-sp/hard\libcr_semihost_nf.a(__sys_close.o)
                0x00005486                __sys_close
 .text.__sys_flen
                0x00005492        0xc c:/nxp/mcuxpressoide_10.2.0_759/ide/tools/bin/../lib/gcc/arm-none-eabi/7.2.1/../../../../arm-none-eabi/lib/thumb/v7e-m/fpv4-sp/hard\libcr_semihost_nf.a(__sys_flen.o)
                0x00005492                __sys_flen
 .text.__sys_istty
                0x0000549e        0xc c:/nxp/mcuxpressoide_10.2.0_759/ide/tools/bin/../lib/gcc/arm-none-eabi/7.2.1/../../../../arm-none-eabi/lib/thumb/v7e-m/fpv4-sp/hard\libcr_semihost_nf.a(__sys_istty.o)
                0x0000549e                __sys_istty
 .text.__sys_remove
                0x000054aa        0xc c:/nxp/mcuxpressoide_10.2.0_759/ide/tools/bin/../lib/gcc/arm-none-eabi/7.2.1/../../../../arm-none-eabi/lib/thumb/v7e-m/fpv4-sp/hard\libcr_semihost_nf.a(__sys_remove.o)
                0x000054aa                __sys_remove
 .text.__sys_seek
                0x000054b6        0xc c:/nxp/mcuxpressoide_10.2.0_759/ide/tools/bin/../lib/gcc/arm-none-eabi/7.2.1/../../../../arm-none-eabi/lib/thumb/v7e-m/fpv4-sp/hard\libcr_semihost_nf.a(__sys_seek.o)
                0x000054b6                __sys_seek
 .text.__sys_tmpnam
                0x000054c2        0xc c:/nxp/mcuxpressoide_10.2.0_759/ide/tools/bin/../lib/gcc/arm-none-eabi/7.2.1/../../../../arm-none-eabi/lib/thumb/v7e-m/fpv4-sp/hard\libcr_semihost_nf.a(__sys_tmpnam.o)
                0x000054c2                __sys_tmpnam
 .text.__sys_write
                0x000054ce        0xc c:/nxp/mcuxpressoide_10.2.0_759/ide/tools/bin/../lib/gcc/arm-none-eabi/7.2.1/../../../../arm-none-eabi/lib/thumb/v7e-m/fpv4-sp/hard\libcr_semihost_nf.a(__sys_write.o)
                0x000054ce                __sys_write
 *(SORT_BY_ALIGNMENT(.rodata) SORT_BY_ALIGNMENT(.rodata.*) SORT_BY_ALIGNMENT(.constdata) SORT_BY_ALIGNMENT(.constdata.*))
 *fill*         0x000054da        0x2 ff
 .rodata        0x000054dc       0x50 ./utilities/fsl_debug_console.o
 .rodata        0x0000552c       0x27 ./utilities/fsl_io.o
 *fill*         0x00005553        0x1 ff
 .rodata        0x00005554       0x7d ./source/freertos_queue.o
 *fill*         0x000055d1        0x3 ff
 .rodata        0x000055d4      0x149 ./drivers/fsl_clock.o
 *fill*         0x0000571d        0x3 ff
 .rodata.fllFactorTable.7747
                0x00005720       0x10 ./drivers/fsl_clock.o
 .rodata.s_uartBases
                0x00005730       0x18 ./drivers/fsl_uart.o
 .rodata.s_uartClock
                0x00005748       0x18 ./drivers/fsl_uart.o
 .rodata        0x00005760      0x513 ./drivers/fsl_uart.o
 *fill*         0x00005c73        0x1 ff
 .rodata.mcgConfig_BOARD_BootClockRUN
                0x00005c74        0xb ./board/src/clock_config.o
                0x00005c74                mcgConfig_BOARD_BootClockRUN
 *fill*         0x00005c7f        0x1 ff
 .rodata.simConfig_BOARD_BootClockRUN
                0x00005c80        0x8 ./board/src/clock_config.o
                0x00005c80                simConfig_BOARD_BootClockRUN
 .rodata.oscConfig_BOARD_BootClockRUN
                0x00005c88        0x8 ./board/src/clock_config.o
                0x00005c88                oscConfig_BOARD_BootClockRUN
 .rodata        0x00005c90       0x18 ./amazon-freertos/FreeRTOS/tasks.o
                0x00005c98                FreeRTOSDebugConfig
 .rodata        0x00005ca8        0xd ./amazon-freertos/FreeRTOS/timers.o
 *fill*         0x00005cb5        0x3 ff
 .rodata.__num_Ciob_streams
                0x00005cb8        0x4 c:/nxp/mcuxpressoide_10.2.0_759/ide/tools/bin/../lib/gcc/arm-none-eabi/7.2.1/../../../../arm-none-eabi/lib/thumb/v7e-m/fpv4-sp/hard\libcr_semihost_nf.a(__ciob.o)
                0x00005cb8                __num_Ciob_streams
 .rodata.__assertion_failed.str1.1
                0x00005cbc       0x15 c:/nxp/mcuxpressoide_10.2.0_759/ide/tools/bin/../lib/gcc/arm-none-eabi/7.2.1/../../../../arm-none-eabi/lib/thumb/v7e-m/fpv4-sp/hard\libcr_semihost_nf.a(_cr_assert.o)
 .rodata._Csys_alloc.str1.1
                0x00005cd1       0x18 c:/nxp/mcuxpressoide_10.2.0_759/ide/tools/bin/../lib/gcc/arm-none-eabi/7.2.1/../../../../arm-none-eabi/lib/thumb/v7e-m/fpv4-sp/hard\libcr_c.a(alloc.o)
 .rodata._initio.str1.1
                0x00005ce9        0x4 c:/nxp/mcuxpressoide_10.2.0_759/ide/tools/bin/../lib/gcc/arm-none-eabi/7.2.1/../../../../arm-none-eabi/lib/thumb/v7e-m/fpv4-sp/hard\libcr_c.a(initio.o)
 .rodata.__vfprintf.str1.1
                0x00005ced       0x35 c:/nxp/mcuxpressoide_10.2.0_759/ide/tools/bin/../lib/gcc/arm-none-eabi/7.2.1/../../../../arm-none-eabi/lib/thumb/v7e-m/fpv4-sp/hard\libcr_c.a(printf.o)
                                 0x38 (size before relaxing)
                0x00005d28                . = ALIGN (0x8)
 *fill*         0x00005d22        0x6 ff

.glue_7         0x00005d28        0x0
 .glue_7        0x00005d28        0x0 linker stubs

.glue_7t        0x00005d28        0x0
 .glue_7t       0x00005d28        0x0 linker stubs

.vfp11_veneer   0x00005d28        0x0
 .vfp11_veneer  0x00005d28        0x0 linker stubs

.v4_bx          0x00005d28        0x0
 .v4_bx         0x00005d28        0x0 linker stubs

.iplt           0x00005d28        0x0
 .iplt          0x00005d28        0x0 ./utilities/fsl_debug_console.o

.rel.dyn        0x00005d28        0x0
 .rel.iplt      0x00005d28        0x0 ./utilities/fsl_debug_console.o

.ARM.extab
 *(SORT_BY_ALIGNMENT(.ARM.extab*) SORT_BY_ALIGNMENT(.gnu.linkonce.armextab.*))
                0x00005d28                __exidx_start = .

.ARM.exidx
 *(SORT_BY_ALIGNMENT(.ARM.exidx*) SORT_BY_ALIGNMENT(.gnu.linkonce.armexidx.*))
                0x00005d28                __exidx_end = .
                0x00005d28                _etext = .

.m_usb_data
 *(SORT_BY_ALIGNMENT(m_usb_bdt))

.data_RAM2      0x1fff0000        0x0 load address 0x00005d28
 FILL mask 0xff
                [!provide]                PROVIDE (__start_data_RAM2, .)
 *(SORT_BY_ALIGNMENT(.ramfunc.$RAM2))
 *(SORT_BY_ALIGNMENT(.ramfunc.$SRAM_LOWER))
 *(SORT_BY_ALIGNMENT(.data.$RAM2*))
 *(SORT_BY_ALIGNMENT(.data.$SRAM_LOWER*))
                0x1fff0000                . = ALIGN (0x8)
                [!provide]                PROVIDE (__end_data_RAM2, .)

.data_RAM3      0x14000000        0x0 load address 0x00005d28
 FILL mask 0xff
                [!provide]                PROVIDE (__start_data_RAM3, .)
 *(SORT_BY_ALIGNMENT(.ramfunc.$RAM3))
 *(SORT_BY_ALIGNMENT(.ramfunc.$FLEX_RAM))
 *(SORT_BY_ALIGNMENT(.data.$RAM3*))
 *(SORT_BY_ALIGNMENT(.data.$FLEX_RAM*))
                0x14000000                . = ALIGN (0x8)
                [!provide]                PROVIDE (__end_data_RAM3, .)

.uninit_RESERVED
                0x20000000        0x0
 *(SORT_BY_ALIGNMENT(.bss.$RESERVED*))
                0x20000000                . = ALIGN (0x4)
                0x20000000                _end_uninit_RESERVED = .

.data           0x20000000       0x10 load address 0x00005d28
 FILL mask 0xff
                0x20000000                _data = .
 *(SORT_BY_ALIGNMENT(vtable))
 *(SORT_BY_ALIGNMENT(.ramfunc*))
 *(SORT_BY_ALIGNMENT(.data*))
 .data.s_slowIrcFreq
                0x20000000        0x4 ./drivers/fsl_clock.o
 .data.s_fastIrcFreq
                0x20000004        0x4 ./drivers/fsl_clock.o
 .data.uxCriticalNesting
                0x20000008        0x4 ./amazon-freertos/FreeRTOS/portable/port.o
 .data.SystemCoreClock
                0x2000000c        0x4 ./CMSIS/system_MK64F12.o
                0x2000000c                SystemCoreClock
                0x20000010                . = ALIGN (0x8)
                0x20000010                _edata = .

.igot.plt       0x20000010        0x0 load address 0x00005d38
 .igot.plt      0x20000010        0x0 ./utilities/fsl_debug_console.o

.bss_RAM2       0x1fff0000        0x0
                [!provide]                PROVIDE (__start_bss_RAM2, .)
 *(SORT_BY_ALIGNMENT(.bss.$RAM2*))
 *(SORT_BY_ALIGNMENT(.bss.$SRAM_LOWER*))
                0x1fff0000                . = ALIGN ((. != 0x0)?0x8:0x1)
                [!provide]                PROVIDE (__end_bss_RAM2, .)

.bss_RAM3       0x14000000        0x0
                [!provide]                PROVIDE (__start_bss_RAM3, .)
 *(SORT_BY_ALIGNMENT(.bss.$RAM3*))
 *(SORT_BY_ALIGNMENT(.bss.$FLEX_RAM*))
                0x14000000                . = ALIGN ((. != 0x0)?0x8:0x1)
                [!provide]                PROVIDE (__end_bss_RAM3, .)

.bss            0x20000010     0x2a90
                0x20000010                _bss = .
 *(SORT_BY_ALIGNMENT(.bss*))
 .bss.s_debugConsoleIO
                0x20000010        0x8 ./utilities/fsl_io.o
 .bss.log_queue
                0x20000018        0x4 ./source/freertos_queue.o
 .bss.g_xtal0Freq
                0x2000001c        0x4 ./drivers/fsl_clock.o
                0x2000001c                g_xtal0Freq
 .bss.g_xtal32Freq
                0x20000020        0x4 ./drivers/fsl_clock.o
                0x20000020                g_xtal32Freq
 .bss.s_uartHandle
                0x20000024       0x18 ./drivers/fsl_uart.o
 .bss.s_uartIsr
                0x2000003c        0x4 ./drivers/fsl_uart.o
 .bss.ucHeap    0x20000040     0x2800 ./amazon-freertos/FreeRTOS/portable/heap_4.o
 .bss.xStart    0x20002840        0x8 ./amazon-freertos/FreeRTOS/portable/heap_4.o
 .bss.pxEnd     0x20002848        0x4 ./amazon-freertos/FreeRTOS/portable/heap_4.o
 .bss.xFreeBytesRemaining
                0x2000284c        0x4 ./amazon-freertos/FreeRTOS/portable/heap_4.o
 .bss.xMinimumEverFreeBytesRemaining
                0x20002850        0x4 ./amazon-freertos/FreeRTOS/portable/heap_4.o
 .bss.xBlockAllocatedBit
                0x20002854        0x4 ./amazon-freertos/FreeRTOS/portable/heap_4.o
 .bss.ulMaxPRIGROUPValue
                0x20002858        0x4 ./amazon-freertos/FreeRTOS/portable/port.o
 .bss.xQueueRegistry
                0x2000285c       0x40 ./amazon-freertos/FreeRTOS/queue.o
                0x2000285c                xQueueRegistry
 .bss.pxCurrentTCB
                0x2000289c        0x4 ./amazon-freertos/FreeRTOS/tasks.o
                0x2000289c                pxCurrentTCB
 .bss.pxReadyTasksLists
                0x200028a0       0x64 ./amazon-freertos/FreeRTOS/tasks.o
 .bss.xDelayedTaskList1
                0x20002904       0x14 ./amazon-freertos/FreeRTOS/tasks.o
 .bss.xDelayedTaskList2
                0x20002918       0x14 ./amazon-freertos/FreeRTOS/tasks.o
 .bss.pxDelayedTaskList
                0x2000292c        0x4 ./amazon-freertos/FreeRTOS/tasks.o
 .bss.pxOverflowDelayedTaskList
                0x20002930        0x4 ./amazon-freertos/FreeRTOS/tasks.o
 .bss.xPendingReadyList
                0x20002934       0x14 ./amazon-freertos/FreeRTOS/tasks.o
 .bss.xTasksWaitingTermination
                0x20002948       0x14 ./amazon-freertos/FreeRTOS/tasks.o
 .bss.uxDeletedTasksWaitingCleanUp
                0x2000295c        0x4 ./amazon-freertos/FreeRTOS/tasks.o
 .bss.xSuspendedTaskList
                0x20002960       0x14 ./amazon-freertos/FreeRTOS/tasks.o
 .bss.uxCurrentNumberOfTasks
                0x20002974        0x4 ./amazon-freertos/FreeRTOS/tasks.o
 .bss.xTickCount
                0x20002978        0x4 ./amazon-freertos/FreeRTOS/tasks.o
 .bss.uxTopReadyPriority
                0x2000297c        0x4 ./amazon-freertos/FreeRTOS/tasks.o
 .bss.xSchedulerRunning
                0x20002980        0x4 ./amazon-freertos/FreeRTOS/tasks.o
 .bss.uxPendedTicks
                0x20002984        0x4 ./amazon-freertos/FreeRTOS/tasks.o
 .bss.xYieldPending
                0x20002988        0x4 ./amazon-freertos/FreeRTOS/tasks.o
 .bss.xNumOfOverflows
                0x2000298c        0x4 ./amazon-freertos/FreeRTOS/tasks.o
 .bss.uxTaskNumber
                0x20002990        0x4 ./amazon-freertos/FreeRTOS/tasks.o
 .bss.xNextTaskUnblockTime
                0x20002994        0x4 ./amazon-freertos/FreeRTOS/tasks.o
 .bss.xIdleTaskHandle
                0x20002998        0x4 ./amazon-freertos/FreeRTOS/tasks.o
 .bss.uxSchedulerSuspended
                0x2000299c        0x4 ./amazon-freertos/FreeRTOS/tasks.o
 .bss.xActiveTimerList1
                0x200029a0       0x14 ./amazon-freertos/FreeRTOS/timers.o
 .bss.xActiveTimerList2
                0x200029b4       0x14 ./amazon-freertos/FreeRTOS/timers.o
 .bss.pxCurrentTimerList
                0x200029c8        0x4 ./amazon-freertos/FreeRTOS/timers.o
 .bss.pxOverflowTimerList
                0x200029cc        0x4 ./amazon-freertos/FreeRTOS/timers.o
 .bss.xTimerQueue
                0x200029d0        0x4 ./amazon-freertos/FreeRTOS/timers.o
 .bss.xTimerTaskHandle
                0x200029d4        0x4 ./amazon-freertos/FreeRTOS/timers.o
 .bss.xLastTime.5855
                0x200029d8        0x4 ./amazon-freertos/FreeRTOS/timers.o
 .bss.__Ciob    0x200029dc       0xb4 c:/nxp/mcuxpressoide_10.2.0_759/ide/tools/bin/../lib/gcc/arm-none-eabi/7.2.1/../../../../arm-none-eabi/lib/thumb/v7e-m/fpv4-sp/hard\libcr_semihost_nf.a(__ciob.o)
                0x200029dc                __Ciob
 .bss.__end_of_heap
                0x20002a90        0x4 c:/nxp/mcuxpressoide_10.2.0_759/ide/tools/bin/../lib/gcc/arm-none-eabi/7.2.1/../../../../arm-none-eabi/lib/thumb/v7e-m/fpv4-sp/hard\libcr_c.a(__init_alloc.o)
                0x20002a90                __end_of_heap
 .bss.__heaps   0x20002a94        0x4 c:/nxp/mcuxpressoide_10.2.0_759/ide/tools/bin/../lib/gcc/arm-none-eabi/7.2.1/../../../../arm-none-eabi/lib/thumb/v7e-m/fpv4-sp/hard\libcr_c.a(__init_alloc.o)
                0x20002a94                __heaps
 .bss.errno     0x20002a98        0x4 c:/nxp/mcuxpressoide_10.2.0_759/ide/tools/bin/../lib/gcc/arm-none-eabi/7.2.1/../../../../arm-none-eabi/lib/thumb/v7e-m/fpv4-sp/hard\libcr_c.a(errno.o)
                0x20002a98                errno
 .bss.ucMaxSysCallPriority
                0x20002a9c        0x1 ./amazon-freertos/FreeRTOS/portable/port.o
 *(SORT_BY_ALIGNMENT(COMMON))
                0x20002aa0                . = ALIGN (0x8)
 *fill*         0x20002a9d        0x3 
                0x20002aa0                _ebss = .
                [!provide]                PROVIDE (end, .)

.noinit_RAM2    0x1fff0000        0x0
 *(SORT_BY_ALIGNMENT(.noinit.$RAM2*))
 *(SORT_BY_ALIGNMENT(.noinit.$SRAM_LOWER*))
                0x1fff0000                . = ALIGN (0x8)

.noinit_RAM3    0x14000000        0x0
 *(SORT_BY_ALIGNMENT(.noinit.$RAM3*))
 *(SORT_BY_ALIGNMENT(.noinit.$FLEX_RAM*))
                0x14000000                . = ALIGN (0x8)

.noinit         0x20002aa0        0x0
                0x20002aa0                _noinit = .
 *(SORT_BY_ALIGNMENT(.noinit*))
                0x20002aa0                . = ALIGN (0x8)
                0x20002aa0                _end_noinit = .
                0x00001000                _HeapSize = 0x1000

.heap           0x20002aa0     0x1000
                0x20002aa0                _pvHeapStart = .
                0x20003aa0                . = (. + _HeapSize)
 *fill*         0x20002aa0     0x1000 
                0x20003aa0                . = ALIGN (0x8)
                0x20003aa0                _pvHeapLimit = .
                0x00001000                _StackSize = 0x1000

.heap2stackfill
                0x20003aa0     0x1000
                0x20004aa0                . = (. + _StackSize)
 *fill*         0x20003aa0     0x1000 

.stack          0x2002f000        0x0
                0x2002f000                _vStackBase = .
                0x2002f000                . = ALIGN (0x8)
                0x20030000                _vStackTop = (. + _StackSize)
                0x00000000                _image_start = LOADADDR (.text)
                0x00005d38                _image_end = (LOADADDR (.data) + SIZEOF (.data))
                0x00005d38                _image_size = (_image_end - _image_start)
OUTPUT(frdmk64f_freertos_queue.axf elf32-littlearm)

.debug_info     0x00000000     0xc659
 .debug_info    0x00000000      0x2b9 ./utilities/fsl_debug_console.o
 .debug_info    0x000002b9      0x820 ./utilities/fsl_io.o
 .debug_info    0x00000ad9      0x344 ./utilities/fsl_log.o
 .debug_info    0x00000e1d      0x8ac ./startup/startup_mk64f12.o
 .debug_info    0x000016c9      0x83b ./source/freertos_queue.o
 .debug_info    0x00001f04       0x37 ./source/semihost_hardfault.o
 .debug_info    0x00001f3b     0x1e9b ./drivers/fsl_clock.o
 .debug_info    0x00003dd6     0x19db ./drivers/fsl_uart.o
 .debug_info    0x000057b1      0x70e ./board/src/board.o
 .debug_info    0x00005ebf      0xaa2 ./board/src/clock_config.o
 .debug_info    0x00006961      0x64d ./board/pin_mux.o
 .debug_info    0x00006fae       0xe1 ./amazon-freertos/portable/fsl_tickless_systick.o
 .debug_info    0x0000708f      0x3e6 ./amazon-freertos/FreeRTOS/portable/heap_4.o
 .debug_info    0x00007475      0x52a ./amazon-freertos/FreeRTOS/portable/port.o
 .debug_info    0x0000799f      0x2c5 ./amazon-freertos/FreeRTOS/list.o
 .debug_info    0x00007c64     0x168c ./amazon-freertos/FreeRTOS/queue.o
 .debug_info    0x000092f0     0x1f9b ./amazon-freertos/FreeRTOS/tasks.o
 .debug_info    0x0000b28b      0xda1 ./amazon-freertos/FreeRTOS/timers.o
 .debug_info    0x0000c02c      0x62d ./CMSIS/system_MK64F12.o

.debug_abbrev   0x00000000     0x21ed
 .debug_abbrev  0x00000000      0x104 ./utilities/fsl_debug_console.o
 .debug_abbrev  0x00000104      0x21d ./utilities/fsl_io.o
 .debug_abbrev  0x00000321      0x17d ./utilities/fsl_log.o
 .debug_abbrev  0x0000049e      0x159 ./startup/startup_mk64f12.o
 .debug_abbrev  0x000005f7      0x1a4 ./source/freertos_queue.o
 .debug_abbrev  0x0000079b       0x2c ./source/semihost_hardfault.o
 .debug_abbrev  0x000007c7      0x31e ./drivers/fsl_clock.o
 .debug_abbrev  0x00000ae5      0x300 ./drivers/fsl_uart.o
 .debug_abbrev  0x00000de5      0x159 ./board/src/board.o
 .debug_abbrev  0x00000f3e      0x1f1 ./board/src/clock_config.o
 .debug_abbrev  0x0000112f      0x196 ./board/pin_mux.o
 .debug_abbrev  0x000012c5       0x8f ./amazon-freertos/portable/fsl_tickless_systick.o
 .debug_abbrev  0x00001354      0x1e5 ./amazon-freertos/FreeRTOS/portable/heap_4.o
 .debug_abbrev  0x00001539      0x249 ./amazon-freertos/FreeRTOS/portable/port.o
 .debug_abbrev  0x00001782      0x116 ./amazon-freertos/FreeRTOS/list.o
 .debug_abbrev  0x00001898      0x2b3 ./amazon-freertos/FreeRTOS/queue.o
 .debug_abbrev  0x00001b4b      0x2fe ./amazon-freertos/FreeRTOS/tasks.o
 .debug_abbrev  0x00001e49      0x253 ./amazon-freertos/FreeRTOS/timers.o
 .debug_abbrev  0x0000209c      0x151 ./CMSIS/system_MK64F12.o

.debug_aranges  0x00000000      0xdc0
 .debug_aranges
                0x00000000       0x30 ./utilities/fsl_debug_console.o
 .debug_aranges
                0x00000030       0x48 ./utilities/fsl_io.o
 .debug_aranges
                0x00000078       0x58 ./utilities/fsl_log.o
 .debug_aranges
                0x000000d0      0x330 ./startup/startup_mk64f12.o
 .debug_aranges
                0x00000400       0x48 ./source/freertos_queue.o
 .debug_aranges
                0x00000448       0x20 ./source/semihost_hardfault.o
 .debug_aranges
                0x00000468      0x1e8 ./drivers/fsl_clock.o
 .debug_aranges
                0x00000650      0x170 ./drivers/fsl_uart.o
 .debug_aranges
                0x000007c0       0x20 ./board/src/board.o
 .debug_aranges
                0x000007e0       0x50 ./board/src/clock_config.o
 .debug_aranges
                0x00000830       0x30 ./board/pin_mux.o
 .debug_aranges
                0x00000860       0x20 ./amazon-freertos/portable/fsl_tickless_systick.o
 .debug_aranges
                0x00000880       0x50 ./amazon-freertos/FreeRTOS/portable/heap_4.o
 .debug_aranges
                0x000008d0       0x78 ./amazon-freertos/FreeRTOS/portable/port.o
 .debug_aranges
                0x00000948       0x40 ./amazon-freertos/FreeRTOS/list.o
 .debug_aranges
                0x00000988      0x130 ./amazon-freertos/FreeRTOS/queue.o
 .debug_aranges
                0x00000ab8      0x200 ./amazon-freertos/FreeRTOS/tasks.o
 .debug_aranges
                0x00000cb8       0xd8 ./amazon-freertos/FreeRTOS/timers.o
 .debug_aranges
                0x00000d90       0x30 ./CMSIS/system_MK64F12.o

.debug_ranges   0x00000000      0xc90
 .debug_ranges  0x00000000       0x20 ./utilities/fsl_debug_console.o
 .debug_ranges  0x00000020       0x38 ./utilities/fsl_io.o
 .debug_ranges  0x00000058       0x48 ./utilities/fsl_log.o
 .debug_ranges  0x000000a0      0x320 ./startup/startup_mk64f12.o
 .debug_ranges  0x000003c0       0x38 ./source/freertos_queue.o
 .debug_ranges  0x000003f8       0x10 ./source/semihost_hardfault.o
 .debug_ranges  0x00000408      0x1d8 ./drivers/fsl_clock.o
 .debug_ranges  0x000005e0      0x160 ./drivers/fsl_uart.o
 .debug_ranges  0x00000740       0x10 ./board/src/board.o
 .debug_ranges  0x00000750       0x40 ./board/src/clock_config.o
 .debug_ranges  0x00000790       0x20 ./board/pin_mux.o
 .debug_ranges  0x000007b0       0x10 ./amazon-freertos/portable/fsl_tickless_systick.o
 .debug_ranges  0x000007c0       0x40 ./amazon-freertos/FreeRTOS/portable/heap_4.o
 .debug_ranges  0x00000800       0x68 ./amazon-freertos/FreeRTOS/portable/port.o
 .debug_ranges  0x00000868       0x30 ./amazon-freertos/FreeRTOS/list.o
 .debug_ranges  0x00000898      0x120 ./amazon-freertos/FreeRTOS/queue.o
 .debug_ranges  0x000009b8      0x1f0 ./amazon-freertos/FreeRTOS/tasks.o
 .debug_ranges  0x00000ba8       0xc8 ./amazon-freertos/FreeRTOS/timers.o
 .debug_ranges  0x00000c70       0x20 ./CMSIS/system_MK64F12.o

.debug_line     0x00000000     0x4e72
 .debug_line    0x00000000      0x175 ./utilities/fsl_debug_console.o
 .debug_line    0x00000175      0x206 ./utilities/fsl_io.o
 .debug_line    0x0000037b      0x211 ./utilities/fsl_log.o
 .debug_line    0x0000058c      0x6d4 ./startup/startup_mk64f12.o
 .debug_line    0x00000c60      0x27a ./source/freertos_queue.o
 .debug_line    0x00000eda       0x54 ./source/semihost_hardfault.o
 .debug_line    0x00000f2e      0x928 ./drivers/fsl_clock.o
 .debug_line    0x00001856      0x938 ./drivers/fsl_uart.o
 .debug_line    0x0000218e      0x14b ./board/src/board.o
 .debug_line    0x000022d9      0x1ee ./board/src/clock_config.o
 .debug_line    0x000024c7      0x168 ./board/pin_mux.o
 .debug_line    0x0000262f      0x133 ./amazon-freertos/portable/fsl_tickless_systick.o
 .debug_line    0x00002762      0x23f ./amazon-freertos/FreeRTOS/portable/heap_4.o
 .debug_line    0x000029a1      0x320 ./amazon-freertos/FreeRTOS/portable/port.o
 .debug_line    0x00002cc1      0x1b5 ./amazon-freertos/FreeRTOS/list.o
 .debug_line    0x00002e76      0xaca ./amazon-freertos/FreeRTOS/queue.o
 .debug_line    0x00003940      0xe82 ./amazon-freertos/FreeRTOS/tasks.o
 .debug_line    0x000047c2      0x528 ./amazon-freertos/FreeRTOS/timers.o
 .debug_line    0x00004cea      0x188 ./CMSIS/system_MK64F12.o

.debug_str      0x00000000     0x5d8c
 .debug_str     0x00000000      0x393 ./utilities/fsl_debug_console.o
                                0x3d4 (size before relaxing)
 .debug_str     0x00000393      0x9e9 ./utilities/fsl_io.o
                                0xccf (size before relaxing)
 .debug_str     0x00000d7c       0x85 ./utilities/fsl_log.o
                                0x3a1 (size before relaxing)
 .debug_str     0x00000e01      0x7ed ./startup/startup_mk64f12.o
                                0x91f (size before relaxing)
 .debug_str     0x000015ee      0x449 ./source/freertos_queue.o
                                0xc89 (size before relaxing)
 .debug_str     0x00001a37       0x1f ./source/semihost_hardfault.o
                                0x141 (size before relaxing)
 .debug_str     0x00001a56     0x11a2 ./drivers/fsl_clock.o
                               0x1cf5 (size before relaxing)
 .debug_str     0x00002bf8      0xf31 ./drivers/fsl_uart.o
                               0x1e51 (size before relaxing)
 .debug_str     0x00003b29       0x3b ./board/src/board.o
                                0x73b (size before relaxing)
 .debug_str     0x00003b64      0x226 ./board/src/clock_config.o
                                0xebe (size before relaxing)
 .debug_str     0x00003d8a      0x164 ./board/pin_mux.o
                                0x6e7 (size before relaxing)
 .debug_str     0x00003eee       0x4c ./amazon-freertos/portable/fsl_tickless_systick.o
                                0x246 (size before relaxing)
 .debug_str     0x00003f3a      0x20b ./amazon-freertos/FreeRTOS/portable/heap_4.o
                                0x3f9 (size before relaxing)
 .debug_str     0x00004145      0x1f7 ./amazon-freertos/FreeRTOS/portable/port.o
                                0x45c (size before relaxing)
 .debug_str     0x0000433c      0x135 ./amazon-freertos/FreeRTOS/list.o
                                0x33c (size before relaxing)
 .debug_str     0x00004471      0x61b ./amazon-freertos/FreeRTOS/queue.o
                                0x950 (size before relaxing)
 .debug_str     0x00004a8c      0xcd8 ./amazon-freertos/FreeRTOS/tasks.o
                               0x111b (size before relaxing)
 .debug_str     0x00005764      0x518 ./amazon-freertos/FreeRTOS/timers.o
                                0x868 (size before relaxing)
 .debug_str     0x00005c7c      0x110 ./CMSIS/system_MK64F12.o
                                0x3ea (size before relaxing)

.comment        0x00000000       0x7e
 .comment       0x00000000       0x7e ./utilities/fsl_debug_console.o
                                 0x7f (size before relaxing)
 .comment       0x0000007e       0x7f ./utilities/fsl_io.o
 .comment       0x0000007e       0x7f ./utilities/fsl_log.o
 .comment       0x0000007e       0x7f ./startup/startup_mk64f12.o
 .comment       0x0000007e       0x7f ./source/freertos_queue.o
 .comment       0x0000007e       0x7f ./source/semihost_hardfault.o
 .comment       0x0000007e       0x7f ./drivers/fsl_clock.o
 .comment       0x0000007e       0x7f ./drivers/fsl_uart.o
 .comment       0x0000007e       0x7f ./board/src/board.o
 .comment       0x0000007e       0x7f ./board/src/clock_config.o
 .comment       0x0000007e       0x7f ./board/pin_mux.o
 .comment       0x0000007e       0x7f ./amazon-freertos/portable/fsl_tickless_systick.o
 .comment       0x0000007e       0x7f ./amazon-freertos/FreeRTOS/portable/heap_4.o
 .comment       0x0000007e       0x7f ./amazon-freertos/FreeRTOS/portable/port.o
 .comment       0x0000007e       0x7f ./amazon-freertos/FreeRTOS/list.o
 .comment       0x0000007e       0x7f ./amazon-freertos/FreeRTOS/queue.o
 .comment       0x0000007e       0x7f ./amazon-freertos/FreeRTOS/tasks.o
 .comment       0x0000007e       0x7f ./amazon-freertos/FreeRTOS/timers.o
 .comment       0x0000007e       0x7f ./CMSIS/system_MK64F12.o
 .comment       0x0000007e       0x7f c:/nxp/mcuxpressoide_10.2.0_759/ide/tools/bin/../lib/gcc/arm-none-eabi/7.2.1/../../../../arm-none-eabi/lib/thumb/v7e-m/fpv4-sp/hard\libcr_semihost_nf.a(_cr__main.o)
 .comment       0x0000007e       0x7f c:/nxp/mcuxpressoide_10.2.0_759/ide/tools/bin/../lib/gcc/arm-none-eabi/7.2.1/../../../../arm-none-eabi/lib/thumb/v7e-m/fpv4-sp/hard\libcr_semihost_nf.a(_cr_assert.o)
 .comment       0x0000007e       0x7f c:/nxp/mcuxpressoide_10.2.0_759/ide/tools/bin/../lib/gcc/arm-none-eabi/7.2.1/../../../../arm-none-eabi/lib/thumb/v7e-m/fpv4-sp/hard\libcr_semihost_nf.a(__ciob.o)
 .comment       0x0000007e       0x7f c:/nxp/mcuxpressoide_10.2.0_759/ide/tools/bin/../lib/gcc/arm-none-eabi/7.2.1/../../../../arm-none-eabi/lib/thumb/v7e-m/fpv4-sp/hard\libcr_c.a(memcpy.o)
 .comment       0x0000007e       0x7f c:/nxp/mcuxpressoide_10.2.0_759/ide/tools/bin/../lib/gcc/arm-none-eabi/7.2.1/../../../../arm-none-eabi/lib/thumb/v7e-m/fpv4-sp/hard\libcr_c.a(memset.o)
 .comment       0x0000007e       0x7f c:/nxp/mcuxpressoide_10.2.0_759/ide/tools/bin/../lib/gcc/arm-none-eabi/7.2.1/../../../../arm-none-eabi/lib/thumb/v7e-m/fpv4-sp/hard\libcr_c.a(_deferredlazyseek.o)
 .comment       0x0000007e       0x7f c:/nxp/mcuxpressoide_10.2.0_759/ide/tools/bin/../lib/gcc/arm-none-eabi/7.2.1/../../../../arm-none-eabi/lib/thumb/v7e-m/fpv4-sp/hard\libcr_c.a(_fflush.o)
 .comment       0x0000007e       0x7f c:/nxp/mcuxpressoide_10.2.0_759/ide/tools/bin/../lib/gcc/arm-none-eabi/7.2.1/../../../../arm-none-eabi/lib/thumb/v7e-m/fpv4-sp/hard\libcr_c.a(_writebuf.o)
 .comment       0x0000007e       0x7f c:/nxp/mcuxpressoide_10.2.0_759/ide/tools/bin/../lib/gcc/arm-none-eabi/7.2.1/../../../../arm-none-eabi/lib/thumb/v7e-m/fpv4-sp/hard\libcr_c.a(alloc.o)
 .comment       0x0000007e       0x7f c:/nxp/mcuxpressoide_10.2.0_759/ide/tools/bin/../lib/gcc/arm-none-eabi/7.2.1/../../../../arm-none-eabi/lib/thumb/v7e-m/fpv4-sp/hard\libcr_c.a(fputs.o)
 .comment       0x0000007e       0x7f c:/nxp/mcuxpressoide_10.2.0_759/ide/tools/bin/../lib/gcc/arm-none-eabi/7.2.1/../../../../arm-none-eabi/lib/thumb/v7e-m/fpv4-sp/hard\libcr_c.a(fseek.o)
 .comment       0x0000007e       0x7f c:/nxp/mcuxpressoide_10.2.0_759/ide/tools/bin/../lib/gcc/arm-none-eabi/7.2.1/../../../../arm-none-eabi/lib/thumb/v7e-m/fpv4-sp/hard\libcr_c.a(ftell.o)
 .comment       0x0000007e       0x7f c:/nxp/mcuxpressoide_10.2.0_759/ide/tools/bin/../lib/gcc/arm-none-eabi/7.2.1/../../../../arm-none-eabi/lib/thumb/v7e-m/fpv4-sp/hard\libcr_c.a(initio.o)
 .comment       0x0000007e       0x7f c:/nxp/mcuxpressoide_10.2.0_759/ide/tools/bin/../lib/gcc/arm-none-eabi/7.2.1/../../../../arm-none-eabi/lib/thumb/v7e-m/fpv4-sp/hard\libcr_c.a(printf.o)
 .comment       0x0000007e       0x7f c:/nxp/mcuxpressoide_10.2.0_759/ide/tools/bin/../lib/gcc/arm-none-eabi/7.2.1/../../../../arm-none-eabi/lib/thumb/v7e-m/fpv4-sp/hard\libcr_c.a(setvbuf.o)
 .comment       0x0000007e       0x7f c:/nxp/mcuxpressoide_10.2.0_759/ide/tools/bin/../lib/gcc/arm-none-eabi/7.2.1/../../../../arm-none-eabi/lib/thumb/v7e-m/fpv4-sp/hard\libcr_c.a(strlen.o)
 .comment       0x0000007e       0x7f c:/nxp/mcuxpressoide_10.2.0_759/ide/tools/bin/../lib/gcc/arm-none-eabi/7.2.1/../../../../arm-none-eabi/lib/thumb/v7e-m/fpv4-sp/hard\libcr_c.a(__init_alloc.o)
 .comment       0x0000007e       0x7f c:/nxp/mcuxpressoide_10.2.0_759/ide/tools/bin/../lib/gcc/arm-none-eabi/7.2.1/../../../../arm-none-eabi/lib/thumb/v7e-m/fpv4-sp/hard\libcr_c.a(_cr_sbrk.o)
 .comment       0x0000007e       0x7f c:/nxp/mcuxpressoide_10.2.0_759/ide/tools/bin/../lib/gcc/arm-none-eabi/7.2.1/../../../../arm-none-eabi/lib/thumb/v7e-m/fpv4-sp/hard\libcr_c.a(_fdopen.o)
 .comment       0x0000007e       0x7f c:/nxp/mcuxpressoide_10.2.0_759/ide/tools/bin/../lib/gcc/arm-none-eabi/7.2.1/../../../../arm-none-eabi/lib/thumb/v7e-m/fpv4-sp/hard\libcr_c.a(errno.o)
 .comment       0x0000007e       0x7f c:/nxp/mcuxpressoide_10.2.0_759/ide/tools/bin/../lib/gcc/arm-none-eabi/7.2.1/../../../../arm-none-eabi/lib/thumb/v7e-m/fpv4-sp/hard\libcr_c.a(fclose.o)
 .comment       0x0000007e       0x7f c:/nxp/mcuxpressoide_10.2.0_759/ide/tools/bin/../lib/gcc/arm-none-eabi/7.2.1/../../../../arm-none-eabi/lib/thumb/v7e-m/fpv4-sp/hard\libcr_c.a(fflush.o)
 .comment       0x0000007e       0x7f c:/nxp/mcuxpressoide_10.2.0_759/ide/tools/bin/../lib/gcc/arm-none-eabi/7.2.1/../../../../arm-none-eabi/lib/thumb/v7e-m/fpv4-sp/hard\libcr_c.a(remove.o)
 .comment       0x0000007e       0x7f c:/nxp/mcuxpressoide_10.2.0_759/ide/tools/bin/../lib/gcc/arm-none-eabi/7.2.1/../../../../arm-none-eabi/lib/thumb/v7e-m/fpv4-sp/hard\libcr_c.a(_cr_check_heap.o)
 .comment       0x0000007e       0x7f c:/nxp/mcuxpressoide_10.2.0_759/ide/tools/bin/../lib/gcc/arm-none-eabi/7.2.1/../../../../arm-none-eabi/lib/thumb/v7e-m/fpv4-sp/hard\libcr_c.a(_do_fflush.o)

.ARM.attributes
                0x00000000       0x37
 .ARM.attributes
                0x00000000       0x39 ./utilities/fsl_debug_console.o
 .ARM.attributes
                0x00000039       0x39 ./utilities/fsl_io.o
 .ARM.attributes
                0x00000072       0x39 ./utilities/fsl_log.o
 .ARM.attributes
                0x000000ab       0x39 ./startup/startup_mk64f12.o
 .ARM.attributes
                0x000000e4       0x39 ./source/freertos_queue.o
 .ARM.attributes
                0x0000011d       0x39 ./source/semihost_hardfault.o
 .ARM.attributes
                0x00000156       0x39 ./drivers/fsl_clock.o
 .ARM.attributes
                0x0000018f       0x39 ./drivers/fsl_uart.o
 .ARM.attributes
                0x000001c8       0x39 ./board/src/board.o
 .ARM.attributes
                0x00000201       0x39 ./board/src/clock_config.o
 .ARM.attributes
                0x0000023a       0x39 ./board/pin_mux.o
 .ARM.attributes
                0x00000273       0x39 ./amazon-freertos/portable/fsl_tickless_systick.o
 .ARM.attributes
                0x000002ac       0x39 ./amazon-freertos/FreeRTOS/portable/heap_4.o
 .ARM.attributes
                0x000002e5       0x39 ./amazon-freertos/FreeRTOS/portable/port.o
 .ARM.attributes
                0x0000031e       0x39 ./amazon-freertos/FreeRTOS/list.o
 .ARM.attributes
                0x00000357       0x39 ./amazon-freertos/FreeRTOS/queue.o
 .ARM.attributes
                0x00000390       0x39 ./amazon-freertos/FreeRTOS/tasks.o
 .ARM.attributes
                0x000003c9       0x39 ./amazon-freertos/FreeRTOS/timers.o
 .ARM.attributes
                0x00000402       0x39 ./CMSIS/system_MK64F12.o
 .ARM.attributes
                0x0000043b       0x39 c:/nxp/mcuxpressoide_10.2.0_759/ide/tools/bin/../lib/gcc/arm-none-eabi/7.2.1/../../../../arm-none-eabi/lib/thumb/v7e-m/fpv4-sp/hard\libcr_semihost_nf.a(_cr__main.o)
 .ARM.attributes
                0x00000474       0x39 c:/nxp/mcuxpressoide_10.2.0_759/ide/tools/bin/../lib/gcc/arm-none-eabi/7.2.1/../../../../arm-none-eabi/lib/thumb/v7e-m/fpv4-sp/hard\libcr_semihost_nf.a(_cr_assert.o)
 .ARM.attributes
                0x000004ad       0x39 c:/nxp/mcuxpressoide_10.2.0_759/ide/tools/bin/../lib/gcc/arm-none-eabi/7.2.1/../../../../arm-none-eabi/lib/thumb/v7e-m/fpv4-sp/hard\libcr_semihost_nf.a(__ciob.o)
 .ARM.attributes
                0x000004e6       0x25 c:/nxp/mcuxpressoide_10.2.0_759/ide/tools/bin/../lib/gcc/arm-none-eabi/7.2.1/../../../../arm-none-eabi/lib/thumb/v7e-m/fpv4-sp/hard\libcr_semihost_nf.a(__sys_appexit.o)
 .ARM.attributes
                0x0000050b       0x39 c:/nxp/mcuxpressoide_10.2.0_759/ide/tools/bin/../lib/gcc/arm-none-eabi/7.2.1/../../../../arm-none-eabi/lib/thumb/v7e-m/fpv4-sp/hard\libcr_c.a(memcpy.o)
 .ARM.attributes
                0x00000544       0x39 c:/nxp/mcuxpressoide_10.2.0_759/ide/tools/bin/../lib/gcc/arm-none-eabi/7.2.1/../../../../arm-none-eabi/lib/thumb/v7e-m/fpv4-sp/hard\libcr_c.a(memset.o)
 .ARM.attributes
                0x0000057d       0x39 c:/nxp/mcuxpressoide_10.2.0_759/ide/tools/bin/../lib/gcc/arm-none-eabi/7.2.1/../../../../arm-none-eabi/lib/thumb/v7e-m/fpv4-sp/hard\libcr_c.a(_deferredlazyseek.o)
 .ARM.attributes
                0x000005b6       0x39 c:/nxp/mcuxpressoide_10.2.0_759/ide/tools/bin/../lib/gcc/arm-none-eabi/7.2.1/../../../../arm-none-eabi/lib/thumb/v7e-m/fpv4-sp/hard\libcr_c.a(_fflush.o)
 .ARM.attributes
                0x000005ef       0x39 c:/nxp/mcuxpressoide_10.2.0_759/ide/tools/bin/../lib/gcc/arm-none-eabi/7.2.1/../../../../arm-none-eabi/lib/thumb/v7e-m/fpv4-sp/hard\libcr_c.a(_writebuf.o)
 .ARM.attributes
                0x00000628       0x39 c:/nxp/mcuxpressoide_10.2.0_759/ide/tools/bin/../lib/gcc/arm-none-eabi/7.2.1/../../../../arm-none-eabi/lib/thumb/v7e-m/fpv4-sp/hard\libcr_c.a(alloc.o)
 .ARM.attributes
                0x00000661       0x39 c:/nxp/mcuxpressoide_10.2.0_759/ide/tools/bin/../lib/gcc/arm-none-eabi/7.2.1/../../../../arm-none-eabi/lib/thumb/v7e-m/fpv4-sp/hard\libcr_c.a(fputs.o)
 .ARM.attributes
                0x0000069a       0x39 c:/nxp/mcuxpressoide_10.2.0_759/ide/tools/bin/../lib/gcc/arm-none-eabi/7.2.1/../../../../arm-none-eabi/lib/thumb/v7e-m/fpv4-sp/hard\libcr_c.a(fseek.o)
 .ARM.attributes
                0x000006d3       0x39 c:/nxp/mcuxpressoide_10.2.0_759/ide/tools/bin/../lib/gcc/arm-none-eabi/7.2.1/../../../../arm-none-eabi/lib/thumb/v7e-m/fpv4-sp/hard\libcr_c.a(ftell.o)
 .ARM.attributes
                0x0000070c       0x39 c:/nxp/mcuxpressoide_10.2.0_759/ide/tools/bin/../lib/gcc/arm-none-eabi/7.2.1/../../../../arm-none-eabi/lib/thumb/v7e-m/fpv4-sp/hard\libcr_c.a(initio.o)
 .ARM.attributes
                0x00000745       0x39 c:/nxp/mcuxpressoide_10.2.0_759/ide/tools/bin/../lib/gcc/arm-none-eabi/7.2.1/../../../../arm-none-eabi/lib/thumb/v7e-m/fpv4-sp/hard\libcr_c.a(printf.o)
 .ARM.attributes
                0x0000077e       0x39 c:/nxp/mcuxpressoide_10.2.0_759/ide/tools/bin/../lib/gcc/arm-none-eabi/7.2.1/../../../../arm-none-eabi/lib/thumb/v7e-m/fpv4-sp/hard\libcr_c.a(setvbuf.o)
 .ARM.attributes
                0x000007b7       0x39 c:/nxp/mcuxpressoide_10.2.0_759/ide/tools/bin/../lib/gcc/arm-none-eabi/7.2.1/../../../../arm-none-eabi/lib/thumb/v7e-m/fpv4-sp/hard\libcr_c.a(strlen.o)
 .ARM.attributes
                0x000007f0       0x39 c:/nxp/mcuxpressoide_10.2.0_759/ide/tools/bin/../lib/gcc/arm-none-eabi/7.2.1/../../../../arm-none-eabi/lib/thumb/v7e-m/fpv4-sp/hard\libcr_c.a(__init_alloc.o)
 .ARM.attributes
                0x00000829       0x39 c:/nxp/mcuxpressoide_10.2.0_759/ide/tools/bin/../lib/gcc/arm-none-eabi/7.2.1/../../../../arm-none-eabi/lib/thumb/v7e-m/fpv4-sp/hard\libcr_c.a(_cr_sbrk.o)
 .ARM.attributes
                0x00000862       0x39 c:/nxp/mcuxpressoide_10.2.0_759/ide/tools/bin/../lib/gcc/arm-none-eabi/7.2.1/../../../../arm-none-eabi/lib/thumb/v7e-m/fpv4-sp/hard\libcr_c.a(_fdopen.o)
 .ARM.attributes
                0x0000089b       0x39 c:/nxp/mcuxpressoide_10.2.0_759/ide/tools/bin/../lib/gcc/arm-none-eabi/7.2.1/../../../../arm-none-eabi/lib/thumb/v7e-m/fpv4-sp/hard\libcr_c.a(errno.o)
 .ARM.attributes
                0x000008d4       0x39 c:/nxp/mcuxpressoide_10.2.0_759/ide/tools/bin/../lib/gcc/arm-none-eabi/7.2.1/../../../../arm-none-eabi/lib/thumb/v7e-m/fpv4-sp/hard\libcr_c.a(fclose.o)
 .ARM.attributes
                0x0000090d       0x39 c:/nxp/mcuxpressoide_10.2.0_759/ide/tools/bin/../lib/gcc/arm-none-eabi/7.2.1/../../../../arm-none-eabi/lib/thumb/v7e-m/fpv4-sp/hard\libcr_c.a(fflush.o)
 .ARM.attributes
                0x00000946       0x39 c:/nxp/mcuxpressoide_10.2.0_759/ide/tools/bin/../lib/gcc/arm-none-eabi/7.2.1/../../../../arm-none-eabi/lib/thumb/v7e-m/fpv4-sp/hard\libcr_c.a(remove.o)
 .ARM.attributes
                0x0000097f       0x39 c:/nxp/mcuxpressoide_10.2.0_759/ide/tools/bin/../lib/gcc/arm-none-eabi/7.2.1/../../../../arm-none-eabi/lib/thumb/v7e-m/fpv4-sp/hard\libcr_c.a(_cr_check_heap.o)
 .ARM.attributes
                0x000009b8       0x39 c:/nxp/mcuxpressoide_10.2.0_759/ide/tools/bin/../lib/gcc/arm-none-eabi/7.2.1/../../../../arm-none-eabi/lib/thumb/v7e-m/fpv4-sp/hard\libcr_c.a(_do_fflush.o)
 .ARM.attributes
                0x000009f1       0x25 c:/nxp/mcuxpressoide_10.2.0_759/ide/tools/bin/../lib/gcc/arm-none-eabi/7.2.1/thumb/v7e-m/fpv4-sp/hard\libcr_eabihelpers.a(memcpy.o)
 .ARM.attributes
                0x00000a16       0x25 c:/nxp/mcuxpressoide_10.2.0_759/ide/tools/bin/../lib/gcc/arm-none-eabi/7.2.1/../../../../arm-none-eabi/lib/thumb/v7e-m/fpv4-sp/hard\libcr_semihost_nf.a(__sys_close.o)
 .ARM.attributes
                0x00000a3b       0x25 c:/nxp/mcuxpressoide_10.2.0_759/ide/tools/bin/../lib/gcc/arm-none-eabi/7.2.1/../../../../arm-none-eabi/lib/thumb/v7e-m/fpv4-sp/hard\libcr_semihost_nf.a(__sys_flen.o)
 .ARM.attributes
                0x00000a60       0x25 c:/nxp/mcuxpressoide_10.2.0_759/ide/tools/bin/../lib/gcc/arm-none-eabi/7.2.1/../../../../arm-none-eabi/lib/thumb/v7e-m/fpv4-sp/hard\libcr_semihost_nf.a(__sys_istty.o)
 .ARM.attributes
                0x00000a85       0x25 c:/nxp/mcuxpressoide_10.2.0_759/ide/tools/bin/../lib/gcc/arm-none-eabi/7.2.1/../../../../arm-none-eabi/lib/thumb/v7e-m/fpv4-sp/hard\libcr_semihost_nf.a(__sys_remove.o)
 .ARM.attributes
                0x00000aaa       0x25 c:/nxp/mcuxpressoide_10.2.0_759/ide/tools/bin/../lib/gcc/arm-none-eabi/7.2.1/../../../../arm-none-eabi/lib/thumb/v7e-m/fpv4-sp/hard\libcr_semihost_nf.a(__sys_seek.o)
 .ARM.attributes
                0x00000acf       0x25 c:/nxp/mcuxpressoide_10.2.0_759/ide/tools/bin/../lib/gcc/arm-none-eabi/7.2.1/../../../../arm-none-eabi/lib/thumb/v7e-m/fpv4-sp/hard\libcr_semihost_nf.a(__sys_tmpnam.o)
 .ARM.attributes
                0x00000af4       0x25 c:/nxp/mcuxpressoide_10.2.0_759/ide/tools/bin/../lib/gcc/arm-none-eabi/7.2.1/../../../../arm-none-eabi/lib/thumb/v7e-m/fpv4-sp/hard\libcr_semihost_nf.a(__sys_write.o)

.debug_frame    0x00000000     0x31bc
 .debug_frame   0x00000000       0x6c ./utilities/fsl_debug_console.o
 .debug_frame   0x0000006c       0xe0 ./utilities/fsl_io.o
 .debug_frame   0x0000014c      0x120 ./utilities/fsl_log.o
 .debug_frame   0x0000026c      0x904 ./startup/startup_mk64f12.o
 .debug_frame   0x00000b70       0xe0 ./source/freertos_queue.o
 .debug_frame   0x00000c50       0x20 ./source/semihost_hardfault.o
 .debug_frame   0x00000c70      0x820 ./drivers/fsl_clock.o
 .debug_frame   0x00001490      0x5ec ./drivers/fsl_uart.o
 .debug_frame   0x00001a7c       0x34 ./board/src/board.o
 .debug_frame   0x00001ab0      0x108 ./board/src/clock_config.o
 .debug_frame   0x00001bb8       0x7c ./board/pin_mux.o
 .debug_frame   0x00001c34       0x30 ./amazon-freertos/portable/fsl_tickless_systick.o
 .debug_frame   0x00001c64      0x108 ./amazon-freertos/FreeRTOS/portable/heap_4.o
 .debug_frame   0x00001d6c      0x188 ./amazon-freertos/FreeRTOS/portable/port.o
 .debug_frame   0x00001ef4       0xd8 ./amazon-freertos/FreeRTOS/list.o
 .debug_frame   0x00001fcc      0x530 ./amazon-freertos/FreeRTOS/queue.o
 .debug_frame   0x000024fc      0x8c4 ./amazon-freertos/FreeRTOS/tasks.o
 .debug_frame   0x00002dc0      0x388 ./amazon-freertos/FreeRTOS/timers.o
 .debug_frame   0x00003148       0x74 ./CMSIS/system_MK64F12.o
