Archive member included to satisfy reference by file (symbol)

c:/nxp/mcuxpressoide_10.2.0_759/ide/tools/bin/../lib/gcc/arm-none-eabi/7.2.1/../../../../arm-none-eabi/lib/thumb/v7e-m/fpv4-sp/hard\libcr_semihost_nf.a(_cr__main.o)
                              ./startup/startup_mk64f12.o (__main)
c:/nxp/mcuxpressoide_10.2.0_759/ide/tools/bin/../lib/gcc/arm-none-eabi/7.2.1/../../../../arm-none-eabi/lib/thumb/v7e-m/fpv4-sp/hard\libcr_semihost_nf.a(_cr_assert.o)
                              ./utilities/fsl_debug_console.o (__assertion_failed)
c:/nxp/mcuxpressoide_10.2.0_759/ide/tools/bin/../lib/gcc/arm-none-eabi/7.2.1/../../../../arm-none-eabi/lib/thumb/v7e-m/fpv4-sp/hard\libcr_semihost_nf.a(__ciob.o)
                              c:/nxp/mcuxpressoide_10.2.0_759/ide/tools/bin/../lib/gcc/arm-none-eabi/7.2.1/../../../../arm-none-eabi/lib/thumb/v7e-m/fpv4-sp/hard\libcr_semihost_nf.a(_cr_assert.o) (__Ciob)
c:/nxp/mcuxpressoide_10.2.0_759/ide/tools/bin/../lib/gcc/arm-none-eabi/7.2.1/../../../../arm-none-eabi/lib/thumb/v7e-m/fpv4-sp/hard\libcr_semihost_nf.a(__sys_appexit.o)
                              c:/nxp/mcuxpressoide_10.2.0_759/ide/tools/bin/../lib/gcc/arm-none-eabi/7.2.1/../../../../arm-none-eabi/lib/thumb/v7e-m/fpv4-sp/hard\libcr_semihost_nf.a(_cr_assert.o) (__sys_appexit)
c:/nxp/mcuxpressoide_10.2.0_759/ide/tools/bin/../lib/gcc/arm-none-eabi/7.2.1/../../../../arm-none-eabi/lib/thumb/v7e-m/fpv4-sp/hard\libcr_c.a(memcpy.o)
                              ./drivers/fsl_ftfx_cache.o (memcpy)
c:/nxp/mcuxpressoide_10.2.0_759/ide/tools/bin/../lib/gcc/arm-none-eabi/7.2.1/../../../../arm-none-eabi/lib/thumb/v7e-m/fpv4-sp/hard\libcr_c.a(memset.o)
                              ./drivers/fsl_ftfx_cache.o (memset)
c:/nxp/mcuxpressoide_10.2.0_759/ide/tools/bin/../lib/gcc/arm-none-eabi/7.2.1/../../../../arm-none-eabi/lib/thumb/v7e-m/fpv4-sp/hard\libcr_c.a(_deferredlazyseek.o)
                              c:/nxp/mcuxpressoide_10.2.0_759/ide/tools/bin/../lib/gcc/arm-none-eabi/7.2.1/../../../../arm-none-eabi/lib/thumb/v7e-m/fpv4-sp/hard\libcr_semihost_nf.a(_cr_assert.o) (__flsbuf)
c:/nxp/mcuxpressoide_10.2.0_759/ide/tools/bin/../lib/gcc/arm-none-eabi/7.2.1/../../../../arm-none-eabi/lib/thumb/v7e-m/fpv4-sp/hard\libcr_c.a(_fflush.o)
                              c:/nxp/mcuxpressoide_10.2.0_759/ide/tools/bin/../lib/gcc/arm-none-eabi/7.2.1/../../../../arm-none-eabi/lib/thumb/v7e-m/fpv4-sp/hard\libcr_c.a(_deferredlazyseek.o) (_fflush)
c:/nxp/mcuxpressoide_10.2.0_759/ide/tools/bin/../lib/gcc/arm-none-eabi/7.2.1/../../../../arm-none-eabi/lib/thumb/v7e-m/fpv4-sp/hard\libcr_c.a(_writebuf.o)
                              c:/nxp/mcuxpressoide_10.2.0_759/ide/tools/bin/../lib/gcc/arm-none-eabi/7.2.1/../../../../arm-none-eabi/lib/thumb/v7e-m/fpv4-sp/hard\libcr_c.a(_deferredlazyseek.o) (_Cwritebuf)
c:/nxp/mcuxpressoide_10.2.0_759/ide/tools/bin/../lib/gcc/arm-none-eabi/7.2.1/../../../../arm-none-eabi/lib/thumb/v7e-m/fpv4-sp/hard\libcr_c.a(alloc.o)
                              ./drivers/fsl_common.o (malloc)
c:/nxp/mcuxpressoide_10.2.0_759/ide/tools/bin/../lib/gcc/arm-none-eabi/7.2.1/../../../../arm-none-eabi/lib/thumb/v7e-m/fpv4-sp/hard\libcr_c.a(fputs.o)
                              c:/nxp/mcuxpressoide_10.2.0_759/ide/tools/bin/../lib/gcc/arm-none-eabi/7.2.1/../../../../arm-none-eabi/lib/thumb/v7e-m/fpv4-sp/hard\libcr_semihost_nf.a(_cr_assert.o) (fputs)
c:/nxp/mcuxpressoide_10.2.0_759/ide/tools/bin/../lib/gcc/arm-none-eabi/7.2.1/../../../../arm-none-eabi/lib/thumb/v7e-m/fpv4-sp/hard\libcr_c.a(fseek.o)
                              c:/nxp/mcuxpressoide_10.2.0_759/ide/tools/bin/../lib/gcc/arm-none-eabi/7.2.1/../../../../arm-none-eabi/lib/thumb/v7e-m/fpv4-sp/hard\libcr_c.a(_deferredlazyseek.o) (fseek)
c:/nxp/mcuxpressoide_10.2.0_759/ide/tools/bin/../lib/gcc/arm-none-eabi/7.2.1/../../../../arm-none-eabi/lib/thumb/v7e-m/fpv4-sp/hard\libcr_c.a(ftell.o)
                              c:/nxp/mcuxpressoide_10.2.0_759/ide/tools/bin/../lib/gcc/arm-none-eabi/7.2.1/../../../../arm-none-eabi/lib/thumb/v7e-m/fpv4-sp/hard\libcr_c.a(fseek.o) (ftell)
c:/nxp/mcuxpressoide_10.2.0_759/ide/tools/bin/../lib/gcc/arm-none-eabi/7.2.1/../../../../arm-none-eabi/lib/thumb/v7e-m/fpv4-sp/hard\libcr_c.a(initio.o)
                              c:/nxp/mcuxpressoide_10.2.0_759/ide/tools/bin/../lib/gcc/arm-none-eabi/7.2.1/../../../../arm-none-eabi/lib/thumb/v7e-m/fpv4-sp/hard\libcr_semihost_nf.a(_cr__main.o) (_initio)
c:/nxp/mcuxpressoide_10.2.0_759/ide/tools/bin/../lib/gcc/arm-none-eabi/7.2.1/../../../../arm-none-eabi/lib/thumb/v7e-m/fpv4-sp/hard\libcr_c.a(printf.o)
                              ./utilities/fsl_assert.o (_printf)
c:/nxp/mcuxpressoide_10.2.0_759/ide/tools/bin/../lib/gcc/arm-none-eabi/7.2.1/../../../../arm-none-eabi/lib/thumb/v7e-m/fpv4-sp/hard\libcr_c.a(setvbuf.o)
                              c:/nxp/mcuxpressoide_10.2.0_759/ide/tools/bin/../lib/gcc/arm-none-eabi/7.2.1/../../../../arm-none-eabi/lib/thumb/v7e-m/fpv4-sp/hard\libcr_c.a(initio.o) (setvbuf)
[...]
Memory Configuration

Name             Origin             Length             Attributes
PROGRAM_FLASH    0x00000000         0x00100000         xr
SRAM_UPPER       0x20000000         0x00030000         xrw
SRAM_LOWER       0x1fff0000         0x00010000         xrw
FLEX_RAM         0x14000000         0x00001000         xrw
*default*        0x00000000         0xffffffff

Linker script and memory map

LOAD ./utilities/fsl_assert.o
LOAD ./utilities/fsl_debug_console.o
LOAD ./utilities/fsl_io.o
LOAD ./utilities/fsl_log.o
LOAD ./utilities/fsl_str.o
LOAD ./startup/startup_mk64f12.o
LOAD ./source/freertos_mutex.o
LOAD ./source/semihost_hardfault.o
LOAD ./drivers/fsl_clock.o
LOAD ./drivers/fsl_common.o
LOAD ./drivers/fsl_ftfx_cache.o
LOAD ./drivers/fsl_ftfx_controller.o
LOAD ./drivers/fsl_ftfx_flash.o
LOAD ./drivers/fsl_ftfx_flexnvm.o
LOAD ./drivers/fsl_gpio.o
LOAD ./drivers/fsl_smc.o
LOAD ./drivers/fsl_uart.o
LOAD ./board/src/board.o
LOAD ./board/src/clock_config.o
LOAD ./board/peripherals.o
LOAD ./board/pin_mux.o
LOAD ./amazon-freertos/portable/fsl_tickless_systick.o
LOAD ./amazon-freertos/FreeRTOS/portable/heap_4.o
LOAD ./amazon-freertos/FreeRTOS/portable/port.o
LOAD ./amazon-freertos/FreeRTOS/event_groups.o
LOAD ./amazon-freertos/FreeRTOS/list.o
LOAD ./amazon-freertos/FreeRTOS/queue.o
LOAD ./amazon-freertos/FreeRTOS/stream_buffer.o
LOAD ./amazon-freertos/FreeRTOS/tasks.o
LOAD ./amazon-freertos/FreeRTOS/timers.o
LOAD ./CMSIS/system_MK64F12.o
START GROUP
LOAD c:/nxp/mcuxpressoide_10.2.0_759/ide/tools/bin/../lib/gcc/arm-none-eabi/7.2.1/../../../../arm-none-eabi/lib/thumb/v7e-m/fpv4-sp/hard\libcr_semihost_nf.a
LOAD c:/nxp/mcuxpressoide_10.2.0_759/ide/tools/bin/../lib/gcc/arm-none-eabi/7.2.1/../../../../arm-none-eabi/lib/thumb/v7e-m/fpv4-sp/hard\libcr_c.a
LOAD c:/nxp/mcuxpressoide_10.2.0_759/ide/tools/bin/../lib/gcc/arm-none-eabi/7.2.1/thumb/v7e-m/fpv4-sp/hard\libcr_eabihelpers.a
END GROUP
                0x00000000                __base_PROGRAM_FLASH = 0x0
                0x00000000                __base_Flash = 0x0
                0x00100000                __top_PROGRAM_FLASH = 0x100000
                0x00100000                __top_Flash = 0x100000
                0x20000000                __base_SRAM_UPPER = 0x20000000
                0x20000000                __base_RAM = 0x20000000
                0x20030000                __top_SRAM_UPPER = 0x20030000
                0x20030000                __top_RAM = 0x20030000
                0x1fff0000                __base_SRAM_LOWER = 0x1fff0000
                0x1fff0000                __base_RAM2 = 0x1fff0000
                0x20000000                __top_SRAM_LOWER = 0x20000000
                0x20000000                __top_RAM2 = 0x20000000
                0x14000000                __base_FLEX_RAM = 0x14000000
                0x14000000                __base_RAM3 = 0x14000000
                0x14001000                __top_FLEX_RAM = 0x14001000
                0x14001000                __top_RAM3 = 0x14001000

.text           0x00000000     0x6300
 FILL mask 0xff
                0x00000000                __vectors_start__ = ABSOLUTE (.)
 *(SORT_BY_ALIGNMENT(.isr_vector))
 .isr_vector    0x00000000      0x198 ./startup/startup_mk64f12.o
                0x00000000                g_pfnVectors
                0x00000000                __Vectors
                0x00000198                . = ALIGN (0x4)
                0x00000198                __section_table_start = .
                0x00000198                __data_section_table = .
                0x00000198        0x4 LONG 0x6300 LOADADDR (.data)
                0x0000019c        0x4 LONG 0x20000000 ADDR (.data)
                0x000001a0        0x4 LONG 0x10 SIZEOF (.data)
                0x000001a4        0x4 LONG 0x6300 LOADADDR (.data_RAM2)
                0x000001a8        0x4 LONG 0x1fff0000 ADDR (.data_RAM2)
                0x000001ac        0x4 LONG 0x0 SIZEOF (.data_RAM2)
                0x000001b0        0x4 LONG 0x6300 LOADADDR (.data_RAM3)
                0x000001b4        0x4 LONG 0x14000000 ADDR (.data_RAM3)
                0x000001b8        0x4 LONG 0x0 SIZEOF (.data_RAM3)
                0x000001bc                __data_section_table_end = .
                0x000001bc                __bss_section_table = .
                0x000001bc        0x4 LONG 0x20000010 ADDR (.bss)
                0x000001c0        0x4 LONG 0x2a90 SIZEOF (.bss)
                0x000001c4        0x4 LONG 0x1fff0000 ADDR (.bss_RAM2)
                0x000001c8        0x4 LONG 0x0 SIZEOF (.bss_RAM2)
                0x000001cc        0x4 LONG 0x14000000 ADDR (.bss_RAM3)
                0x000001d0        0x4 LONG 0x0 SIZEOF (.bss_RAM3)
                0x000001d4                __bss_section_table_end = .
                0x000001d4                __section_table_end = .
 *(SORT_BY_ALIGNMENT(.after_vectors*))
 .after_vectors.reset
                0x000001d4       0x4c ./startup/startup_mk64f12.o
                0x000001d4                ResetISR
 .after_vectors.init_data
                0x00000220       0x1e ./startup/startup_mk64f12.o
                0x00000220                data_init
 .after_vectors.init_bss
                0x0000023e       0x12 ./startup/startup_mk64f12.o
                0x0000023e                bss_init
 .after_vectors
                0x00000250       0x14 ./startup/startup_mk64f12.o
                0x00000250                NMI_Handler
                0x00000254                MemManage_Handler
                0x00000256                BusFault_Handler
                0x00000258                UsageFault_Handler
                0x0000025c                DebugMon_Handler
                0x00000262                LPTMR0_DriverIRQHandler
                0x00000262                DMA_Error_DriverIRQHandler
                0x00000262                SPI1_DriverIRQHandler
                0x00000262                FTM1_DriverIRQHandler
                0x00000262                FTM2_DriverIRQHandler
                0x00000262                PIT2_DriverIRQHandler
                0x00000262                SDHC_DriverIRQHandler
                0x00000262                I2S0_Tx_DriverIRQHandler
                0x00000262                RTC_Seconds_DriverIRQHandler
                0x00000262                DMA6_DriverIRQHandler
                0x00000262                LLWU_DriverIRQHandler
                0x00000262                MCM_DriverIRQHandler
                0x00000262                MCG_DriverIRQHandler
                0x00000262                ENET_1588_Timer_DriverIRQHandler
                0x00000262                I2C2_DriverIRQHandler
                0x00000262                DAC1_DriverIRQHandler
                0x00000262                DMA12_DriverIRQHandler
                0x00000262                CMP1_DriverIRQHandler
                0x00000262                FTM0_DriverIRQHandler
                0x00000262                IntDefaultHandler
                0x00000262                USB0_DriverIRQHandler
                0x00000262                UART5_ERR_DriverIRQHandler
                0x00000262                PORTC_DriverIRQHandler
                0x00000262                DMA11_DriverIRQHandler
                0x00000262                DAC0_DriverIRQHandler
                0x00000262                DMA10_DriverIRQHandler
                0x00000262                CMP2_DriverIRQHandler
                0x00000262                UART2_ERR_DriverIRQHandler
                0x00000262                SPI2_DriverIRQHandler
                0x00000262                LVD_LVW_DriverIRQHandler
                0x00000262                PIT0_DriverIRQHandler
                0x00000262                PORTB_DriverIRQHandler
                0x00000262                DMA5_DriverIRQHandler
                0x00000262                DMA4_DriverIRQHandler
                0x00000262                USBDCD_DriverIRQHandler
                0x00000262                UART3_ERR_DriverIRQHandler
                0x00000262                DMA3_DriverIRQHandler
                0x00000262                DMA8_DriverIRQHandler
                0x00000262                DMA9_DriverIRQHandler
                0x00000262                UART0_ERR_DriverIRQHandler
                0x00000262                CMT_DriverIRQHandler
                0x00000262                Reserved71_DriverIRQHandler
                0x00000262                ADC1_DriverIRQHandler
                0x00000262                PORTA_DriverIRQHandler
                0x00000262                DMA14_DriverIRQHandler
                0x00000262                PIT3_DriverIRQHandler
                0x00000262                PIT1_DriverIRQHandler
                0x00000262                WDOG_EWM_DriverIRQHandler
                0x00000262                PDB0_DriverIRQHandler
                0x00000262                RTC_DriverIRQHandler
                0x00000262                I2S0_Rx_DriverIRQHandler
                0x00000262                Read_Collision_DriverIRQHandler
                0x00000262                SWI_DriverIRQHandler
                0x00000262                UART4_ERR_DriverIRQHandler
                0x00000262                DMA0_DriverIRQHandler
                0x00000262                UART0_LON_DriverIRQHandler
                0x00000262                DMA1_DriverIRQHandler
                0x00000262                I2C1_DriverIRQHandler
                0x00000262                ENET_Receive_DriverIRQHandler
                0x00000262                DMA13_DriverIRQHandler
                0x00000262                ENET_Error_DriverIRQHandler
                0x00000262                DMA15_DriverIRQHandler
                0x00000262                SPI0_DriverIRQHandler
                0x00000262                ADC0_DriverIRQHandler
                0x00000262                CMP0_DriverIRQHandler
                0x00000262                CAN0_DriverIRQHandler
                0x00000262                FTM3_DriverIRQHandler
                0x00000262                RNG_DriverIRQHandler
                0x00000262                UART1_ERR_DriverIRQHandler
                0x00000262                DMA2_DriverIRQHandler
                0x00000262                ENET_Transmit_DriverIRQHandler
                0x00000262                PORTD_DriverIRQHandler
                0x00000262                PORTE_DriverIRQHandler
                0x00000262                FTFE_DriverIRQHandler
                0x00000262                I2C0_DriverIRQHandler
                0x00000262                DMA7_DriverIRQHandler
                0x00000400                . = 0x400
 *fill*         0x00000264      0x19c ff
                0x00000400                PROVIDE (__FLASH_CONFIG_START__, .)
 *(SORT_BY_ALIGNMENT(.FlashConfig))
 .FlashConfig   0x00000400       0x10 ./startup/startup_mk64f12.o
                0x00000400                Flash_Config
                0x00000410                PROVIDE (__FLASH_CONFIG_END__, .)
                0x00000001                ASSERT (! ((__FLASH_CONFIG_START__ == __FLASH_CONFIG_END__)), Linker Flash Config Support Enabled, but no .FlashConfig section provided within application)
 *(SORT_BY_ALIGNMENT(.text*))
 .text.SVC_Handler
                0x00000410       0x28 ./amazon-freertos/FreeRTOS/portable/port.o
                0x00000410                SVC_Handler
 *fill*         0x00000438        0x8 ff
 .text.PendSV_Handler
                0x00000440       0x68 ./amazon-freertos/FreeRTOS/portable/port.o
                0x00000440                PendSV_Handler
 .text.DbgConsole_Init
                0x000004a8       0x38 ./utilities/fsl_debug_console.o
                0x000004a8                DbgConsole_Init
 .text.IO_Init  0x000004e0       0x80 ./utilities/fsl_io.o
                0x000004e0                IO_Init
 .text.main     0x00000560      0x100 ./source/freertos_mutex.o
                0x00000560                main
 .text.write_task_1
                0x00000660       0x68 ./source/freertos_mutex.o
 .text.write_task_2
                0x000006c8       0x68 ./source/freertos_mutex.o
 .text.write_task_3
                0x00000730       0x68 ./source/freertos_mutex.o
 .text.write_task_4
                0x00000798       0x68 ./source/freertos_mutex.o
 .text.write_task_5
                0x00000800       0x68 ./source/freertos_mutex.o
 .text.CLOCK_SetEr32kClock
                0x00000868       0x30 ./drivers/fsl_clock.o
 .text.CLOCK_SetPllFllSelClock
                0x00000898       0x3c ./drivers/fsl_clock.o
 .text.CLOCK_GetMcgExtClkFreq
                0x000008d4       0x78 ./drivers/fsl_clock.o
 .text.CLOCK_GetFllExtRefClkFreq
                0x0000094c       0xd0 ./drivers/fsl_clock.o
 .text.CLOCK_GetInternalRefClkSelectFreq
                0x00000a1c       0x44 ./drivers/fsl_clock.o
 .text.CLOCK_GetFllRefClkFreq
                0x00000a60       0x2c ./drivers/fsl_clock.o
 .text.CLOCK_GetOscRangeFromFreq
                0x00000a8c       0x3c ./drivers/fsl_clock.o
 .text.CLOCK_GetCoreSysClkFreq
                0x00000ac8       0x28 ./drivers/fsl_clock.o
                0x00000ac8                CLOCK_GetCoreSysClkFreq
 .text.CLOCK_SetSimConfig
                0x00000af0       0x38 ./drivers/fsl_clock.o
                0x00000af0                CLOCK_SetSimConfig
 .text.CLOCK_GetOutClkFreq
                0x00000b28       0x64 ./drivers/fsl_clock.o
                0x00000b28                CLOCK_GetOutClkFreq
 .text.CLOCK_GetFllFreq
                0x00000b8c       0x7c ./drivers/fsl_clock.o
                0x00000b8c                CLOCK_GetFllFreq
 .text.CLOCK_GetPll0Freq
                0x00000c08       0x68 ./drivers/fsl_clock.o
                0x00000c08                CLOCK_GetPll0Freq
 .text.CLOCK_SetExternalRefClkConfig
                0x00000c70       0x6c ./drivers/fsl_clock.o
                0x00000c70                CLOCK_SetExternalRefClkConfig
 .text.CLOCK_SetInternalRefClkConfig
                0x00000cdc      0x104 ./drivers/fsl_clock.o
                0x00000cdc                CLOCK_SetInternalRefClkConfig
 .text.CLOCK_EnablePll0
                0x00000de0       0x84 ./drivers/fsl_clock.o
                0x00000de0                CLOCK_EnablePll0
 .text.CLOCK_InitOsc0
                0x00000e64       0x8c ./drivers/fsl_clock.o
                0x00000e64                CLOCK_InitOsc0
 .text.CLOCK_SetPbeMode
                0x00000ef0       0xa8 ./drivers/fsl_clock.o
                0x00000ef0                CLOCK_SetPbeMode
 .text.CLOCK_BootToPeeMode
                0x00000f98       0x64 ./drivers/fsl_clock.o
                0x00000f98                CLOCK_BootToPeeMode
 .text.UART_GetInstance
                0x00000ffc       0x54 ./drivers/fsl_uart.o
                0x00000ffc                UART_GetInstance
 .text.UART_Init
                0x00001050      0x2d8 ./drivers/fsl_uart.o
                0x00001050                UART_Init
 .text.UART_GetDefaultConfig
                0x00001328       0x60 ./drivers/fsl_uart.o
                0x00001328                UART_GetDefaultConfig
 .text.UART0_DriverIRQHandler
                0x00001388       0x28 ./drivers/fsl_uart.o
                0x00001388                UART0_DriverIRQHandler
 .text.UART1_DriverIRQHandler
                0x000013b0       0x28 ./drivers/fsl_uart.o
                0x000013b0                UART1_DriverIRQHandler
 .text.UART2_DriverIRQHandler
                0x000013d8       0x28 ./drivers/fsl_uart.o
                0x000013d8                UART2_DriverIRQHandler
 .text.UART3_DriverIRQHandler
                0x00001400       0x28 ./drivers/fsl_uart.o
                0x00001400                UART3_DriverIRQHandler
 .text.UART4_DriverIRQHandler
                0x00001428       0x28 ./drivers/fsl_uart.o
                0x00001428                UART4_DriverIRQHandler
 .text.UART5_DriverIRQHandler
                0x00001450       0x28 ./drivers/fsl_uart.o
                0x00001450                UART5_DriverIRQHandler
 .text.BOARD_InitDebugConsole
                0x00001478       0x28 ./board/src/board.o
                0x00001478                BOARD_InitDebugConsole
 .text.CLOCK_SetSimSafeDivs
                0x000014a0       0x20 ./board/src/clock_config.o
 .text.CLOCK_SetXtal0Freq
                0x000014c0       0x20 ./board/src/clock_config.o
 .text.CLOCK_CONFIG_SetFllExtRefDiv
                0x000014e0       0x3c ./board/src/clock_config.o
 .text.BOARD_BootClockRUN
                0x0000151c       0x60 ./board/src/clock_config.o
                0x0000151c                BOARD_BootClockRUN
 .text.BOARD_InitPins
                0x0000157c       0x48 ./board/pin_mux.o
                0x0000157c                BOARD_InitPins
 .text.vPortSetupTimerInterrupt
                0x000015c4       0x48 ./amazon-freertos/portable/fsl_tickless_systick.o
                0x000015c4                vPortSetupTimerInterrupt
 .text.pvPortMalloc
                0x0000160c      0x184 ./amazon-freertos/FreeRTOS/portable/heap_4.o
                0x0000160c                pvPortMalloc
 .text.vPortFree
                0x00001790       0xb0 ./amazon-freertos/FreeRTOS/portable/heap_4.o
                0x00001790                vPortFree
 .text.prvHeapInit
                0x00001840       0xc4 ./amazon-freertos/FreeRTOS/portable/heap_4.o
 .text.prvInsertBlockIntoFreeList
                0x00001904       0xb4 ./amazon-freertos/FreeRTOS/portable/heap_4.o
 .text.pxPortInitialiseStack
                0x000019b8       0x68 ./amazon-freertos/FreeRTOS/portable/port.o
                0x000019b8                pxPortInitialiseStack
 .text.prvTaskExitError
                0x00001a20       0x54 ./amazon-freertos/FreeRTOS/portable/port.o
 .text.prvPortStartFirstTask
                0x00001a74       0x28 ./amazon-freertos/FreeRTOS/portable/port.o
 .text.xPortStartScheduler
                0x00001a9c      0x13c ./amazon-freertos/FreeRTOS/portable/port.o
                0x00001a9c                xPortStartScheduler
 .text.vPortEnterCritical
                0x00001bd8       0x5c ./amazon-freertos/FreeRTOS/portable/port.o
                0x00001bd8                vPortEnterCritical
 .text.vPortExitCritical
                0x00001c34       0x50 ./amazon-freertos/FreeRTOS/portable/port.o
                0x00001c34                vPortExitCritical
 .text.SysTick_Handler
                0x00001c84       0x40 ./amazon-freertos/FreeRTOS/portable/port.o
                0x00001c84                SysTick_Handler
 .text.vPortEnableVFP
                0x00001cc4       0x14 ./amazon-freertos/FreeRTOS/portable/port.o
 .text.vPortValidateInterruptPriority
                0x00001cd8       0x7c ./amazon-freertos/FreeRTOS/portable/port.o
                0x00001cd8                vPortValidateInterruptPriority
 .text.xQueueGenericReset
                0x00001d54       0xd0 ./amazon-freertos/FreeRTOS/queue.o
                0x00001d54                xQueueGenericReset
 .text.xQueueGenericSend
                0x00001e24      0x1f4 ./amazon-freertos/FreeRTOS/queue.o
                0x00001e24                xQueueGenericSend
 .text.xQueueReceive
                0x00002018      0x1b8 ./amazon-freertos/FreeRTOS/queue.o
                0x00002018                xQueueReceive
 .text.xQueueSemaphoreTake
                0x000021d0      0x214 ./amazon-freertos/FreeRTOS/queue.o
                0x000021d0                xQueueSemaphoreTake
 .text.vQueueAddToRegistry
                0x000023e4       0x50 ./amazon-freertos/FreeRTOS/queue.o
                0x000023e4                vQueueAddToRegistry
 .text.prvAddNewTaskToReadyList
                0x00002434       0xdc ./amazon-freertos/FreeRTOS/tasks.o
 .text.vTaskSuspend
                0x00002510      0x124 ./amazon-freertos/FreeRTOS/tasks.o
                0x00002510                vTaskSuspend
 .text.vTaskStartScheduler
                0x00002634       0x98 ./amazon-freertos/FreeRTOS/tasks.o
                0x00002634                vTaskStartScheduler
 .text.vTaskSuspendAll
                0x000026cc       0x1c ./amazon-freertos/FreeRTOS/tasks.o
                0x000026cc                vTaskSuspendAll
 .text.xTaskResumeAll
                0x000026e8      0x138 ./amazon-freertos/FreeRTOS/tasks.o
                0x000026e8                xTaskResumeAll
 .text.xTaskGetTickCount
                0x00002820       0x20 ./amazon-freertos/FreeRTOS/tasks.o
                0x00002820                xTaskGetTickCount
 .text.xTaskIncrementTick
                0x00002840      0x158 ./amazon-freertos/FreeRTOS/tasks.o
                0x00002840                xTaskIncrementTick
 .text.vTaskSwitchContext
                0x00002998       0xb4 ./amazon-freertos/FreeRTOS/tasks.o
                0x00002998                vTaskSwitchContext
 .text.vTaskPlaceOnEventList
                0x00002a4c       0x48 ./amazon-freertos/FreeRTOS/tasks.o
                0x00002a4c                vTaskPlaceOnEventList
 .text.vTaskPlaceOnEventListRestricted
                0x00002a94       0x54 ./amazon-freertos/FreeRTOS/tasks.o
                0x00002a94                vTaskPlaceOnEventListRestricted
 .text.xTaskRemoveFromEventList
                0x00002ae8       0xc4 ./amazon-freertos/FreeRTOS/tasks.o
                0x00002ae8                xTaskRemoveFromEventList
 .text.vTaskInternalSetTimeOutState
                0x00002bac       0x2c ./amazon-freertos/FreeRTOS/tasks.o
                0x00002bac                vTaskInternalSetTimeOutState
 .text.xTaskCheckForTimeOut
                0x00002bd8       0xc0 ./amazon-freertos/FreeRTOS/tasks.o
                0x00002bd8                xTaskCheckForTimeOut
 .text.vTaskMissedYield
                0x00002c98       0x18 ./amazon-freertos/FreeRTOS/tasks.o
                0x00002c98                vTaskMissedYield
 .text.prvIdleTask
                0x00002cb0       0x30 ./amazon-freertos/FreeRTOS/tasks.o
 .text.prvInitialiseTaskLists
                0x00002ce0       0x80 ./amazon-freertos/FreeRTOS/tasks.o
 .text.prvCheckTasksWaitingTermination
                0x00002d60       0x58 ./amazon-freertos/FreeRTOS/tasks.o
 .text.prvResetNextTaskUnblockTime
                0x00002db8       0x4c ./amazon-freertos/FreeRTOS/tasks.o
 .text.xTaskGetSchedulerState
                0x00002e04       0x3c ./amazon-freertos/FreeRTOS/tasks.o
                0x00002e04                xTaskGetSchedulerState
 .text.xTaskPriorityInherit
                0x00002e40      0x10c ./amazon-freertos/FreeRTOS/tasks.o
                0x00002e40                xTaskPriorityInherit
 .text.xTaskPriorityDisinherit
                0x00002f4c      0x108 ./amazon-freertos/FreeRTOS/tasks.o
                0x00002f4c                xTaskPriorityDisinherit
 .text.vTaskPriorityDisinheritAfterTimeout
                0x00003054      0x13c ./amazon-freertos/FreeRTOS/tasks.o
                0x00003054                vTaskPriorityDisinheritAfterTimeout
 .text.pvTaskIncrementMutexHeldCount
                0x00003190       0x28 ./amazon-freertos/FreeRTOS/tasks.o
                0x00003190                pvTaskIncrementMutexHeldCount
 .text.prvAddCurrentTaskToDelayedList
                0x000031b8       0xcc ./amazon-freertos/FreeRTOS/tasks.o
 .text.xTimerCreateTimerTask
                0x00003284       0x60 ./amazon-freertos/FreeRTOS/timers.o
                0x00003284                xTimerCreateTimerTask
 .text.xTimerGenericCommand
                0x000032e4       0x98 ./amazon-freertos/FreeRTOS/timers.o
                0x000032e4                xTimerGenericCommand
 .text.prvProcessExpiredTimer
                0x0000337c       0x80 ./amazon-freertos/FreeRTOS/timers.o
 .text.prvProcessTimerOrBlockTask
                0x000033fc       0x9c ./amazon-freertos/FreeRTOS/timers.o
 .text.prvGetNextExpireTime
                0x00003498       0x48 ./amazon-freertos/FreeRTOS/timers.o
 .text.prvSampleTimeNow
                0x000034e0       0x40 ./amazon-freertos/FreeRTOS/timers.o
 .text.prvInsertTimerInActiveList
                0x00003520       0x84 ./amazon-freertos/FreeRTOS/timers.o
 .text.prvProcessReceivedCommands
                0x000035a4      0x154 ./amazon-freertos/FreeRTOS/timers.o
 .text.prvSwitchTimerLists
                0x000036f8       0xc0 ./amazon-freertos/FreeRTOS/timers.o
 .text.prvCheckForValidListAndQueue
                0x000037b8       0x6c ./amazon-freertos/FreeRTOS/timers.o
 .text.SystemInit
                0x00003824       0x3c ./CMSIS/system_MK64F12.o
                0x00003824                SystemInit
 .text.__assertion_failed
                0x00003860       0x4c c:/nxp/mcuxpressoide_10.2.0_759/ide/tools/bin/../lib/gcc/arm-none-eabi/7.2.1/../../../../arm-none-eabi/lib/thumb/v7e-m/fpv4-sp/hard\libcr_semihost_nf.a(_cr_assert.o)
                0x00003860                __assertion_failed
 .text.__sys_appexit
                0x000038ac        0xc c:/nxp/mcuxpressoide_10.2.0_759/ide/tools/bin/../lib/gcc/arm-none-eabi/7.2.1/../../../../arm-none-eabi/lib/thumb/v7e-m/fpv4-sp/hard\libcr_semihost_nf.a(__sys_appexit.o)
                0x000038ac                __sys_appexit
                0x000038ac                __exit
 .text._Cwritebuf
                0x000038b8       0x6c c:/nxp/mcuxpressoide_10.2.0_759/ide/tools/bin/../lib/gcc/arm-none-eabi/7.2.1/../../../../arm-none-eabi/lib/thumb/v7e-m/fpv4-sp/hard\libcr_c.a(_writebuf.o)
                0x000038b8                _Cwritebuf
 .text.malloc   0x00003924       0xc8 c:/nxp/mcuxpressoide_10.2.0_759/ide/tools/bin/../lib/gcc/arm-none-eabi/7.2.1/../../../../arm-none-eabi/lib/thumb/v7e-m/fpv4-sp/hard\libcr_c.a(alloc.o)
                0x00003924                malloc
 .text._Csys_alloc
                0x000039ec       0x20 c:/nxp/mcuxpressoide_10.2.0_759/ide/tools/bin/../lib/gcc/arm-none-eabi/7.2.1/../../../../arm-none-eabi/lib/thumb/v7e-m/fpv4-sp/hard\libcr_c.a(alloc.o)
                0x000039ec                _Csys_alloc
 .text.fseek    0x00003a0c      0x100 c:/nxp/mcuxpressoide_10.2.0_759/ide/tools/bin/../lib/gcc/arm-none-eabi/7.2.1/../../../../arm-none-eabi/lib/thumb/v7e-m/fpv4-sp/hard\libcr_c.a(fseek.o)
                0x00003a0c                fseek
 .text.ftell    0x00003b0c       0x44 c:/nxp/mcuxpressoide_10.2.0_759/ide/tools/bin/../lib/gcc/arm-none-eabi/7.2.1/../../../../arm-none-eabi/lib/thumb/v7e-m/fpv4-sp/hard\libcr_c.a(ftell.o)
                0x00003b0c                ftell
 .text._initio  0x00003b50       0x78 c:/nxp/mcuxpressoide_10.2.0_759/ide/tools/bin/../lib/gcc/arm-none-eabi/7.2.1/../../../../arm-none-eabi/lib/thumb/v7e-m/fpv4-sp/hard\libcr_c.a(initio.o)
                0x00003b50                _initio
 .text.__vfprintf
                0x00003bc8      0xb98 c:/nxp/mcuxpressoide_10.2.0_759/ide/tools/bin/../lib/gcc/arm-none-eabi/7.2.1/../../../../arm-none-eabi/lib/thumb/v7e-m/fpv4-sp/hard\libcr_c.a(printf.o)
                0x00003bc8                __vfprintf
 .text._vsnprintf
                0x00004760       0x5c c:/nxp/mcuxpressoide_10.2.0_759/ide/tools/bin/../lib/gcc/arm-none-eabi/7.2.1/../../../../arm-none-eabi/lib/thumb/v7e-m/fpv4-sp/hard\libcr_c.a(printf.o)
                0x00004760                _vsnprintf
 .text._printf  0x000047bc       0x54 c:/nxp/mcuxpressoide_10.2.0_759/ide/tools/bin/../lib/gcc/arm-none-eabi/7.2.1/../../../../arm-none-eabi/lib/thumb/v7e-m/fpv4-sp/hard\libcr_c.a(printf.o)
                0x000047bc                _printf
 .text.setvbuf  0x00004810       0x40 c:/nxp/mcuxpressoide_10.2.0_759/ide/tools/bin/../lib/gcc/arm-none-eabi/7.2.1/../../../../arm-none-eabi/lib/thumb/v7e-m/fpv4-sp/hard\libcr_c.a(setvbuf.o)
                0x00004810                setvbuf
 .text._sbrk    0x00004850       0x3c c:/nxp/mcuxpressoide_10.2.0_759/ide/tools/bin/../lib/gcc/arm-none-eabi/7.2.1/../../../../arm-none-eabi/lib/thumb/v7e-m/fpv4-sp/hard\libcr_c.a(_cr_sbrk.o)
                0x00004850                _sbrk
 .text.fflush   0x0000488c       0x44 c:/nxp/mcuxpressoide_10.2.0_759/ide/tools/bin/../lib/gcc/arm-none-eabi/7.2.1/../../../../arm-none-eabi/lib/thumb/v7e-m/fpv4-sp/hard\libcr_c.a(fflush.o)
                0x0000488c                fflush
 .text.__check_heap_overflow
                0x000048d0       0x18 c:/nxp/mcuxpressoide_10.2.0_759/ide/tools/bin/../lib/gcc/arm-none-eabi/7.2.1/../../../../arm-none-eabi/lib/thumb/v7e-m/fpv4-sp/hard\libcr_c.a(_cr_check_heap.o)
                0x000048d0                __check_heap_overflow
 .text.UART_EnableTx
                0x000048e8       0x40 ./utilities/fsl_io.o
 .text.UART_EnableRx
                0x00004928       0x40 ./utilities/fsl_io.o
 .text.LOG_Init
                0x00004968       0x30 ./utilities/fsl_log.o
                0x00004968                LOG_Init
 .text.DMA0_IRQHandler
                0x00004998        0x8 ./startup/startup_mk64f12.o
                0x00004998                DMA0_IRQHandler
 .text.DMA1_IRQHandler
                0x000049a0        0x8 ./startup/startup_mk64f12.o
                0x000049a0                DMA1_IRQHandler
 .text.DMA2_IRQHandler
                0x000049a8        0x8 ./startup/startup_mk64f12.o
                0x000049a8                DMA2_IRQHandler
 .text.DMA3_IRQHandler
                0x000049b0        0x8 ./startup/startup_mk64f12.o
                0x000049b0                DMA3_IRQHandler
 .text.DMA4_IRQHandler
                0x000049b8        0x8 ./startup/startup_mk64f12.o
                0x000049b8                DMA4_IRQHandler
 .text.DMA5_IRQHandler
                0x000049c0        0x8 ./startup/startup_mk64f12.o
                0x000049c0                DMA5_IRQHandler
 .text.DMA6_IRQHandler
                0x000049c8        0x8 ./startup/startup_mk64f12.o
                0x000049c8                DMA6_IRQHandler
 .text.DMA7_IRQHandler
                0x000049d0        0x8 ./startup/startup_mk64f12.o
                0x000049d0                DMA7_IRQHandler
 .text.DMA8_IRQHandler
                0x000049d8        0x8 ./startup/startup_mk64f12.o
                0x000049d8                DMA8_IRQHandler
 .text.DMA9_IRQHandler
                0x000049e0        0x8 ./startup/startup_mk64f12.o
                0x000049e0                DMA9_IRQHandler
 .text.DMA10_IRQHandler
                0x000049e8        0x8 ./startup/startup_mk64f12.o
                0x000049e8                DMA10_IRQHandler
 .text.DMA11_IRQHandler
                0x000049f0        0x8 ./startup/startup_mk64f12.o
                0x000049f0                DMA11_IRQHandler
 .text.DMA12_IRQHandler
                0x000049f8        0x8 ./startup/startup_mk64f12.o
                0x000049f8                DMA12_IRQHandler
 .text.DMA13_IRQHandler
                0x00004a00        0x8 ./startup/startup_mk64f12.o
                0x00004a00                DMA13_IRQHandler
 .text.DMA14_IRQHandler
                0x00004a08        0x8 ./startup/startup_mk64f12.o
                0x00004a08                DMA14_IRQHandler
 .text.DMA15_IRQHandler
                0x00004a10        0x8 ./startup/startup_mk64f12.o
                0x00004a10                DMA15_IRQHandler
 .text.DMA_Error_IRQHandler
                0x00004a18        0x8 ./startup/startup_mk64f12.o
                0x00004a18                DMA_Error_IRQHandler
 .text.MCM_IRQHandler
                0x00004a20        0x8 ./startup/startup_mk64f12.o
                0x00004a20                MCM_IRQHandler
 .text.FTFE_IRQHandler
                0x00004a28        0x8 ./startup/startup_mk64f12.o
                0x00004a28                FTFE_IRQHandler
 .text.Read_Collision_IRQHandler
                0x00004a30        0x8 ./startup/startup_mk64f12.o
                0x00004a30                Read_Collision_IRQHandler
 .text.LVD_LVW_IRQHandler
                0x00004a38        0x8 ./startup/startup_mk64f12.o
                0x00004a38                LVD_LVW_IRQHandler
 .text.LLWU_IRQHandler
                0x00004a40        0x8 ./startup/startup_mk64f12.o
                0x00004a40                LLWU_IRQHandler
 .text.WDOG_EWM_IRQHandler
                0x00004a48        0x8 ./startup/startup_mk64f12.o
                0x00004a48                WDOG_EWM_IRQHandler
 .text.RNG_IRQHandler
                0x00004a50        0x8 ./startup/startup_mk64f12.o
                0x00004a50                RNG_IRQHandler
 .text.I2C0_IRQHandler
                0x00004a58        0x8 ./startup/startup_mk64f12.o
                0x00004a58                I2C0_IRQHandler
 .text.I2C1_IRQHandler
                0x00004a60        0x8 ./startup/startup_mk64f12.o
                0x00004a60                I2C1_IRQHandler
 .text.SPI0_IRQHandler
                0x00004a68        0x8 ./startup/startup_mk64f12.o
                0x00004a68                SPI0_IRQHandler
 .text.SPI1_IRQHandler
                0x00004a70        0x8 ./startup/startup_mk64f12.o
                0x00004a70                SPI1_IRQHandler
 .text.I2S0_Tx_IRQHandler
                0x00004a78        0x8 ./startup/startup_mk64f12.o
                0x00004a78                I2S0_Tx_IRQHandler
 .text.I2S0_Rx_IRQHandler
                0x00004a80        0x8 ./startup/startup_mk64f12.o
                0x00004a80                I2S0_Rx_IRQHandler
 .text.UART0_LON_IRQHandler
                0x00004a88        0x8 ./startup/startup_mk64f12.o
                0x00004a88                UART0_LON_IRQHandler
 .text.UART0_RX_TX_IRQHandler
                0x00004a90        0x8 ./startup/startup_mk64f12.o
                0x00004a90                UART0_RX_TX_IRQHandler
 .text.UART0_ERR_IRQHandler
                0x00004a98        0x8 ./startup/startup_mk64f12.o
                0x00004a98                UART0_ERR_IRQHandler
 .text.UART1_RX_TX_IRQHandler
                0x00004aa0        0x8 ./startup/startup_mk64f12.o
                0x00004aa0                UART1_RX_TX_IRQHandler
 .text.UART1_ERR_IRQHandler
                0x00004aa8        0x8 ./startup/startup_mk64f12.o
                0x00004aa8                UART1_ERR_IRQHandler
 .text.UART2_RX_TX_IRQHandler
                0x00004ab0        0x8 ./startup/startup_mk64f12.o
                0x00004ab0                UART2_RX_TX_IRQHandler
 .text.UART2_ERR_IRQHandler
                0x00004ab8        0x8 ./startup/startup_mk64f12.o
                0x00004ab8                UART2_ERR_IRQHandler
 .text.UART3_RX_TX_IRQHandler
                0x00004ac0        0x8 ./startup/startup_mk64f12.o
                0x00004ac0                UART3_RX_TX_IRQHandler
 .text.UART3_ERR_IRQHandler
                0x00004ac8        0x8 ./startup/startup_mk64f12.o
                0x00004ac8                UART3_ERR_IRQHandler
 .text.ADC0_IRQHandler
                0x00004ad0        0x8 ./startup/startup_mk64f12.o
                0x00004ad0                ADC0_IRQHandler
 .text.CMP0_IRQHandler
                0x00004ad8        0x8 ./startup/startup_mk64f12.o
                0x00004ad8                CMP0_IRQHandler
 .text.CMP1_IRQHandler
                0x00004ae0        0x8 ./startup/startup_mk64f12.o
                0x00004ae0                CMP1_IRQHandler
 .text.FTM0_IRQHandler
                0x00004ae8        0x8 ./startup/startup_mk64f12.o
                0x00004ae8                FTM0_IRQHandler
 .text.FTM1_IRQHandler
                0x00004af0        0x8 ./startup/startup_mk64f12.o
                0x00004af0                FTM1_IRQHandler
 .text.FTM2_IRQHandler
                0x00004af8        0x8 ./startup/startup_mk64f12.o
                0x00004af8                FTM2_IRQHandler
 .text.CMT_IRQHandler
                0x00004b00        0x8 ./startup/startup_mk64f12.o
                0x00004b00                CMT_IRQHandler
 .text.RTC_IRQHandler
                0x00004b08        0x8 ./startup/startup_mk64f12.o
                0x00004b08                RTC_IRQHandler
 .text.RTC_Seconds_IRQHandler
                0x00004b10        0x8 ./startup/startup_mk64f12.o
                0x00004b10                RTC_Seconds_IRQHandler
 .text.PIT0_IRQHandler
                0x00004b18        0x8 ./startup/startup_mk64f12.o
                0x00004b18                PIT0_IRQHandler
 .text.PIT1_IRQHandler
                0x00004b20        0x8 ./startup/startup_mk64f12.o
                0x00004b20                PIT1_IRQHandler
 .text.PIT2_IRQHandler
                0x00004b28        0x8 ./startup/startup_mk64f12.o
                0x00004b28                PIT2_IRQHandler
 .text.PIT3_IRQHandler
                0x00004b30        0x8 ./startup/startup_mk64f12.o
                0x00004b30                PIT3_IRQHandler
 .text.PDB0_IRQHandler
                0x00004b38        0x8 ./startup/startup_mk64f12.o
                0x00004b38                PDB0_IRQHandler
 .text.USB0_IRQHandler
                0x00004b40        0x8 ./startup/startup_mk64f12.o
                0x00004b40                USB0_IRQHandler
 .text.USBDCD_IRQHandler
                0x00004b48        0x8 ./startup/startup_mk64f12.o
                0x00004b48                USBDCD_IRQHandler
 .text.Reserved71_IRQHandler
                0x00004b50        0x8 ./startup/startup_mk64f12.o
                0x00004b50                Reserved71_IRQHandler
 .text.DAC0_IRQHandler
                0x00004b58        0x8 ./startup/startup_mk64f12.o
                0x00004b58                DAC0_IRQHandler
 .text.MCG_IRQHandler
                0x00004b60        0x8 ./startup/startup_mk64f12.o
                0x00004b60                MCG_IRQHandler
 .text.LPTMR0_IRQHandler
                0x00004b68        0x8 ./startup/startup_mk64f12.o
                0x00004b68                LPTMR0_IRQHandler
 .text.PORTA_IRQHandler
                0x00004b70        0x8 ./startup/startup_mk64f12.o
                0x00004b70                PORTA_IRQHandler
 .text.PORTB_IRQHandler
                0x00004b78        0x8 ./startup/startup_mk64f12.o
                0x00004b78                PORTB_IRQHandler
 .text.PORTC_IRQHandler
                0x00004b80        0x8 ./startup/startup_mk64f12.o
                0x00004b80                PORTC_IRQHandler
 .text.PORTD_IRQHandler
                0x00004b88        0x8 ./startup/startup_mk64f12.o
                0x00004b88                PORTD_IRQHandler
 .text.PORTE_IRQHandler
                0x00004b90        0x8 ./startup/startup_mk64f12.o
                0x00004b90                PORTE_IRQHandler
 .text.SWI_IRQHandler
                0x00004b98        0x8 ./startup/startup_mk64f12.o
                0x00004b98                SWI_IRQHandler
 .text.SPI2_IRQHandler
                0x00004ba0        0x8 ./startup/startup_mk64f12.o
                0x00004ba0                SPI2_IRQHandler
 .text.UART4_RX_TX_IRQHandler
                0x00004ba8        0x8 ./startup/startup_mk64f12.o
                0x00004ba8                UART4_RX_TX_IRQHandler
 .text.UART4_ERR_IRQHandler
                0x00004bb0        0x8 ./startup/startup_mk64f12.o
                0x00004bb0                UART4_ERR_IRQHandler
 .text.UART5_RX_TX_IRQHandler
                0x00004bb8        0x8 ./startup/startup_mk64f12.o
                0x00004bb8                UART5_RX_TX_IRQHandler
 .text.UART5_ERR_IRQHandler
                0x00004bc0        0x8 ./startup/startup_mk64f12.o
                0x00004bc0                UART5_ERR_IRQHandler
 .text.CMP2_IRQHandler
                0x00004bc8        0x8 ./startup/startup_mk64f12.o
                0x00004bc8                CMP2_IRQHandler
 .text.FTM3_IRQHandler
                0x00004bd0        0x8 ./startup/startup_mk64f12.o
                0x00004bd0                FTM3_IRQHandler
 .text.DAC1_IRQHandler
                0x00004bd8        0x8 ./startup/startup_mk64f12.o
                0x00004bd8                DAC1_IRQHandler
 .text.ADC1_IRQHandler
                0x00004be0        0x8 ./startup/startup_mk64f12.o
                0x00004be0                ADC1_IRQHandler
 .text.I2C2_IRQHandler
                0x00004be8        0x8 ./startup/startup_mk64f12.o
                0x00004be8                I2C2_IRQHandler
 .text.CAN0_ORed_Message_buffer_IRQHandler
                0x00004bf0        0x8 ./startup/startup_mk64f12.o
                0x00004bf0                CAN0_ORed_Message_buffer_IRQHandler
 .text.CAN0_Bus_Off_IRQHandler
                0x00004bf8        0x8 ./startup/startup_mk64f12.o
                0x00004bf8                CAN0_Bus_Off_IRQHandler
 .text.CAN0_Error_IRQHandler
                0x00004c00        0x8 ./startup/startup_mk64f12.o
                0x00004c00                CAN0_Error_IRQHandler
 .text.CAN0_Tx_Warning_IRQHandler
                0x00004c08        0x8 ./startup/startup_mk64f12.o
                0x00004c08                CAN0_Tx_Warning_IRQHandler
 .text.CAN0_Rx_Warning_IRQHandler
                0x00004c10        0x8 ./startup/startup_mk64f12.o
                0x00004c10                CAN0_Rx_Warning_IRQHandler
 .text.CAN0_Wake_Up_IRQHandler
                0x00004c18        0x8 ./startup/startup_mk64f12.o
                0x00004c18                CAN0_Wake_Up_IRQHandler
 .text.SDHC_IRQHandler
                0x00004c20        0x8 ./startup/startup_mk64f12.o
                0x00004c20                SDHC_IRQHandler
 .text.ENET_1588_Timer_IRQHandler
                0x00004c28        0x8 ./startup/startup_mk64f12.o
                0x00004c28                ENET_1588_Timer_IRQHandler
 .text.ENET_Transmit_IRQHandler
                0x00004c30        0x8 ./startup/startup_mk64f12.o
                0x00004c30                ENET_Transmit_IRQHandler
 .text.ENET_Receive_IRQHandler
                0x00004c38        0x8 ./startup/startup_mk64f12.o
                0x00004c38                ENET_Receive_IRQHandler
 .text.ENET_Error_IRQHandler
                0x00004c40        0x8 ./startup/startup_mk64f12.o
                0x00004c40                ENET_Error_IRQHandler
 .text.HardFault_Handler
                0x00004c48       0x2c ./source/semihost_hardfault.o
                0x00004c48                HardFault_Handler
 .text.OSC_SetExtRefClkConfig
                0x00004c74       0x34 ./drivers/fsl_clock.o
 .text.OSC_SetCapLoad
                0x00004ca8       0x34 ./drivers/fsl_clock.o
 .text.CLOCK_GetPll0RefFreq
                0x00004cdc        0xe ./drivers/fsl_clock.o
 .text.CLOCK_EnableClock
                0x00004cea       0x34 ./drivers/fsl_uart.o
 .text.UART0_RX_TX_DriverIRQHandler
                0x00004d1e       0x10 ./drivers/fsl_uart.o
                0x00004d1e                UART0_RX_TX_DriverIRQHandler
 .text.UART1_RX_TX_DriverIRQHandler
                0x00004d2e       0x10 ./drivers/fsl_uart.o
                0x00004d2e                UART1_RX_TX_DriverIRQHandler
 .text.UART2_RX_TX_DriverIRQHandler
                0x00004d3e       0x10 ./drivers/fsl_uart.o
                0x00004d3e                UART2_RX_TX_DriverIRQHandler
 .text.UART3_RX_TX_DriverIRQHandler
                0x00004d4e       0x10 ./drivers/fsl_uart.o
                0x00004d4e                UART3_RX_TX_DriverIRQHandler
 .text.UART4_RX_TX_DriverIRQHandler
                0x00004d5e       0x10 ./drivers/fsl_uart.o
                0x00004d5e                UART4_RX_TX_DriverIRQHandler
 .text.UART5_RX_TX_DriverIRQHandler
                0x00004d6e       0x10 ./drivers/fsl_uart.o
                0x00004d6e                UART5_RX_TX_DriverIRQHandler
 .text.CLOCK_EnableClock
                0x00004d7e       0x34 ./board/pin_mux.o
 .text.PORT_SetPinMux
                0x00004db2       0x3a ./board/pin_mux.o
 .text.vListInitialise
                0x00004dec       0x40 ./amazon-freertos/FreeRTOS/list.o
                0x00004dec                vListInitialise
 .text.vListInitialiseItem
                0x00004e2c       0x1a ./amazon-freertos/FreeRTOS/list.o
                0x00004e2c                vListInitialiseItem
 .text.vListInsertEnd
                0x00004e46       0x48 ./amazon-freertos/FreeRTOS/list.o
                0x00004e46                vListInsertEnd
 .text.vListInsert
                0x00004e8e       0x72 ./amazon-freertos/FreeRTOS/list.o
                0x00004e8e                vListInsert
 .text.uxListRemove
                0x00004f00       0x54 ./amazon-freertos/FreeRTOS/list.o
                0x00004f00                uxListRemove
 .text.xQueueGenericCreate
                0x00004f54       0x72 ./amazon-freertos/FreeRTOS/queue.o
                0x00004f54                xQueueGenericCreate
 .text.prvInitialiseNewQueue
                0x00004fc6       0x46 ./amazon-freertos/FreeRTOS/queue.o
 .text.prvInitialiseMutex
                0x0000500c       0x34 ./amazon-freertos/FreeRTOS/queue.o
 .text.xQueueCreateMutex
                0x00005040       0x30 ./amazon-freertos/FreeRTOS/queue.o
                0x00005040                xQueueCreateMutex
 .text.xQueueGenericSendFromISR
                0x00005070      0x128 ./amazon-freertos/FreeRTOS/queue.o
                0x00005070                xQueueGenericSendFromISR
 .text.prvGetDisinheritPriorityAfterTimeout
                0x00005198       0x30 ./amazon-freertos/FreeRTOS/queue.o
 .text.prvCopyDataToQueue
                0x000051c8       0xd4 ./amazon-freertos/FreeRTOS/queue.o
 .text.prvCopyDataFromQueue
                0x0000529c       0x4c ./amazon-freertos/FreeRTOS/queue.o
 .text.prvUnlockQueue
                0x000052e8       0xa4 ./amazon-freertos/FreeRTOS/queue.o
 .text.prvIsQueueEmpty
                0x0000538c       0x2c ./amazon-freertos/FreeRTOS/queue.o
 .text.prvIsQueueFull
                0x000053b8       0x30 ./amazon-freertos/FreeRTOS/queue.o
 .text.vQueueWaitForMessageRestricted
                0x000053e8       0x68 ./amazon-freertos/FreeRTOS/queue.o
                0x000053e8                vQueueWaitForMessageRestricted
 .text.xTaskCreate
                0x00005450       0x82 ./amazon-freertos/FreeRTOS/tasks.o
                0x00005450                xTaskCreate
 .text.prvInitialiseNewTask
                0x000054d2      0x132 ./amazon-freertos/FreeRTOS/tasks.o
 .text.prvDeleteTCB
                0x00005604       0x20 ./amazon-freertos/FreeRTOS/tasks.o
 .text.prvTimerTask
                0x00005624       0x24 ./amazon-freertos/FreeRTOS/timers.o
 .text.SystemInitHook
                0x00005648        0xe ./CMSIS/system_MK64F12.o
                0x00005648                SystemInitHook
 .text.__main   0x00005656        0xe c:/nxp/mcuxpressoide_10.2.0_759/ide/tools/bin/../lib/gcc/arm-none-eabi/7.2.1/../../../../arm-none-eabi/lib/thumb/v7e-m/fpv4-sp/hard\libcr_semihost_nf.a(_cr__main.o)
                0x00005656                __CR_SEMIHOST
                0x00005656                __main
 .text.memcpy   0x00005664        0x4 c:/nxp/mcuxpressoide_10.2.0_759/ide/tools/bin/../lib/gcc/arm-none-eabi/7.2.1/../../../../arm-none-eabi/lib/thumb/v7e-m/fpv4-sp/hard\libcr_c.a(memcpy.o)
                0x00005664                memcpy
 .text.memset   0x00005668        0x4 c:/nxp/mcuxpressoide_10.2.0_759/ide/tools/bin/../lib/gcc/arm-none-eabi/7.2.1/../../../../arm-none-eabi/lib/thumb/v7e-m/fpv4-sp/hard\libcr_c.a(memset.o)
                0x00005668                memset
 .text._deferredlazyseek
                0x0000566c       0x40 c:/nxp/mcuxpressoide_10.2.0_759/ide/tools/bin/../lib/gcc/arm-none-eabi/7.2.1/../../../../arm-none-eabi/lib/thumb/v7e-m/fpv4-sp/hard\libcr_c.a(_deferredlazyseek.o)
                0x0000566c                _deferredlazyseek
 .text.__flsbuf
                0x000056ac      0x140 c:/nxp/mcuxpressoide_10.2.0_759/ide/tools/bin/../lib/gcc/arm-none-eabi/7.2.1/../../../../arm-none-eabi/lib/thumb/v7e-m/fpv4-sp/hard\libcr_c.a(_deferredlazyseek.o)
                0x000056ac                __flsbuf
 .text._fflush  0x000057ec       0x52 c:/nxp/mcuxpressoide_10.2.0_759/ide/tools/bin/../lib/gcc/arm-none-eabi/7.2.1/../../../../arm-none-eabi/lib/thumb/v7e-m/fpv4-sp/hard\libcr_c.a(_fflush.o)
                0x000057ec                _fflush
 .text.free     0x0000583e       0x30 c:/nxp/mcuxpressoide_10.2.0_759/ide/tools/bin/../lib/gcc/arm-none-eabi/7.2.1/../../../../arm-none-eabi/lib/thumb/v7e-m/fpv4-sp/hard\libcr_c.a(alloc.o)
                0x0000583e                free
 .text.fputs    0x0000586e       0x2c c:/nxp/mcuxpressoide_10.2.0_759/ide/tools/bin/../lib/gcc/arm-none-eabi/7.2.1/../../../../arm-none-eabi/lib/thumb/v7e-m/fpv4-sp/hard\libcr_c.a(fputs.o)
                0x0000586e                fputs
 .text.no_fp_display
                0x0000589a        0x4 c:/nxp/mcuxpressoide_10.2.0_759/ide/tools/bin/../lib/gcc/arm-none-eabi/7.2.1/../../../../arm-none-eabi/lib/thumb/v7e-m/fpv4-sp/hard\libcr_c.a(printf.o)
 .text.strlen   0x0000589e       0x4a c:/nxp/mcuxpressoide_10.2.0_759/ide/tools/bin/../lib/gcc/arm-none-eabi/7.2.1/../../../../arm-none-eabi/lib/thumb/v7e-m/fpv4-sp/hard\libcr_c.a(strlen.o)
                0x0000589e                strlen
 .text._fdopen  0x000058e8       0x68 c:/nxp/mcuxpressoide_10.2.0_759/ide/tools/bin/../lib/gcc/arm-none-eabi/7.2.1/../../../../arm-none-eabi/lib/thumb/v7e-m/fpv4-sp/hard\libcr_c.a(_fdopen.o)
                0x000058e8                _fdopen
 .text.fclose   0x00005950       0x58 c:/nxp/mcuxpressoide_10.2.0_759/ide/tools/bin/../lib/gcc/arm-none-eabi/7.2.1/../../../../arm-none-eabi/lib/thumb/v7e-m/fpv4-sp/hard\libcr_c.a(fclose.o)
                0x00005950                fclose
 .text.remove   0x000059a8       0x14 c:/nxp/mcuxpressoide_10.2.0_759/ide/tools/bin/../lib/gcc/arm-none-eabi/7.2.1/../../../../arm-none-eabi/lib/thumb/v7e-m/fpv4-sp/hard\libcr_c.a(remove.o)
                0x000059a8                remove
 .text._do_fflush
                0x000059bc       0x40 c:/nxp/mcuxpressoide_10.2.0_759/ide/tools/bin/../lib/gcc/arm-none-eabi/7.2.1/../../../../arm-none-eabi/lib/thumb/v7e-m/fpv4-sp/hard\libcr_c.a(_do_fflush.o)
                0x000059bc                _do_fflush
 .text.__aeabi_memcpy
                0x000059fc       0x34 c:/nxp/mcuxpressoide_10.2.0_759/ide/tools/bin/../lib/gcc/arm-none-eabi/7.2.1/thumb/v7e-m/fpv4-sp/hard\libcr_eabihelpers.a(memcpy.o)
                0x000059fc                __aeabi_memcpy
                0x00005a06                __aeabi_memcpy8
                0x00005a06                __aeabi_memcpy4
 .text.__aeabi_memset_lowlevel
                0x00005a30       0x32 c:/nxp/mcuxpressoide_10.2.0_759/ide/tools/bin/../lib/gcc/arm-none-eabi/7.2.1/thumb/v7e-m/fpv4-sp/hard\libcr_eabihelpers.a(memcpy.o)
                0x00005a30                __aeabi_lowlevel_memset
 .text.__sys_close
                0x00005a62        0xc c:/nxp/mcuxpressoide_10.2.0_759/ide/tools/bin/../lib/gcc/arm-none-eabi/7.2.1/../../../../arm-none-eabi/lib/thumb/v7e-m/fpv4-sp/hard\libcr_semihost_nf.a(__sys_close.o)
                0x00005a62                __sys_close
 .text.__sys_flen
                0x00005a6e        0xc c:/nxp/mcuxpressoide_10.2.0_759/ide/tools/bin/../lib/gcc/arm-none-eabi/7.2.1/../../../../arm-none-eabi/lib/thumb/v7e-m/fpv4-sp/hard\libcr_semihost_nf.a(__sys_flen.o)
                0x00005a6e                __sys_flen
 .text.__sys_istty
                0x00005a7a        0xc c:/nxp/mcuxpressoide_10.2.0_759/ide/tools/bin/../lib/gcc/arm-none-eabi/7.2.1/../../../../arm-none-eabi/lib/thumb/v7e-m/fpv4-sp/hard\libcr_semihost_nf.a(__sys_istty.o)
                0x00005a7a                __sys_istty
 .text.__sys_remove
                0x00005a86        0xc c:/nxp/mcuxpressoide_10.2.0_759/ide/tools/bin/../lib/gcc/arm-none-eabi/7.2.1/../../../../arm-none-eabi/lib/thumb/v7e-m/fpv4-sp/hard\libcr_semihost_nf.a(__sys_remove.o)
                0x00005a86                __sys_remove
 .text.__sys_seek
                0x00005a92        0xc c:/nxp/mcuxpressoide_10.2.0_759/ide/tools/bin/../lib/gcc/arm-none-eabi/7.2.1/../../../../arm-none-eabi/lib/thumb/v7e-m/fpv4-sp/hard\libcr_semihost_nf.a(__sys_seek.o)
                0x00005a92                __sys_seek
 .text.__sys_tmpnam
                0x00005a9e        0xc c:/nxp/mcuxpressoide_10.2.0_759/ide/tools/bin/../lib/gcc/arm-none-eabi/7.2.1/../../../../arm-none-eabi/lib/thumb/v7e-m/fpv4-sp/hard\libcr_semihost_nf.a(__sys_tmpnam.o)
                0x00005a9e                __sys_tmpnam
 .text.__sys_write
                0x00005aaa        0xc c:/nxp/mcuxpressoide_10.2.0_759/ide/tools/bin/../lib/gcc/arm-none-eabi/7.2.1/../../../../arm-none-eabi/lib/thumb/v7e-m/fpv4-sp/hard\libcr_semihost_nf.a(__sys_write.o)
                0x00005aaa                __sys_write
 *(SORT_BY_ALIGNMENT(.rodata) SORT_BY_ALIGNMENT(.rodata.*) SORT_BY_ALIGNMENT(.constdata) SORT_BY_ALIGNMENT(.constdata.*))
 *fill*         0x00005ab6        0x2 ff
 .rodata        0x00005ab8       0x50 ./utilities/fsl_debug_console.o
 .rodata        0x00005b08       0x27 ./utilities/fsl_io.o
 *fill*         0x00005b2f        0x1 ff
 .rodata        0x00005b30       0x7f ./source/freertos_mutex.o
 *fill*         0x00005baf        0x1 ff
 .rodata        0x00005bb0      0x149 ./drivers/fsl_clock.o
 *fill*         0x00005cf9        0x3 ff
 .rodata.fllFactorTable.7747
                0x00005cfc       0x10 ./drivers/fsl_clock.o
 .rodata.s_uartBases
                0x00005d0c       0x18 ./drivers/fsl_uart.o
 .rodata.s_uartClock
                0x00005d24       0x18 ./drivers/fsl_uart.o
 .rodata        0x00005d3c      0x513 ./drivers/fsl_uart.o
 *fill*         0x0000624f        0x1 ff
 .rodata.mcgConfig_BOARD_BootClockRUN
                0x00006250        0xb ./board/src/clock_config.o
                0x00006250                mcgConfig_BOARD_BootClockRUN
 *fill*         0x0000625b        0x1 ff
 .rodata.simConfig_BOARD_BootClockRUN
                0x0000625c        0x8 ./board/src/clock_config.o
                0x0000625c                simConfig_BOARD_BootClockRUN
 .rodata.oscConfig_BOARD_BootClockRUN
                0x00006264        0x8 ./board/src/clock_config.o
                0x00006264                oscConfig_BOARD_BootClockRUN
 .rodata        0x0000626c       0x18 ./amazon-freertos/FreeRTOS/tasks.o
                0x00006274                FreeRTOSDebugConfig
 .rodata        0x00006284        0xd ./amazon-freertos/FreeRTOS/timers.o
 *fill*         0x00006291        0x3 ff
 .rodata.__num_Ciob_streams
                0x00006294        0x4 c:/nxp/mcuxpressoide_10.2.0_759/ide/tools/bin/../lib/gcc/arm-none-eabi/7.2.1/../../../../arm-none-eabi/lib/thumb/v7e-m/fpv4-sp/hard\libcr_semihost_nf.a(__ciob.o)
                0x00006294                __num_Ciob_streams
 .rodata.__assertion_failed.str1.1
                0x00006298       0x15 c:/nxp/mcuxpressoide_10.2.0_759/ide/tools/bin/../lib/gcc/arm-none-eabi/7.2.1/../../../../arm-none-eabi/lib/thumb/v7e-m/fpv4-sp/hard\libcr_semihost_nf.a(_cr_assert.o)
 .rodata._Csys_alloc.str1.1
                0x000062ad       0x18 c:/nxp/mcuxpressoide_10.2.0_759/ide/tools/bin/../lib/gcc/arm-none-eabi/7.2.1/../../../../arm-none-eabi/lib/thumb/v7e-m/fpv4-sp/hard\libcr_c.a(alloc.o)
 .rodata._initio.str1.1
                0x000062c5        0x4 c:/nxp/mcuxpressoide_10.2.0_759/ide/tools/bin/../lib/gcc/arm-none-eabi/7.2.1/../../../../arm-none-eabi/lib/thumb/v7e-m/fpv4-sp/hard\libcr_c.a(initio.o)
 .rodata.__vfprintf.str1.1
                0x000062c9       0x35 c:/nxp/mcuxpressoide_10.2.0_759/ide/tools/bin/../lib/gcc/arm-none-eabi/7.2.1/../../../../arm-none-eabi/lib/thumb/v7e-m/fpv4-sp/hard\libcr_c.a(printf.o)
                                 0x38 (size before relaxing)
                0x00006300                . = ALIGN (0x8)
 *fill*         0x000062fe        0x2 ff

.glue_7         0x00006300        0x0
 .glue_7        0x00006300        0x0 linker stubs

.glue_7t        0x00006300        0x0
 .glue_7t       0x00006300        0x0 linker stubs

.vfp11_veneer   0x00006300        0x0
 .vfp11_veneer  0x00006300        0x0 linker stubs

.v4_bx          0x00006300        0x0
 .v4_bx         0x00006300        0x0 linker stubs

.iplt           0x00006300        0x0
 .iplt          0x00006300        0x0 ./utilities/fsl_debug_console.o

.rel.dyn        0x00006300        0x0
 .rel.iplt      0x00006300        0x0 ./utilities/fsl_debug_console.o

.ARM.extab
 *(SORT_BY_ALIGNMENT(.ARM.extab*) SORT_BY_ALIGNMENT(.gnu.linkonce.armextab.*))
                0x00006300                __exidx_start = .

.ARM.exidx
 *(SORT_BY_ALIGNMENT(.ARM.exidx*) SORT_BY_ALIGNMENT(.gnu.linkonce.armexidx.*))
                0x00006300                __exidx_end = .
                0x00006300                _etext = .

.m_usb_data
 *(SORT_BY_ALIGNMENT(m_usb_bdt))

.data_RAM2      0x1fff0000        0x0 load address 0x00006300
 FILL mask 0xff
                [!provide]                PROVIDE (__start_data_RAM2, .)
 *(SORT_BY_ALIGNMENT(.ramfunc.$RAM2))
 *(SORT_BY_ALIGNMENT(.ramfunc.$SRAM_LOWER))
 *(SORT_BY_ALIGNMENT(.data.$RAM2*))
 *(SORT_BY_ALIGNMENT(.data.$SRAM_LOWER*))
                0x1fff0000                . = ALIGN (0x8)
                [!provide]                PROVIDE (__end_data_RAM2, .)

.data_RAM3      0x14000000        0x0 load address 0x00006300
 FILL mask 0xff
                [!provide]                PROVIDE (__start_data_RAM3, .)
 *(SORT_BY_ALIGNMENT(.ramfunc.$RAM3))
 *(SORT_BY_ALIGNMENT(.ramfunc.$FLEX_RAM))
 *(SORT_BY_ALIGNMENT(.data.$RAM3*))
 *(SORT_BY_ALIGNMENT(.data.$FLEX_RAM*))
                0x14000000                . = ALIGN (0x8)
                [!provide]                PROVIDE (__end_data_RAM3, .)

.uninit_RESERVED
                0x20000000        0x0
 *(SORT_BY_ALIGNMENT(.bss.$RESERVED*))
                0x20000000                . = ALIGN (0x4)
                0x20000000                _end_uninit_RESERVED = .

.data           0x20000000       0x10 load address 0x00006300
 FILL mask 0xff
                0x20000000                _data = .
 *(SORT_BY_ALIGNMENT(vtable))
 *(SORT_BY_ALIGNMENT(.ramfunc*))
 *(SORT_BY_ALIGNMENT(.data*))
 .data.s_slowIrcFreq
                0x20000000        0x4 ./drivers/fsl_clock.o
 .data.s_fastIrcFreq
                0x20000004        0x4 ./drivers/fsl_clock.o
 .data.uxCriticalNesting
                0x20000008        0x4 ./amazon-freertos/FreeRTOS/portable/port.o
 .data.SystemCoreClock
                0x2000000c        0x4 ./CMSIS/system_MK64F12.o
                0x2000000c                SystemCoreClock
                0x20000010                . = ALIGN (0x8)
                0x20000010                _edata = .

.igot.plt       0x20000010        0x0 load address 0x00006310
 .igot.plt      0x20000010        0x0 ./utilities/fsl_debug_console.o

.bss_RAM2       0x1fff0000        0x0
                [!provide]                PROVIDE (__start_bss_RAM2, .)
 *(SORT_BY_ALIGNMENT(.bss.$RAM2*))
 *(SORT_BY_ALIGNMENT(.bss.$SRAM_LOWER*))
                0x1fff0000                . = ALIGN ((. != 0x0)?0x8:0x1)
                [!provide]                PROVIDE (__end_bss_RAM2, .)

.bss_RAM3       0x14000000        0x0
                [!provide]                PROVIDE (__start_bss_RAM3, .)
 *(SORT_BY_ALIGNMENT(.bss.$RAM3*))
 *(SORT_BY_ALIGNMENT(.bss.$FLEX_RAM*))
                0x14000000                . = ALIGN ((. != 0x0)?0x8:0x1)
                [!provide]                PROVIDE (__end_bss_RAM3, .)

.bss            0x20000010     0x2a90
                0x20000010                _bss = .
 *(SORT_BY_ALIGNMENT(.bss*))
 .bss.s_debugConsoleIO
                0x20000010        0x8 ./utilities/fsl_io.o
 .bss.xMutex    0x20000018        0x4 ./source/freertos_mutex.o
                0x20000018                xMutex
 .bss.g_xtal0Freq
                0x2000001c        0x4 ./drivers/fsl_clock.o
                0x2000001c                g_xtal0Freq
 .bss.g_xtal32Freq
                0x20000020        0x4 ./drivers/fsl_clock.o
                0x20000020                g_xtal32Freq
 .bss.s_uartHandle
                0x20000024       0x18 ./drivers/fsl_uart.o
 .bss.s_uartIsr
                0x2000003c        0x4 ./drivers/fsl_uart.o
 .bss.ucHeap    0x20000040     0x2800 ./amazon-freertos/FreeRTOS/portable/heap_4.o
 .bss.xStart    0x20002840        0x8 ./amazon-freertos/FreeRTOS/portable/heap_4.o
 .bss.pxEnd     0x20002848        0x4 ./amazon-freertos/FreeRTOS/portable/heap_4.o
 .bss.xFreeBytesRemaining
                0x2000284c        0x4 ./amazon-freertos/FreeRTOS/portable/heap_4.o
 .bss.xMinimumEverFreeBytesRemaining
                0x20002850        0x4 ./amazon-freertos/FreeRTOS/portable/heap_4.o
 .bss.xBlockAllocatedBit
                0x20002854        0x4 ./amazon-freertos/FreeRTOS/portable/heap_4.o
 .bss.ulMaxPRIGROUPValue
                0x20002858        0x4 ./amazon-freertos/FreeRTOS/portable/port.o
 .bss.xQueueRegistry
                0x2000285c       0x40 ./amazon-freertos/FreeRTOS/queue.o
                0x2000285c                xQueueRegistry
 .bss.pxCurrentTCB
                0x2000289c        0x4 ./amazon-freertos/FreeRTOS/tasks.o
                0x2000289c                pxCurrentTCB
 .bss.pxReadyTasksLists
                0x200028a0       0x64 ./amazon-freertos/FreeRTOS/tasks.o
 .bss.xDelayedTaskList1
                0x20002904       0x14 ./amazon-freertos/FreeRTOS/tasks.o
 .bss.xDelayedTaskList2
                0x20002918       0x14 ./amazon-freertos/FreeRTOS/tasks.o
 .bss.pxDelayedTaskList
                0x2000292c        0x4 ./amazon-freertos/FreeRTOS/tasks.o
 .bss.pxOverflowDelayedTaskList
                0x20002930        0x4 ./amazon-freertos/FreeRTOS/tasks.o
 .bss.xPendingReadyList
                0x20002934       0x14 ./amazon-freertos/FreeRTOS/tasks.o
 .bss.xTasksWaitingTermination
                0x20002948       0x14 ./amazon-freertos/FreeRTOS/tasks.o
 .bss.uxDeletedTasksWaitingCleanUp
                0x2000295c        0x4 ./amazon-freertos/FreeRTOS/tasks.o
 .bss.xSuspendedTaskList
                0x20002960       0x14 ./amazon-freertos/FreeRTOS/tasks.o
 .bss.uxCurrentNumberOfTasks
                0x20002974        0x4 ./amazon-freertos/FreeRTOS/tasks.o
 .bss.xTickCount
                0x20002978        0x4 ./amazon-freertos/FreeRTOS/tasks.o
 .bss.uxTopReadyPriority
                0x2000297c        0x4 ./amazon-freertos/FreeRTOS/tasks.o
 .bss.xSchedulerRunning
                0x20002980        0x4 ./amazon-freertos/FreeRTOS/tasks.o
 .bss.uxPendedTicks
                0x20002984        0x4 ./amazon-freertos/FreeRTOS/tasks.o
 .bss.xYieldPending
                0x20002988        0x4 ./amazon-freertos/FreeRTOS/tasks.o
 .bss.xNumOfOverflows
                0x2000298c        0x4 ./amazon-freertos/FreeRTOS/tasks.o
 .bss.uxTaskNumber
                0x20002990        0x4 ./amazon-freertos/FreeRTOS/tasks.o
 .bss.xNextTaskUnblockTime
                0x20002994        0x4 ./amazon-freertos/FreeRTOS/tasks.o
 .bss.xIdleTaskHandle
                0x20002998        0x4 ./amazon-freertos/FreeRTOS/tasks.o
 .bss.uxSchedulerSuspended
                0x2000299c        0x4 ./amazon-freertos/FreeRTOS/tasks.o
 .bss.xActiveTimerList1
                0x200029a0       0x14 ./amazon-freertos/FreeRTOS/timers.o
 .bss.xActiveTimerList2
                0x200029b4       0x14 ./amazon-freertos/FreeRTOS/timers.o
 .bss.pxCurrentTimerList
                0x200029c8        0x4 ./amazon-freertos/FreeRTOS/timers.o
 .bss.pxOverflowTimerList
                0x200029cc        0x4 ./amazon-freertos/FreeRTOS/timers.o
 .bss.xTimerQueue
                0x200029d0        0x4 ./amazon-freertos/FreeRTOS/timers.o
 .bss.xTimerTaskHandle
                0x200029d4        0x4 ./amazon-freertos/FreeRTOS/timers.o
 .bss.xLastTime.5855
                0x200029d8        0x4 ./amazon-freertos/FreeRTOS/timers.o
 .bss.__Ciob    0x200029dc       0xb4 c:/nxp/mcuxpressoide_10.2.0_759/ide/tools/bin/../lib/gcc/arm-none-eabi/7.2.1/../../../../arm-none-eabi/lib/thumb/v7e-m/fpv4-sp/hard\libcr_semihost_nf.a(__ciob.o)
                0x200029dc                __Ciob
 .bss.__end_of_heap
                0x20002a90        0x4 c:/nxp/mcuxpressoide_10.2.0_759/ide/tools/bin/../lib/gcc/arm-none-eabi/7.2.1/../../../../arm-none-eabi/lib/thumb/v7e-m/fpv4-sp/hard\libcr_c.a(__init_alloc.o)
                0x20002a90                __end_of_heap
 .bss.__heaps   0x20002a94        0x4 c:/nxp/mcuxpressoide_10.2.0_759/ide/tools/bin/../lib/gcc/arm-none-eabi/7.2.1/../../../../arm-none-eabi/lib/thumb/v7e-m/fpv4-sp/hard\libcr_c.a(__init_alloc.o)
                0x20002a94                __heaps
 .bss.errno     0x20002a98        0x4 c:/nxp/mcuxpressoide_10.2.0_759/ide/tools/bin/../lib/gcc/arm-none-eabi/7.2.1/../../../../arm-none-eabi/lib/thumb/v7e-m/fpv4-sp/hard\libcr_c.a(errno.o)
                0x20002a98                errno
 .bss.ucMaxSysCallPriority
                0x20002a9c        0x1 ./amazon-freertos/FreeRTOS/portable/port.o
 *(SORT_BY_ALIGNMENT(COMMON))
                0x20002aa0                . = ALIGN (0x8)
 *fill*         0x20002a9d        0x3 
                0x20002aa0                _ebss = .
                [!provide]                PROVIDE (end, .)

.noinit_RAM2    0x1fff0000        0x0
 *(SORT_BY_ALIGNMENT(.noinit.$RAM2*))
 *(SORT_BY_ALIGNMENT(.noinit.$SRAM_LOWER*))
                0x1fff0000                . = ALIGN (0x8)

.noinit_RAM3    0x14000000        0x0
 *(SORT_BY_ALIGNMENT(.noinit.$RAM3*))
 *(SORT_BY_ALIGNMENT(.noinit.$FLEX_RAM*))
                0x14000000                . = ALIGN (0x8)

.noinit         0x20002aa0        0x0
                0x20002aa0                _noinit = .
 *(SORT_BY_ALIGNMENT(.noinit*))
                0x20002aa0                . = ALIGN (0x8)
                0x20002aa0                _end_noinit = .
                0x00001000                _HeapSize = 0x1000

.heap           0x20002aa0     0x1000
                0x20002aa0                _pvHeapStart = .
                0x20003aa0                . = (. + _HeapSize)
 *fill*         0x20002aa0     0x1000 
                0x20003aa0                . = ALIGN (0x8)
                0x20003aa0                _pvHeapLimit = .
                0x00001000                _StackSize = 0x1000

.heap2stackfill
                0x20003aa0     0x1000
                0x20004aa0                . = (. + _StackSize)
 *fill*         0x20003aa0     0x1000 

.stack          0x2002f000        0x0
                0x2002f000                _vStackBase = .
                0x2002f000                . = ALIGN (0x8)
                0x20030000                _vStackTop = (. + _StackSize)
                0x00000000                _image_start = LOADADDR (.text)
                0x00006310                _image_end = (LOADADDR (.data) + SIZEOF (.data))
                0x00006310                _image_size = (_image_end - _image_start)
OUTPUT(frdmk64f_freertos_mutex.axf elf32-littlearm)

.debug_info     0x00000000     0xc65e
 .debug_info    0x00000000      0x2b9 ./utilities/fsl_debug_console.o
 .debug_info    0x000002b9      0x820 ./utilities/fsl_io.o
 .debug_info    0x00000ad9      0x344 ./utilities/fsl_log.o
 .debug_info    0x00000e1d      0x8ac ./startup/startup_mk64f12.o
 .debug_info    0x000016c9      0x840 ./source/freertos_mutex.o
 .debug_info    0x00001f09       0x37 ./source/semihost_hardfault.o
 .debug_info    0x00001f40     0x1e9b ./drivers/fsl_clock.o
 .debug_info    0x00003ddb     0x19db ./drivers/fsl_uart.o
 .debug_info    0x000057b6      0x70e ./board/src/board.o
 .debug_info    0x00005ec4      0xaa2 ./board/src/clock_config.o
 .debug_info    0x00006966      0x64d ./board/pin_mux.o
 .debug_info    0x00006fb3       0xe1 ./amazon-freertos/portable/fsl_tickless_systick.o
 .debug_info    0x00007094      0x3e6 ./amazon-freertos/FreeRTOS/portable/heap_4.o
 .debug_info    0x0000747a      0x52a ./amazon-freertos/FreeRTOS/portable/port.o
 .debug_info    0x000079a4      0x2c5 ./amazon-freertos/FreeRTOS/list.o
 .debug_info    0x00007c69     0x168c ./amazon-freertos/FreeRTOS/queue.o
 .debug_info    0x000092f5     0x1f9b ./amazon-freertos/FreeRTOS/tasks.o
 .debug_info    0x0000b290      0xda1 ./amazon-freertos/FreeRTOS/timers.o
 .debug_info    0x0000c031      0x62d ./CMSIS/system_MK64F12.o

.debug_abbrev   0x00000000     0x21cf
 .debug_abbrev  0x00000000      0x104 ./utilities/fsl_debug_console.o
 .debug_abbrev  0x00000104      0x21d ./utilities/fsl_io.o
 .debug_abbrev  0x00000321      0x17d ./utilities/fsl_log.o
 .debug_abbrev  0x0000049e      0x159 ./startup/startup_mk64f12.o
 .debug_abbrev  0x000005f7      0x186 ./source/freertos_mutex.o
 .debug_abbrev  0x0000077d       0x2c ./source/semihost_hardfault.o
 .debug_abbrev  0x000007a9      0x31e ./drivers/fsl_clock.o
 .debug_abbrev  0x00000ac7      0x300 ./drivers/fsl_uart.o
 .debug_abbrev  0x00000dc7      0x159 ./board/src/board.o
 .debug_abbrev  0x00000f20      0x1f1 ./board/src/clock_config.o
 .debug_abbrev  0x00001111      0x196 ./board/pin_mux.o
 .debug_abbrev  0x000012a7       0x8f ./amazon-freertos/portable/fsl_tickless_systick.o
 .debug_abbrev  0x00001336      0x1e5 ./amazon-freertos/FreeRTOS/portable/heap_4.o
 .debug_abbrev  0x0000151b      0x249 ./amazon-freertos/FreeRTOS/portable/port.o
 .debug_abbrev  0x00001764      0x116 ./amazon-freertos/FreeRTOS/list.o
 .debug_abbrev  0x0000187a      0x2b3 ./amazon-freertos/FreeRTOS/queue.o
 .debug_abbrev  0x00001b2d      0x2fe ./amazon-freertos/FreeRTOS/tasks.o
 .debug_abbrev  0x00001e2b      0x253 ./amazon-freertos/FreeRTOS/timers.o
 .debug_abbrev  0x0000207e      0x151 ./CMSIS/system_MK64F12.o

.debug_aranges  0x00000000      0xdc0
 .debug_aranges
                0x00000000       0x30 ./utilities/fsl_debug_console.o
 .debug_aranges
                0x00000030       0x48 ./utilities/fsl_io.o
 .debug_aranges
                0x00000078       0x58 ./utilities/fsl_log.o
 .debug_aranges
                0x000000d0      0x330 ./startup/startup_mk64f12.o
 .debug_aranges
                0x00000400       0x48 ./source/freertos_mutex.o
 .debug_aranges
                0x00000448       0x20 ./source/semihost_hardfault.o
 .debug_aranges
                0x00000468      0x1e8 ./drivers/fsl_clock.o
 .debug_aranges
                0x00000650      0x170 ./drivers/fsl_uart.o
 .debug_aranges
                0x000007c0       0x20 ./board/src/board.o
 .debug_aranges
                0x000007e0       0x50 ./board/src/clock_config.o
 .debug_aranges
                0x00000830       0x30 ./board/pin_mux.o
 .debug_aranges
                0x00000860       0x20 ./amazon-freertos/portable/fsl_tickless_systick.o
 .debug_aranges
                0x00000880       0x50 ./amazon-freertos/FreeRTOS/portable/heap_4.o
 .debug_aranges
                0x000008d0       0x78 ./amazon-freertos/FreeRTOS/portable/port.o
 .debug_aranges
                0x00000948       0x40 ./amazon-freertos/FreeRTOS/list.o
 .debug_aranges
                0x00000988      0x130 ./amazon-freertos/FreeRTOS/queue.o
 .debug_aranges
                0x00000ab8      0x200 ./amazon-freertos/FreeRTOS/tasks.o
 .debug_aranges
                0x00000cb8       0xd8 ./amazon-freertos/FreeRTOS/timers.o
 .debug_aranges
                0x00000d90       0x30 ./CMSIS/system_MK64F12.o

.debug_ranges   0x00000000      0xc90
 .debug_ranges  0x00000000       0x20 ./utilities/fsl_debug_console.o
 .debug_ranges  0x00000020       0x38 ./utilities/fsl_io.o
 .debug_ranges  0x00000058       0x48 ./utilities/fsl_log.o
 .debug_ranges  0x000000a0      0x320 ./startup/startup_mk64f12.o
 .debug_ranges  0x000003c0       0x38 ./source/freertos_mutex.o
 .debug_ranges  0x000003f8       0x10 ./source/semihost_hardfault.o
 .debug_ranges  0x00000408      0x1d8 ./drivers/fsl_clock.o
 .debug_ranges  0x000005e0      0x160 ./drivers/fsl_uart.o
 .debug_ranges  0x00000740       0x10 ./board/src/board.o
 .debug_ranges  0x00000750       0x40 ./board/src/clock_config.o
 .debug_ranges  0x00000790       0x20 ./board/pin_mux.o
 .debug_ranges  0x000007b0       0x10 ./amazon-freertos/portable/fsl_tickless_systick.o
 .debug_ranges  0x000007c0       0x40 ./amazon-freertos/FreeRTOS/portable/heap_4.o
 .debug_ranges  0x00000800       0x68 ./amazon-freertos/FreeRTOS/portable/port.o
 .debug_ranges  0x00000868       0x30 ./amazon-freertos/FreeRTOS/list.o
 .debug_ranges  0x00000898      0x120 ./amazon-freertos/FreeRTOS/queue.o
 .debug_ranges  0x000009b8      0x1f0 ./amazon-freertos/FreeRTOS/tasks.o
 .debug_ranges  0x00000ba8       0xc8 ./amazon-freertos/FreeRTOS/timers.o
 .debug_ranges  0x00000c70       0x20 ./CMSIS/system_MK64F12.o

.debug_line     0x00000000     0x4ec1
 .debug_line    0x00000000      0x175 ./utilities/fsl_debug_console.o
 .debug_line    0x00000175      0x206 ./utilities/fsl_io.o
 .debug_line    0x0000037b      0x211 ./utilities/fsl_log.o
 .debug_line    0x0000058c      0x6d4 ./startup/startup_mk64f12.o
 .debug_line    0x00000c60      0x2c9 ./source/freertos_mutex.o
 .debug_line    0x00000f29       0x54 ./source/semihost_hardfault.o
 .debug_line    0x00000f7d      0x928 ./drivers/fsl_clock.o
 .debug_line    0x000018a5      0x938 ./drivers/fsl_uart.o
 .debug_line    0x000021dd      0x14b ./board/src/board.o
 .debug_line    0x00002328      0x1ee ./board/src/clock_config.o
 .debug_line    0x00002516      0x168 ./board/pin_mux.o
 .debug_line    0x0000267e      0x133 ./amazon-freertos/portable/fsl_tickless_systick.o
 .debug_line    0x000027b1      0x23f ./amazon-freertos/FreeRTOS/portable/heap_4.o
 .debug_line    0x000029f0      0x320 ./amazon-freertos/FreeRTOS/portable/port.o
 .debug_line    0x00002d10      0x1b5 ./amazon-freertos/FreeRTOS/list.o
 .debug_line    0x00002ec5      0xaca ./amazon-freertos/FreeRTOS/queue.o
 .debug_line    0x0000398f      0xe82 ./amazon-freertos/FreeRTOS/tasks.o
 .debug_line    0x00004811      0x528 ./amazon-freertos/FreeRTOS/timers.o
 .debug_line    0x00004d39      0x188 ./CMSIS/system_MK64F12.o

.debug_str      0x00000000     0x5d84
 .debug_str     0x00000000      0x393 ./utilities/fsl_debug_console.o
                                0x3d4 (size before relaxing)
 .debug_str     0x00000393      0x9e9 ./utilities/fsl_io.o
                                0xccf (size before relaxing)
 .debug_str     0x00000d7c       0x85 ./utilities/fsl_log.o
                                0x3a1 (size before relaxing)
 .debug_str     0x00000e01      0x7ed ./startup/startup_mk64f12.o
                                0x91f (size before relaxing)
 .debug_str     0x000015ee      0x43a ./source/freertos_mutex.o
                                0xc81 (size before relaxing)
 .debug_str     0x00001a28       0x1f ./source/semihost_hardfault.o
                                0x141 (size before relaxing)
 .debug_str     0x00001a47     0x11a2 ./drivers/fsl_clock.o
                               0x1cf5 (size before relaxing)
 .debug_str     0x00002be9      0xf38 ./drivers/fsl_uart.o
                               0x1e51 (size before relaxing)
 .debug_str     0x00003b21       0x3b ./board/src/board.o
                                0x73b (size before relaxing)
 .debug_str     0x00003b5c      0x226 ./board/src/clock_config.o
                                0xebe (size before relaxing)
 .debug_str     0x00003d82      0x164 ./board/pin_mux.o
                                0x6e7 (size before relaxing)
 .debug_str     0x00003ee6       0x4c ./amazon-freertos/portable/fsl_tickless_systick.o
                                0x246 (size before relaxing)
 .debug_str     0x00003f32      0x20b ./amazon-freertos/FreeRTOS/portable/heap_4.o
                                0x3f9 (size before relaxing)
 .debug_str     0x0000413d      0x1f7 ./amazon-freertos/FreeRTOS/portable/port.o
                                0x45c (size before relaxing)
 .debug_str     0x00004334      0x135 ./amazon-freertos/FreeRTOS/list.o
                                0x33c (size before relaxing)
 .debug_str     0x00004469      0x61b ./amazon-freertos/FreeRTOS/queue.o
                                0x950 (size before relaxing)
 .debug_str     0x00004a84      0xcd8 ./amazon-freertos/FreeRTOS/tasks.o
                               0x111b (size before relaxing)
 .debug_str     0x0000575c      0x518 ./amazon-freertos/FreeRTOS/timers.o
                                0x868 (size before relaxing)
 .debug_str     0x00005c74      0x110 ./CMSIS/system_MK64F12.o
                                0x3ea (size before relaxing)

.comment        0x00000000       0x7e
 .comment       0x00000000       0x7e ./utilities/fsl_debug_console.o
                                 0x7f (size before relaxing)
 .comment       0x0000007e       0x7f ./utilities/fsl_io.o
 .comment       0x0000007e       0x7f ./utilities/fsl_log.o
 .comment       0x0000007e       0x7f ./startup/startup_mk64f12.o
 .comment       0x0000007e       0x7f ./source/freertos_mutex.o
 .comment       0x0000007e       0x7f ./source/semihost_hardfault.o
 .comment       0x0000007e       0x7f ./drivers/fsl_clock.o
 .comment       0x0000007e       0x7f ./drivers/fsl_uart.o
 .comment       0x0000007e       0x7f ./board/src/board.o
 .comment       0x0000007e       0x7f ./board/src/clock_config.o
 .comment       0x0000007e       0x7f ./board/pin_mux.o
 .comment       0x0000007e       0x7f ./amazon-freertos/portable/fsl_tickless_systick.o
 .comment       0x0000007e       0x7f ./amazon-freertos/FreeRTOS/portable/heap_4.o
 .comment       0x0000007e       0x7f ./amazon-freertos/FreeRTOS/portable/port.o
 .comment       0x0000007e       0x7f ./amazon-freertos/FreeRTOS/list.o
 .comment       0x0000007e       0x7f ./amazon-freertos/FreeRTOS/queue.o
 .comment       0x0000007e       0x7f ./amazon-freertos/FreeRTOS/tasks.o
 .comment       0x0000007e       0x7f ./amazon-freertos/FreeRTOS/timers.o
 .comment       0x0000007e       0x7f ./CMSIS/system_MK64F12.o
 .comment       0x0000007e       0x7f c:/nxp/mcuxpressoide_10.2.0_759/ide/tools/bin/../lib/gcc/arm-none-eabi/7.2.1/../../../../arm-none-eabi/lib/thumb/v7e-m/fpv4-sp/hard\libcr_semihost_nf.a(_cr__main.o)
 .comment       0x0000007e       0x7f c:/nxp/mcuxpressoide_10.2.0_759/ide/tools/bin/../lib/gcc/arm-none-eabi/7.2.1/../../../../arm-none-eabi/lib/thumb/v7e-m/fpv4-sp/hard\libcr_semihost_nf.a(_cr_assert.o)
 .comment       0x0000007e       0x7f c:/nxp/mcuxpressoide_10.2.0_759/ide/tools/bin/../lib/gcc/arm-none-eabi/7.2.1/../../../../arm-none-eabi/lib/thumb/v7e-m/fpv4-sp/hard\libcr_semihost_nf.a(__ciob.o)
 .comment       0x0000007e       0x7f c:/nxp/mcuxpressoide_10.2.0_759/ide/tools/bin/../lib/gcc/arm-none-eabi/7.2.1/../../../../arm-none-eabi/lib/thumb/v7e-m/fpv4-sp/hard\libcr_c.a(memcpy.o)
 .comment       0x0000007e       0x7f c:/nxp/mcuxpressoide_10.2.0_759/ide/tools/bin/../lib/gcc/arm-none-eabi/7.2.1/../../../../arm-none-eabi/lib/thumb/v7e-m/fpv4-sp/hard\libcr_c.a(memset.o)
 .comment       0x0000007e       0x7f c:/nxp/mcuxpressoide_10.2.0_759/ide/tools/bin/../lib/gcc/arm-none-eabi/7.2.1/../../../../arm-none-eabi/lib/thumb/v7e-m/fpv4-sp/hard\libcr_c.a(_deferredlazyseek.o)
 .comment       0x0000007e       0x7f c:/nxp/mcuxpressoide_10.2.0_759/ide/tools/bin/../lib/gcc/arm-none-eabi/7.2.1/../../../../arm-none-eabi/lib/thumb/v7e-m/fpv4-sp/hard\libcr_c.a(_fflush.o)
 .comment       0x0000007e       0x7f c:/nxp/mcuxpressoide_10.2.0_759/ide/tools/bin/../lib/gcc/arm-none-eabi/7.2.1/../../../../arm-none-eabi/lib/thumb/v7e-m/fpv4-sp/hard\libcr_c.a(_writebuf.o)
 .comment       0x0000007e       0x7f c:/nxp/mcuxpressoide_10.2.0_759/ide/tools/bin/../lib/gcc/arm-none-eabi/7.2.1/../../../../arm-none-eabi/lib/thumb/v7e-m/fpv4-sp/hard\libcr_c.a(alloc.o)
 .comment       0x0000007e       0x7f c:/nxp/mcuxpressoide_10.2.0_759/ide/tools/bin/../lib/gcc/arm-none-eabi/7.2.1/../../../../arm-none-eabi/lib/thumb/v7e-m/fpv4-sp/hard\libcr_c.a(fputs.o)
 .comment       0x0000007e       0x7f c:/nxp/mcuxpressoide_10.2.0_759/ide/tools/bin/../lib/gcc/arm-none-eabi/7.2.1/../../../../arm-none-eabi/lib/thumb/v7e-m/fpv4-sp/hard\libcr_c.a(fseek.o)
 .comment       0x0000007e       0x7f c:/nxp/mcuxpressoide_10.2.0_759/ide/tools/bin/../lib/gcc/arm-none-eabi/7.2.1/../../../../arm-none-eabi/lib/thumb/v7e-m/fpv4-sp/hard\libcr_c.a(ftell.o)
 .comment       0x0000007e       0x7f c:/nxp/mcuxpressoide_10.2.0_759/ide/tools/bin/../lib/gcc/arm-none-eabi/7.2.1/../../../../arm-none-eabi/lib/thumb/v7e-m/fpv4-sp/hard\libcr_c.a(initio.o)
 .comment       0x0000007e       0x7f c:/nxp/mcuxpressoide_10.2.0_759/ide/tools/bin/../lib/gcc/arm-none-eabi/7.2.1/../../../../arm-none-eabi/lib/thumb/v7e-m/fpv4-sp/hard\libcr_c.a(printf.o)
 .comment       0x0000007e       0x7f c:/nxp/mcuxpressoide_10.2.0_759/ide/tools/bin/../lib/gcc/arm-none-eabi/7.2.1/../../../../arm-none-eabi/lib/thumb/v7e-m/fpv4-sp/hard\libcr_c.a(setvbuf.o)
 .comment       0x0000007e       0x7f c:/nxp/mcuxpressoide_10.2.0_759/ide/tools/bin/../lib/gcc/arm-none-eabi/7.2.1/../../../../arm-none-eabi/lib/thumb/v7e-m/fpv4-sp/hard\libcr_c.a(strlen.o)
 .comment       0x0000007e       0x7f c:/nxp/mcuxpressoide_10.2.0_759/ide/tools/bin/../lib/gcc/arm-none-eabi/7.2.1/../../../../arm-none-eabi/lib/thumb/v7e-m/fpv4-sp/hard\libcr_c.a(__init_alloc.o)
 .comment       0x0000007e       0x7f c:/nxp/mcuxpressoide_10.2.0_759/ide/tools/bin/../lib/gcc/arm-none-eabi/7.2.1/../../../../arm-none-eabi/lib/thumb/v7e-m/fpv4-sp/hard\libcr_c.a(_cr_sbrk.o)
 .comment       0x0000007e       0x7f c:/nxp/mcuxpressoide_10.2.0_759/ide/tools/bin/../lib/gcc/arm-none-eabi/7.2.1/../../../../arm-none-eabi/lib/thumb/v7e-m/fpv4-sp/hard\libcr_c.a(_fdopen.o)
 .comment       0x0000007e       0x7f c:/nxp/mcuxpressoide_10.2.0_759/ide/tools/bin/../lib/gcc/arm-none-eabi/7.2.1/../../../../arm-none-eabi/lib/thumb/v7e-m/fpv4-sp/hard\libcr_c.a(errno.o)
 .comment       0x0000007e       0x7f c:/nxp/mcuxpressoide_10.2.0_759/ide/tools/bin/../lib/gcc/arm-none-eabi/7.2.1/../../../../arm-none-eabi/lib/thumb/v7e-m/fpv4-sp/hard\libcr_c.a(fclose.o)
 .comment       0x0000007e       0x7f c:/nxp/mcuxpressoide_10.2.0_759/ide/tools/bin/../lib/gcc/arm-none-eabi/7.2.1/../../../../arm-none-eabi/lib/thumb/v7e-m/fpv4-sp/hard\libcr_c.a(fflush.o)
 .comment       0x0000007e       0x7f c:/nxp/mcuxpressoide_10.2.0_759/ide/tools/bin/../lib/gcc/arm-none-eabi/7.2.1/../../../../arm-none-eabi/lib/thumb/v7e-m/fpv4-sp/hard\libcr_c.a(remove.o)
 .comment       0x0000007e       0x7f c:/nxp/mcuxpressoide_10.2.0_759/ide/tools/bin/../lib/gcc/arm-none-eabi/7.2.1/../../../../arm-none-eabi/lib/thumb/v7e-m/fpv4-sp/hard\libcr_c.a(_cr_check_heap.o)
 .comment       0x0000007e       0x7f c:/nxp/mcuxpressoide_10.2.0_759/ide/tools/bin/../lib/gcc/arm-none-eabi/7.2.1/../../../../arm-none-eabi/lib/thumb/v7e-m/fpv4-sp/hard\libcr_c.a(_do_fflush.o)

.ARM.attributes
                0x00000000       0x37
 .ARM.attributes
                0x00000000       0x39 ./utilities/fsl_debug_console.o
 .ARM.attributes
                0x00000039       0x39 ./utilities/fsl_io.o
 .ARM.attributes
                0x00000072       0x39 ./utilities/fsl_log.o
 .ARM.attributes
                0x000000ab       0x39 ./startup/startup_mk64f12.o
 .ARM.attributes
                0x000000e4       0x39 ./source/freertos_mutex.o
 .ARM.attributes
                0x0000011d       0x39 ./source/semihost_hardfault.o
 .ARM.attributes
                0x00000156       0x39 ./drivers/fsl_clock.o
 .ARM.attributes
                0x0000018f       0x39 ./drivers/fsl_uart.o
 .ARM.attributes
                0x000001c8       0x39 ./board/src/board.o
 .ARM.attributes
                0x00000201       0x39 ./board/src/clock_config.o
 .ARM.attributes
                0x0000023a       0x39 ./board/pin_mux.o
 .ARM.attributes
                0x00000273       0x39 ./amazon-freertos/portable/fsl_tickless_systick.o
 .ARM.attributes
                0x000002ac       0x39 ./amazon-freertos/FreeRTOS/portable/heap_4.o
 .ARM.attributes
                0x000002e5       0x39 ./amazon-freertos/FreeRTOS/portable/port.o
 .ARM.attributes
                0x0000031e       0x39 ./amazon-freertos/FreeRTOS/list.o
 .ARM.attributes
                0x00000357       0x39 ./amazon-freertos/FreeRTOS/queue.o
 .ARM.attributes
                0x00000390       0x39 ./amazon-freertos/FreeRTOS/tasks.o
 .ARM.attributes
                0x000003c9       0x39 ./amazon-freertos/FreeRTOS/timers.o
 .ARM.attributes
                0x00000402       0x39 ./CMSIS/system_MK64F12.o
 .ARM.attributes
                0x0000043b       0x39 c:/nxp/mcuxpressoide_10.2.0_759/ide/tools/bin/../lib/gcc/arm-none-eabi/7.2.1/../../../../arm-none-eabi/lib/thumb/v7e-m/fpv4-sp/hard\libcr_semihost_nf.a(_cr__main.o)
 .ARM.attributes
                0x00000474       0x39 c:/nxp/mcuxpressoide_10.2.0_759/ide/tools/bin/../lib/gcc/arm-none-eabi/7.2.1/../../../../arm-none-eabi/lib/thumb/v7e-m/fpv4-sp/hard\libcr_semihost_nf.a(_cr_assert.o)
 .ARM.attributes
                0x000004ad       0x39 c:/nxp/mcuxpressoide_10.2.0_759/ide/tools/bin/../lib/gcc/arm-none-eabi/7.2.1/../../../../arm-none-eabi/lib/thumb/v7e-m/fpv4-sp/hard\libcr_semihost_nf.a(__ciob.o)
 .ARM.attributes
                0x000004e6       0x25 c:/nxp/mcuxpressoide_10.2.0_759/ide/tools/bin/../lib/gcc/arm-none-eabi/7.2.1/../../../../arm-none-eabi/lib/thumb/v7e-m/fpv4-sp/hard\libcr_semihost_nf.a(__sys_appexit.o)
 .ARM.attributes
                0x0000050b       0x39 c:/nxp/mcuxpressoide_10.2.0_759/ide/tools/bin/../lib/gcc/arm-none-eabi/7.2.1/../../../../arm-none-eabi/lib/thumb/v7e-m/fpv4-sp/hard\libcr_c.a(memcpy.o)
 .ARM.attributes
                0x00000544       0x39 c:/nxp/mcuxpressoide_10.2.0_759/ide/tools/bin/../lib/gcc/arm-none-eabi/7.2.1/../../../../arm-none-eabi/lib/thumb/v7e-m/fpv4-sp/hard\libcr_c.a(memset.o)
 .ARM.attributes
                0x0000057d       0x39 c:/nxp/mcuxpressoide_10.2.0_759/ide/tools/bin/../lib/gcc/arm-none-eabi/7.2.1/../../../../arm-none-eabi/lib/thumb/v7e-m/fpv4-sp/hard\libcr_c.a(_deferredlazyseek.o)
 .ARM.attributes
                0x000005b6       0x39 c:/nxp/mcuxpressoide_10.2.0_759/ide/tools/bin/../lib/gcc/arm-none-eabi/7.2.1/../../../../arm-none-eabi/lib/thumb/v7e-m/fpv4-sp/hard\libcr_c.a(_fflush.o)
 .ARM.attributes
                0x000005ef       0x39 c:/nxp/mcuxpressoide_10.2.0_759/ide/tools/bin/../lib/gcc/arm-none-eabi/7.2.1/../../../../arm-none-eabi/lib/thumb/v7e-m/fpv4-sp/hard\libcr_c.a(_writebuf.o)
 .ARM.attributes
                0x00000628       0x39 c:/nxp/mcuxpressoide_10.2.0_759/ide/tools/bin/../lib/gcc/arm-none-eabi/7.2.1/../../../../arm-none-eabi/lib/thumb/v7e-m/fpv4-sp/hard\libcr_c.a(alloc.o)
 .ARM.attributes
                0x00000661       0x39 c:/nxp/mcuxpressoide_10.2.0_759/ide/tools/bin/../lib/gcc/arm-none-eabi/7.2.1/../../../../arm-none-eabi/lib/thumb/v7e-m/fpv4-sp/hard\libcr_c.a(fputs.o)
 .ARM.attributes
                0x0000069a       0x39 c:/nxp/mcuxpressoide_10.2.0_759/ide/tools/bin/../lib/gcc/arm-none-eabi/7.2.1/../../../../arm-none-eabi/lib/thumb/v7e-m/fpv4-sp/hard\libcr_c.a(fseek.o)
 .ARM.attributes
                0x000006d3       0x39 c:/nxp/mcuxpressoide_10.2.0_759/ide/tools/bin/../lib/gcc/arm-none-eabi/7.2.1/../../../../arm-none-eabi/lib/thumb/v7e-m/fpv4-sp/hard\libcr_c.a(ftell.o)
 .ARM.attributes
                0x0000070c       0x39 c:/nxp/mcuxpressoide_10.2.0_759/ide/tools/bin/../lib/gcc/arm-none-eabi/7.2.1/../../../../arm-none-eabi/lib/thumb/v7e-m/fpv4-sp/hard\libcr_c.a(initio.o)
 .ARM.attributes
                0x00000745       0x39 c:/nxp/mcuxpressoide_10.2.0_759/ide/tools/bin/../lib/gcc/arm-none-eabi/7.2.1/../../../../arm-none-eabi/lib/thumb/v7e-m/fpv4-sp/hard\libcr_c.a(printf.o)
 .ARM.attributes
                0x0000077e       0x39 c:/nxp/mcuxpressoide_10.2.0_759/ide/tools/bin/../lib/gcc/arm-none-eabi/7.2.1/../../../../arm-none-eabi/lib/thumb/v7e-m/fpv4-sp/hard\libcr_c.a(setvbuf.o)
 .ARM.attributes
                0x000007b7       0x39 c:/nxp/mcuxpressoide_10.2.0_759/ide/tools/bin/../lib/gcc/arm-none-eabi/7.2.1/../../../../arm-none-eabi/lib/thumb/v7e-m/fpv4-sp/hard\libcr_c.a(strlen.o)
 .ARM.attributes
                0x000007f0       0x39 c:/nxp/mcuxpressoide_10.2.0_759/ide/tools/bin/../lib/gcc/arm-none-eabi/7.2.1/../../../../arm-none-eabi/lib/thumb/v7e-m/fpv4-sp/hard\libcr_c.a(__init_alloc.o)
 .ARM.attributes
                0x00000829       0x39 c:/nxp/mcuxpressoide_10.2.0_759/ide/tools/bin/../lib/gcc/arm-none-eabi/7.2.1/../../../../arm-none-eabi/lib/thumb/v7e-m/fpv4-sp/hard\libcr_c.a(_cr_sbrk.o)
 .ARM.attributes
                0x00000862       0x39 c:/nxp/mcuxpressoide_10.2.0_759/ide/tools/bin/../lib/gcc/arm-none-eabi/7.2.1/../../../../arm-none-eabi/lib/thumb/v7e-m/fpv4-sp/hard\libcr_c.a(_fdopen.o)
 .ARM.attributes
                0x0000089b       0x39 c:/nxp/mcuxpressoide_10.2.0_759/ide/tools/bin/../lib/gcc/arm-none-eabi/7.2.1/../../../../arm-none-eabi/lib/thumb/v7e-m/fpv4-sp/hard\libcr_c.a(errno.o)
 .ARM.attributes
                0x000008d4       0x39 c:/nxp/mcuxpressoide_10.2.0_759/ide/tools/bin/../lib/gcc/arm-none-eabi/7.2.1/../../../../arm-none-eabi/lib/thumb/v7e-m/fpv4-sp/hard\libcr_c.a(fclose.o)
 .ARM.attributes
                0x0000090d       0x39 c:/nxp/mcuxpressoide_10.2.0_759/ide/tools/bin/../lib/gcc/arm-none-eabi/7.2.1/../../../../arm-none-eabi/lib/thumb/v7e-m/fpv4-sp/hard\libcr_c.a(fflush.o)
 .ARM.attributes
                0x00000946       0x39 c:/nxp/mcuxpressoide_10.2.0_759/ide/tools/bin/../lib/gcc/arm-none-eabi/7.2.1/../../../../arm-none-eabi/lib/thumb/v7e-m/fpv4-sp/hard\libcr_c.a(remove.o)
 .ARM.attributes
                0x0000097f       0x39 c:/nxp/mcuxpressoide_10.2.0_759/ide/tools/bin/../lib/gcc/arm-none-eabi/7.2.1/../../../../arm-none-eabi/lib/thumb/v7e-m/fpv4-sp/hard\libcr_c.a(_cr_check_heap.o)
 .ARM.attributes
                0x000009b8       0x39 c:/nxp/mcuxpressoide_10.2.0_759/ide/tools/bin/../lib/gcc/arm-none-eabi/7.2.1/../../../../arm-none-eabi/lib/thumb/v7e-m/fpv4-sp/hard\libcr_c.a(_do_fflush.o)
 .ARM.attributes
                0x000009f1       0x25 c:/nxp/mcuxpressoide_10.2.0_759/ide/tools/bin/../lib/gcc/arm-none-eabi/7.2.1/thumb/v7e-m/fpv4-sp/hard\libcr_eabihelpers.a(memcpy.o)
 .ARM.attributes
                0x00000a16       0x25 c:/nxp/mcuxpressoide_10.2.0_759/ide/tools/bin/../lib/gcc/arm-none-eabi/7.2.1/../../../../arm-none-eabi/lib/thumb/v7e-m/fpv4-sp/hard\libcr_semihost_nf.a(__sys_close.o)
 .ARM.attributes
                0x00000a3b       0x25 c:/nxp/mcuxpressoide_10.2.0_759/ide/tools/bin/../lib/gcc/arm-none-eabi/7.2.1/../../../../arm-none-eabi/lib/thumb/v7e-m/fpv4-sp/hard\libcr_semihost_nf.a(__sys_flen.o)
 .ARM.attributes
                0x00000a60       0x25 c:/nxp/mcuxpressoide_10.2.0_759/ide/tools/bin/../lib/gcc/arm-none-eabi/7.2.1/../../../../arm-none-eabi/lib/thumb/v7e-m/fpv4-sp/hard\libcr_semihost_nf.a(__sys_istty.o)
 .ARM.attributes
                0x00000a85       0x25 c:/nxp/mcuxpressoide_10.2.0_759/ide/tools/bin/../lib/gcc/arm-none-eabi/7.2.1/../../../../arm-none-eabi/lib/thumb/v7e-m/fpv4-sp/hard\libcr_semihost_nf.a(__sys_remove.o)
 .ARM.attributes
                0x00000aaa       0x25 c:/nxp/mcuxpressoide_10.2.0_759/ide/tools/bin/../lib/gcc/arm-none-eabi/7.2.1/../../../../arm-none-eabi/lib/thumb/v7e-m/fpv4-sp/hard\libcr_semihost_nf.a(__sys_seek.o)
 .ARM.attributes
                0x00000acf       0x25 c:/nxp/mcuxpressoide_10.2.0_759/ide/tools/bin/../lib/gcc/arm-none-eabi/7.2.1/../../../../arm-none-eabi/lib/thumb/v7e-m/fpv4-sp/hard\libcr_semihost_nf.a(__sys_tmpnam.o)
 .ARM.attributes
                0x00000af4       0x25 c:/nxp/mcuxpressoide_10.2.0_759/ide/tools/bin/../lib/gcc/arm-none-eabi/7.2.1/../../../../arm-none-eabi/lib/thumb/v7e-m/fpv4-sp/hard\libcr_semihost_nf.a(__sys_write.o)

.debug_frame    0x00000000     0x31c0
 .debug_frame   0x00000000       0x6c ./utilities/fsl_debug_console.o
 .debug_frame   0x0000006c       0xe0 ./utilities/fsl_io.o
 .debug_frame   0x0000014c      0x120 ./utilities/fsl_log.o
 .debug_frame   0x0000026c      0x904 ./startup/startup_mk64f12.o
 .debug_frame   0x00000b70       0xe4 ./source/freertos_mutex.o
 .debug_frame   0x00000c54       0x20 ./source/semihost_hardfault.o
 .debug_frame   0x00000c74      0x820 ./drivers/fsl_clock.o
 .debug_frame   0x00001494      0x5ec ./drivers/fsl_uart.o
 .debug_frame   0x00001a80       0x34 ./board/src/board.o
 .debug_frame   0x00001ab4      0x108 ./board/src/clock_config.o
 .debug_frame   0x00001bbc       0x7c ./board/pin_mux.o
 .debug_frame   0x00001c38       0x30 ./amazon-freertos/portable/fsl_tickless_systick.o
 .debug_frame   0x00001c68      0x108 ./amazon-freertos/FreeRTOS/portable/heap_4.o
 .debug_frame   0x00001d70      0x188 ./amazon-freertos/FreeRTOS/portable/port.o
 .debug_frame   0x00001ef8       0xd8 ./amazon-freertos/FreeRTOS/list.o
 .debug_frame   0x00001fd0      0x530 ./amazon-freertos/FreeRTOS/queue.o
 .debug_frame   0x00002500      0x8c4 ./amazon-freertos/FreeRTOS/tasks.o
 .debug_frame   0x00002dc4      0x388 ./amazon-freertos/FreeRTOS/timers.o
 .debug_frame   0x0000314c       0x74 ./CMSIS/system_MK64F12.o
